Archive member included to satisfy reference by file (symbol)

c:/program files/stmicroelectronics/stm32cubeide_1.12.0/stm32cubeide/plugins/com.st.stm32cube.ide.mcu.externaltools.gnu-tools-for-stm32.10.3-2021.10.win32_1.0.200.202301161003/tools/bin/../lib/gcc/arm-none-eabi/10.3.1/../../../../arm-none-eabi/lib/thumb/v7-m/nofp\libc_nano.a(lib_a-errno.o)
                              ./Core/Src/syscalls.o (__errno)
c:/program files/stmicroelectronics/stm32cubeide_1.12.0/stm32cubeide/plugins/com.st.stm32cube.ide.mcu.externaltools.gnu-tools-for-stm32.10.3-2021.10.win32_1.0.200.202301161003/tools/bin/../lib/gcc/arm-none-eabi/10.3.1/../../../../arm-none-eabi/lib/thumb/v7-m/nofp\libc_nano.a(lib_a-exit.o)
                              c:/program files/stmicroelectronics/stm32cubeide_1.12.0/stm32cubeide/plugins/com.st.stm32cube.ide.mcu.externaltools.gnu-tools-for-stm32.10.3-2021.10.win32_1.0.200.202301161003/tools/bin/../lib/gcc/arm-none-eabi/10.3.1/../../../../arm-none-eabi/lib/thumb/v7-m/nofp/crt0.o (exit)
c:/program files/stmicroelectronics/stm32cubeide_1.12.0/stm32cubeide/plugins/com.st.stm32cube.ide.mcu.externaltools.gnu-tools-for-stm32.10.3-2021.10.win32_1.0.200.202301161003/tools/bin/../lib/gcc/arm-none-eabi/10.3.1/../../../../arm-none-eabi/lib/thumb/v7-m/nofp\libc_nano.a(lib_a-impure.o)
                              c:/program files/stmicroelectronics/stm32cubeide_1.12.0/stm32cubeide/plugins/com.st.stm32cube.ide.mcu.externaltools.gnu-tools-for-stm32.10.3-2021.10.win32_1.0.200.202301161003/tools/bin/../lib/gcc/arm-none-eabi/10.3.1/../../../../arm-none-eabi/lib/thumb/v7-m/nofp\libc_nano.a(lib_a-exit.o) (_global_impure_ptr)
c:/program files/stmicroelectronics/stm32cubeide_1.12.0/stm32cubeide/plugins/com.st.stm32cube.ide.mcu.externaltools.gnu-tools-for-stm32.10.3-2021.10.win32_1.0.200.202301161003/tools/bin/../lib/gcc/arm-none-eabi/10.3.1/../../../../arm-none-eabi/lib/thumb/v7-m/nofp\libc_nano.a(lib_a-init.o)
                              c:/program files/stmicroelectronics/stm32cubeide_1.12.0/stm32cubeide/plugins/com.st.stm32cube.ide.mcu.externaltools.gnu-tools-for-stm32.10.3-2021.10.win32_1.0.200.202301161003/tools/bin/../lib/gcc/arm-none-eabi/10.3.1/../../../../arm-none-eabi/lib/thumb/v7-m/nofp/crt0.o (__libc_init_array)
c:/program files/stmicroelectronics/stm32cubeide_1.12.0/stm32cubeide/plugins/com.st.stm32cube.ide.mcu.externaltools.gnu-tools-for-stm32.10.3-2021.10.win32_1.0.200.202301161003/tools/bin/../lib/gcc/arm-none-eabi/10.3.1/../../../../arm-none-eabi/lib/thumb/v7-m/nofp\libc_nano.a(lib_a-malloc.o)
                              ./Drivers/MAX30102/max30102_for_stm32_hal.o (malloc)
c:/program files/stmicroelectronics/stm32cubeide_1.12.0/stm32cubeide/plugins/com.st.stm32cube.ide.mcu.externaltools.gnu-tools-for-stm32.10.3-2021.10.win32_1.0.200.202301161003/tools/bin/../lib/gcc/arm-none-eabi/10.3.1/../../../../arm-none-eabi/lib/thumb/v7-m/nofp\libc_nano.a(lib_a-memcpy-stub.o)
                              ./Drivers/MAX30102/max30102_for_stm32_hal.o (memcpy)
c:/program files/stmicroelectronics/stm32cubeide_1.12.0/stm32cubeide/plugins/com.st.stm32cube.ide.mcu.externaltools.gnu-tools-for-stm32.10.3-2021.10.win32_1.0.200.202301161003/tools/bin/../lib/gcc/arm-none-eabi/10.3.1/../../../../arm-none-eabi/lib/thumb/v7-m/nofp\libc_nano.a(lib_a-memset.o)
                              c:/program files/stmicroelectronics/stm32cubeide_1.12.0/stm32cubeide/plugins/com.st.stm32cube.ide.mcu.externaltools.gnu-tools-for-stm32.10.3-2021.10.win32_1.0.200.202301161003/tools/bin/../lib/gcc/arm-none-eabi/10.3.1/../../../../arm-none-eabi/lib/thumb/v7-m/nofp/crt0.o (memset)
c:/program files/stmicroelectronics/stm32cubeide_1.12.0/stm32cubeide/plugins/com.st.stm32cube.ide.mcu.externaltools.gnu-tools-for-stm32.10.3-2021.10.win32_1.0.200.202301161003/tools/bin/../lib/gcc/arm-none-eabi/10.3.1/../../../../arm-none-eabi/lib/thumb/v7-m/nofp\libc_nano.a(lib_a-nano-freer.o)
                              c:/program files/stmicroelectronics/stm32cubeide_1.12.0/stm32cubeide/plugins/com.st.stm32cube.ide.mcu.externaltools.gnu-tools-for-stm32.10.3-2021.10.win32_1.0.200.202301161003/tools/bin/../lib/gcc/arm-none-eabi/10.3.1/../../../../arm-none-eabi/lib/thumb/v7-m/nofp\libc_nano.a(lib_a-malloc.o) (_free_r)
c:/program files/stmicroelectronics/stm32cubeide_1.12.0/stm32cubeide/plugins/com.st.stm32cube.ide.mcu.externaltools.gnu-tools-for-stm32.10.3-2021.10.win32_1.0.200.202301161003/tools/bin/../lib/gcc/arm-none-eabi/10.3.1/../../../../arm-none-eabi/lib/thumb/v7-m/nofp\libc_nano.a(lib_a-nano-mallocr.o)
                              c:/program files/stmicroelectronics/stm32cubeide_1.12.0/stm32cubeide/plugins/com.st.stm32cube.ide.mcu.externaltools.gnu-tools-for-stm32.10.3-2021.10.win32_1.0.200.202301161003/tools/bin/../lib/gcc/arm-none-eabi/10.3.1/../../../../arm-none-eabi/lib/thumb/v7-m/nofp\libc_nano.a(lib_a-malloc.o) (_malloc_r)
[...]
Memory Configuration

Name             Origin             Length             Attributes
RAM              0x0000000020000000 0x0000000000005000 xrw
FLASH            0x0000000008000000 0x0000000000020000 xr
*default*        0x0000000000000000 0xffffffffffffffff

Linker script and memory map

LOAD c:/program files/stmicroelectronics/stm32cubeide_1.12.0/stm32cubeide/plugins/com.st.stm32cube.ide.mcu.externaltools.gnu-tools-for-stm32.10.3-2021.10.win32_1.0.200.202301161003/tools/bin/../lib/gcc/arm-none-eabi/10.3.1/thumb/v7-m/nofp/crti.o
LOAD c:/program files/stmicroelectronics/stm32cubeide_1.12.0/stm32cubeide/plugins/com.st.stm32cube.ide.mcu.externaltools.gnu-tools-for-stm32.10.3-2021.10.win32_1.0.200.202301161003/tools/bin/../lib/gcc/arm-none-eabi/10.3.1/thumb/v7-m/nofp/crtbegin.o
LOAD c:/program files/stmicroelectronics/stm32cubeide_1.12.0/stm32cubeide/plugins/com.st.stm32cube.ide.mcu.externaltools.gnu-tools-for-stm32.10.3-2021.10.win32_1.0.200.202301161003/tools/bin/../lib/gcc/arm-none-eabi/10.3.1/../../../../arm-none-eabi/lib/thumb/v7-m/nofp/crt0.o
LOAD ./Alghoritms/spo2_algorithm.o
LOAD ./Core/Src/main.o
LOAD ./Core/Src/stm32f1xx_hal_msp.o
LOAD ./Core/Src/stm32f1xx_it.o
LOAD ./Core/Src/syscalls.o
LOAD ./Core/Src/sysmem.o
LOAD ./Core/Src/system_stm32f1xx.o
LOAD ./Core/Startup/startup_stm32f103cbtx.o
LOAD ./Drivers/MAX30102/max30102_for_stm32_hal.o
LOAD ./Drivers/STM32F1xx_HAL_Driver/Src/stm32f1xx_hal.o
LOAD ./Drivers/STM32F1xx_HAL_Driver/Src/stm32f1xx_hal_cortex.o
LOAD ./Drivers/STM32F1xx_HAL_Driver/Src/stm32f1xx_hal_dma.o
LOAD ./Drivers/STM32F1xx_HAL_Driver/Src/stm32f1xx_hal_exti.o
LOAD ./Drivers/STM32F1xx_HAL_Driver/Src/stm32f1xx_hal_flash.o
LOAD ./Drivers/STM32F1xx_HAL_Driver/Src/stm32f1xx_hal_flash_ex.o
LOAD ./Drivers/STM32F1xx_HAL_Driver/Src/stm32f1xx_hal_gpio.o
LOAD ./Drivers/STM32F1xx_HAL_Driver/Src/stm32f1xx_hal_gpio_ex.o
LOAD ./Drivers/STM32F1xx_HAL_Driver/Src/stm32f1xx_hal_i2c.o
LOAD ./Drivers/STM32F1xx_HAL_Driver/Src/stm32f1xx_hal_pwr.o
LOAD ./Drivers/STM32F1xx_HAL_Driver/Src/stm32f1xx_hal_rcc.o
LOAD ./Drivers/STM32F1xx_HAL_Driver/Src/stm32f1xx_hal_rcc_ex.o
LOAD ./Drivers/STM32F1xx_HAL_Driver/Src/stm32f1xx_hal_spi.o
LOAD ./Drivers/STM32F1xx_HAL_Driver/Src/stm32f1xx_hal_tim.o
LOAD ./Drivers/STM32F1xx_HAL_Driver/Src/stm32f1xx_hal_tim_ex.o
LOAD ./Drivers/STM32F1xx_HAL_Driver/Src/stm32f1xx_hal_uart.o
LOAD ./Drivers/W25Q/w25q_spi.o
LOAD ./Libraries/Src/SPI_Connection.o
LOAD ./Libraries/Src/protocol_parser.o
LOAD ./Libraries/Src/sensor_utils.o
START GROUP
LOAD c:/program files/stmicroelectronics/stm32cubeide_1.12.0/stm32cubeide/plugins/com.st.stm32cube.ide.mcu.externaltools.gnu-tools-for-stm32.10.3-2021.10.win32_1.0.200.202301161003/tools/bin/../lib/gcc/arm-none-eabi/10.3.1/../../../../arm-none-eabi/lib/thumb/v7-m/nofp\libc_nano.a
LOAD c:/program files/stmicroelectronics/stm32cubeide_1.12.0/stm32cubeide/plugins/com.st.stm32cube.ide.mcu.externaltools.gnu-tools-for-stm32.10.3-2021.10.win32_1.0.200.202301161003/tools/bin/../lib/gcc/arm-none-eabi/10.3.1/../../../../arm-none-eabi/lib/thumb/v7-m/nofp\libm.a
END GROUP
START GROUP
LOAD c:/program files/stmicroelectronics/stm32cubeide_1.12.0/stm32cubeide/plugins/com.st.stm32cube.ide.mcu.externaltools.gnu-tools-for-stm32.10.3-2021.10.win32_1.0.200.202301161003/tools/bin/../lib/gcc/arm-none-eabi/10.3.1/thumb/v7-m/nofp\libgcc.a
LOAD c:/program files/stmicroelectronics/stm32cubeide_1.12.0/stm32cubeide/plugins/com.st.stm32cube.ide.mcu.externaltools.gnu-tools-for-stm32.10.3-2021.10.win32_1.0.200.202301161003/tools/bin/../lib/gcc/arm-none-eabi/10.3.1/../../../../arm-none-eabi/lib/thumb/v7-m/nofp\libc_nano.a
END GROUP
START GROUP
LOAD c:/program files/stmicroelectronics/stm32cubeide_1.12.0/stm32cubeide/plugins/com.st.stm32cube.ide.mcu.externaltools.gnu-tools-for-stm32.10.3-2021.10.win32_1.0.200.202301161003/tools/bin/../lib/gcc/arm-none-eabi/10.3.1/thumb/v7-m/nofp\libgcc.a
LOAD c:/program files/stmicroelectronics/stm32cubeide_1.12.0/stm32cubeide/plugins/com.st.stm32cube.ide.mcu.externaltools.gnu-tools-for-stm32.10.3-2021.10.win32_1.0.200.202301161003/tools/bin/../lib/gcc/arm-none-eabi/10.3.1/../../../../arm-none-eabi/lib/thumb/v7-m/nofp\libc_nano.a
LOAD c:/program files/stmicroelectronics/stm32cubeide_1.12.0/stm32cubeide/plugins/com.st.stm32cube.ide.mcu.externaltools.gnu-tools-for-stm32.10.3-2021.10.win32_1.0.200.202301161003/tools/bin/../lib/gcc/arm-none-eabi/10.3.1/../../../../arm-none-eabi/lib/thumb/v7-m/nofp\libnosys.a
END GROUP
START GROUP
LOAD c:/program files/stmicroelectronics/stm32cubeide_1.12.0/stm32cubeide/plugins/com.st.stm32cube.ide.mcu.externaltools.gnu-tools-for-stm32.10.3-2021.10.win32_1.0.200.202301161003/tools/bin/../lib/gcc/arm-none-eabi/10.3.1/thumb/v7-m/nofp\libgcc.a
LOAD c:/program files/stmicroelectronics/stm32cubeide_1.12.0/stm32cubeide/plugins/com.st.stm32cube.ide.mcu.externaltools.gnu-tools-for-stm32.10.3-2021.10.win32_1.0.200.202301161003/tools/bin/../lib/gcc/arm-none-eabi/10.3.1/../../../../arm-none-eabi/lib/thumb/v7-m/nofp\libc_nano.a
LOAD c:/program files/stmicroelectronics/stm32cubeide_1.12.0/stm32cubeide/plugins/com.st.stm32cube.ide.mcu.externaltools.gnu-tools-for-stm32.10.3-2021.10.win32_1.0.200.202301161003/tools/bin/../lib/gcc/arm-none-eabi/10.3.1/../../../../arm-none-eabi/lib/thumb/v7-m/nofp\libnosys.a
END GROUP
LOAD c:/program files/stmicroelectronics/stm32cubeide_1.12.0/stm32cubeide/plugins/com.st.stm32cube.ide.mcu.externaltools.gnu-tools-for-stm32.10.3-2021.10.win32_1.0.200.202301161003/tools/bin/../lib/gcc/arm-none-eabi/10.3.1/thumb/v7-m/nofp/crtend.o
LOAD c:/program files/stmicroelectronics/stm32cubeide_1.12.0/stm32cubeide/plugins/com.st.stm32cube.ide.mcu.externaltools.gnu-tools-for-stm32.10.3-2021.10.win32_1.0.200.202301161003/tools/bin/../lib/gcc/arm-none-eabi/10.3.1/thumb/v7-m/nofp/crtn.o
                0x0000000020005000                _estack = (ORIGIN (RAM) + LENGTH (RAM))
                0x0000000000000200                _Min_Heap_Size = 0x200
                0x0000000000000400                _Min_Stack_Size = 0x400

.isr_vector     0x0000000008000000      0x10c
                0x0000000008000000                . = ALIGN (0x4)
 *(.isr_vector)
 .isr_vector    0x0000000008000000      0x10c ./Core/Startup/startup_stm32f103cbtx.o
                0x0000000008000000                g_pfnVectors
                0x000000000800010c                . = ALIGN (0x4)

.text           0x0000000008000110     0x8de0
                0x0000000008000110                . = ALIGN (0x4)
 *(.text)
 .text          0x0000000008000110       0x40 c:/program files/stmicroelectronics/stm32cubeide_1.12.0/stm32cubeide/plugins/com.st.stm32cube.ide.mcu.externaltools.gnu-tools-for-stm32.10.3-2021.10.win32_1.0.200.202301161003/tools/bin/../lib/gcc/arm-none-eabi/10.3.1/thumb/v7-m/nofp/crtbegin.o
 .text          0x0000000008000150       0x10 c:/program files/stmicroelectronics/stm32cubeide_1.12.0/stm32cubeide/plugins/com.st.stm32cube.ide.mcu.externaltools.gnu-tools-for-stm32.10.3-2021.10.win32_1.0.200.202301161003/tools/bin/../lib/gcc/arm-none-eabi/10.3.1/../../../../arm-none-eabi/lib/thumb/v7-m/nofp\libc_nano.a(lib_a-strlen.o)
                0x0000000008000150                strlen
 .text          0x0000000008000160      0x378 c:/program files/stmicroelectronics/stm32cubeide_1.12.0/stm32cubeide/plugins/com.st.stm32cube.ide.mcu.externaltools.gnu-tools-for-stm32.10.3-2021.10.win32_1.0.200.202301161003/tools/bin/../lib/gcc/arm-none-eabi/10.3.1/thumb/v7-m/nofp\libgcc.a(_arm_addsubdf3.o)
                0x0000000008000160                __aeabi_drsub
                0x0000000008000168                __aeabi_dsub
                0x0000000008000168                __subdf3
                0x000000000800016c                __aeabi_dadd
                0x000000000800016c                __adddf3
                0x00000000080003e4                __floatunsidf
                0x00000000080003e4                __aeabi_ui2d
                0x0000000008000404                __floatsidf
                0x0000000008000404                __aeabi_i2d
                0x0000000008000428                __aeabi_f2d
                0x0000000008000428                __extendsfdf2
                0x000000000800046c                __floatundidf
                0x000000000800046c                __aeabi_ul2d
                0x000000000800047c                __floatdidf
                0x000000000800047c                __aeabi_l2d
 .text          0x00000000080004d8      0x424 c:/program files/stmicroelectronics/stm32cubeide_1.12.0/stm32cubeide/plugins/com.st.stm32cube.ide.mcu.externaltools.gnu-tools-for-stm32.10.3-2021.10.win32_1.0.200.202301161003/tools/bin/../lib/gcc/arm-none-eabi/10.3.1/thumb/v7-m/nofp\libgcc.a(_arm_muldivdf3.o)
                0x00000000080004d8                __aeabi_dmul
                0x00000000080004d8                __muldf3
                0x000000000800072c                __divdf3
                0x000000000800072c                __aeabi_ddiv
 .text          0x00000000080008fc       0x40 c:/program files/stmicroelectronics/stm32cubeide_1.12.0/stm32cubeide/plugins/com.st.stm32cube.ide.mcu.externaltools.gnu-tools-for-stm32.10.3-2021.10.win32_1.0.200.202301161003/tools/bin/../lib/gcc/arm-none-eabi/10.3.1/thumb/v7-m/nofp\libgcc.a(_arm_fixunsdfsi.o)
                0x00000000080008fc                __aeabi_d2uiz
                0x00000000080008fc                __fixunsdfsi
 *(.text*)
 .text.maxim_heart_rate_and_oxygen_saturation
                0x000000000800093c      0x628 ./Alghoritms/spo2_algorithm.o
                0x000000000800093c                maxim_heart_rate_and_oxygen_saturation
 .text.maxim_find_peaks
                0x0000000008000f64       0x42 ./Alghoritms/spo2_algorithm.o
                0x0000000008000f64                maxim_find_peaks
 .text.maxim_peaks_above_min_height
                0x0000000008000fa6       0xe6 ./Alghoritms/spo2_algorithm.o
                0x0000000008000fa6                maxim_peaks_above_min_height
 .text.maxim_remove_close_peaks
                0x000000000800108c       0xc0 ./Alghoritms/spo2_algorithm.o
                0x000000000800108c                maxim_remove_close_peaks
 .text.maxim_sort_ascend
                0x000000000800114c       0x84 ./Alghoritms/spo2_algorithm.o
                0x000000000800114c                maxim_sort_ascend
 .text.maxim_sort_indices_descend
                0x00000000080011d0       0x96 ./Alghoritms/spo2_algorithm.o
                0x00000000080011d0                maxim_sort_indices_descend
 *fill*         0x0000000008001266        0x2 
 .text.writeDataToFlash
                0x0000000008001268       0x90 ./Core/Src/main.o
                0x0000000008001268                writeDataToFlash
 .text.main     0x00000000080012f8      0x188 ./Core/Src/main.o
                0x00000000080012f8                main
 .text.SystemClock_Config
                0x0000000008001480       0x8c ./Core/Src/main.o
                0x0000000008001480                SystemClock_Config
 .text.MX_I2C1_Init
                0x000000000800150c       0x5c ./Core/Src/main.o
 .text.MX_SPI1_Init
                0x0000000008001568       0x6c ./Core/Src/main.o
 .text.MX_SPI2_Init
                0x00000000080015d4       0x64 ./Core/Src/main.o
 .text.MX_TIM2_Init
                0x0000000008001638       0xfc ./Core/Src/main.o
 .text.MX_TIM3_Init
                0x0000000008001734       0x9c ./Core/Src/main.o
 .text.MX_TIM4_Init
                0x00000000080017d0       0x9c ./Core/Src/main.o
 .text.MX_USART1_UART_Init
                0x000000000800186c       0x54 ./Core/Src/main.o
 .text.MX_GPIO_Init
                0x00000000080018c0       0xec ./Core/Src/main.o
 .text.Error_Handler
                0x00000000080019ac        0xa ./Core/Src/main.o
                0x00000000080019ac                Error_Handler
 *fill*         0x00000000080019b6        0x2 
 .text.HAL_MspInit
                0x00000000080019b8       0x64 ./Core/Src/stm32f1xx_hal_msp.o
                0x00000000080019b8                HAL_MspInit
 .text.HAL_I2C_MspInit
                0x0000000008001a1c       0x7c ./Core/Src/stm32f1xx_hal_msp.o
                0x0000000008001a1c                HAL_I2C_MspInit
 .text.HAL_SPI_MspInit
                0x0000000008001a98      0x11c ./Core/Src/stm32f1xx_hal_msp.o
                0x0000000008001a98                HAL_SPI_MspInit
 .text.HAL_TIM_Base_MspInit
                0x0000000008001bb4       0xa8 ./Core/Src/stm32f1xx_hal_msp.o
                0x0000000008001bb4                HAL_TIM_Base_MspInit
 .text.HAL_TIM_MspPostInit
                0x0000000008001c5c       0x60 ./Core/Src/stm32f1xx_hal_msp.o
                0x0000000008001c5c                HAL_TIM_MspPostInit
 .text.HAL_UART_MspInit
                0x0000000008001cbc       0xa8 ./Core/Src/stm32f1xx_hal_msp.o
                0x0000000008001cbc                HAL_UART_MspInit
 .text.NMI_Handler
                0x0000000008001d64        0x6 ./Core/Src/stm32f1xx_it.o
                0x0000000008001d64                NMI_Handler
 .text.HardFault_Handler
                0x0000000008001d6a        0x6 ./Core/Src/stm32f1xx_it.o
                0x0000000008001d6a                HardFault_Handler
 .text.MemManage_Handler
                0x0000000008001d70        0x6 ./Core/Src/stm32f1xx_it.o
                0x0000000008001d70                MemManage_Handler
 .text.BusFault_Handler
                0x0000000008001d76        0x6 ./Core/Src/stm32f1xx_it.o
                0x0000000008001d76                BusFault_Handler
 .text.UsageFault_Handler
                0x0000000008001d7c        0x6 ./Core/Src/stm32f1xx_it.o
                0x0000000008001d7c                UsageFault_Handler
 .text.SVC_Handler
                0x0000000008001d82        0xc ./Core/Src/stm32f1xx_it.o
                0x0000000008001d82                SVC_Handler
 .text.DebugMon_Handler
                0x0000000008001d8e        0xc ./Core/Src/stm32f1xx_it.o
                0x0000000008001d8e                DebugMon_Handler
 .text.PendSV_Handler
                0x0000000008001d9a        0xc ./Core/Src/stm32f1xx_it.o
                0x0000000008001d9a                PendSV_Handler
 .text.SysTick_Handler
                0x0000000008001da6        0xc ./Core/Src/stm32f1xx_it.o
                0x0000000008001da6                SysTick_Handler
 *fill*         0x0000000008001db2        0x2 
 .text.TIM3_IRQHandler
                0x0000000008001db4       0x14 ./Core/Src/stm32f1xx_it.o
                0x0000000008001db4                TIM3_IRQHandler
 .text.TIM4_IRQHandler
                0x0000000008001dc8       0x1c ./Core/Src/stm32f1xx_it.o
                0x0000000008001dc8                TIM4_IRQHandler
 .text.SPI2_IRQHandler
                0x0000000008001de4       0x14 ./Core/Src/stm32f1xx_it.o
                0x0000000008001de4                SPI2_IRQHandler
 .text.USART1_IRQHandler
                0x0000000008001df8       0x1c ./Core/Src/stm32f1xx_it.o
                0x0000000008001df8                USART1_IRQHandler
 .text.EXTI15_10_IRQHandler
                0x0000000008001e14       0x10 ./Core/Src/stm32f1xx_it.o
                0x0000000008001e14                EXTI15_10_IRQHandler
 .text._sbrk    0x0000000008001e24       0x6c ./Core/Src/sysmem.o
                0x0000000008001e24                _sbrk
 .text.SystemInit
                0x0000000008001e90        0xc ./Core/Src/system_stm32f1xx.o
                0x0000000008001e90                SystemInit
 .text.Reset_Handler
                0x0000000008001e9c       0x48 ./Core/Startup/startup_stm32f103cbtx.o
                0x0000000008001e9c                Reset_Handler
 .text.Default_Handler
                0x0000000008001ee4        0x2 ./Core/Startup/startup_stm32f103cbtx.o
                0x0000000008001ee4                RTC_Alarm_IRQHandler
                0x0000000008001ee4                EXTI2_IRQHandler
                0x0000000008001ee4                TIM1_CC_IRQHandler
                0x0000000008001ee4                PVD_IRQHandler
                0x0000000008001ee4                EXTI3_IRQHandler
                0x0000000008001ee4                EXTI0_IRQHandler
                0x0000000008001ee4                I2C2_EV_IRQHandler
                0x0000000008001ee4                ADC1_2_IRQHandler
                0x0000000008001ee4                SPI1_IRQHandler
                0x0000000008001ee4                TAMPER_IRQHandler
                0x0000000008001ee4                DMA1_Channel4_IRQHandler
                0x0000000008001ee4                USART3_IRQHandler
                0x0000000008001ee4                RTC_IRQHandler
                0x0000000008001ee4                DMA1_Channel7_IRQHandler
                0x0000000008001ee4                CAN1_RX1_IRQHandler
                0x0000000008001ee4                I2C1_EV_IRQHandler
                0x0000000008001ee4                DMA1_Channel6_IRQHandler
                0x0000000008001ee4                RCC_IRQHandler
                0x0000000008001ee4                TIM1_TRG_COM_IRQHandler
                0x0000000008001ee4                DMA1_Channel1_IRQHandler
                0x0000000008001ee4                Default_Handler
                0x0000000008001ee4                EXTI9_5_IRQHandler
                0x0000000008001ee4                DMA1_Channel5_IRQHandler
                0x0000000008001ee4                EXTI4_IRQHandler
                0x0000000008001ee4                USB_LP_CAN1_RX0_IRQHandler
                0x0000000008001ee4                USB_HP_CAN1_TX_IRQHandler
                0x0000000008001ee4                DMA1_Channel3_IRQHandler
                0x0000000008001ee4                TIM1_UP_IRQHandler
                0x0000000008001ee4                WWDG_IRQHandler
                0x0000000008001ee4                TIM2_IRQHandler
                0x0000000008001ee4                TIM1_BRK_IRQHandler
                0x0000000008001ee4                EXTI1_IRQHandler
                0x0000000008001ee4                USART2_IRQHandler
                0x0000000008001ee4                I2C2_ER_IRQHandler
                0x0000000008001ee4                DMA1_Channel2_IRQHandler
                0x0000000008001ee4                CAN1_SCE_IRQHandler
                0x0000000008001ee4                FLASH_IRQHandler
                0x0000000008001ee4                I2C1_ER_IRQHandler
                0x0000000008001ee4                USBWakeUp_IRQHandler
 .text.max30102_init
                0x0000000008001ee6       0x66 ./Drivers/MAX30102/max30102_for_stm32_hal.o
                0x0000000008001ee6                max30102_init
 .text.max30102_write
                0x0000000008001f4c       0x68 ./Drivers/MAX30102/max30102_for_stm32_hal.o
                0x0000000008001f4c                max30102_write
 .text.max30102_read
                0x0000000008001fb4       0x4a ./Drivers/MAX30102/max30102_for_stm32_hal.o
                0x0000000008001fb4                max30102_read
 .text.max30102_reset
                0x0000000008001ffe       0x22 ./Drivers/MAX30102/max30102_for_stm32_hal.o
                0x0000000008001ffe                max30102_reset
 .text.max30102_set_a_full
                0x0000000008002020       0x50 ./Drivers/MAX30102/max30102_for_stm32_hal.o
                0x0000000008002020                max30102_set_a_full
 .text.max30102_set_alc_ovf
                0x0000000008002070       0x56 ./Drivers/MAX30102/max30102_for_stm32_hal.o
                0x0000000008002070                max30102_set_alc_ovf
 .text.max30102_set_die_temp_rdy
                0x00000000080020c6       0x30 ./Drivers/MAX30102/max30102_for_stm32_hal.o
                0x00000000080020c6                max30102_set_die_temp_rdy
 .text.max30102_set_die_temp_en
                0x00000000080020f6       0x30 ./Drivers/MAX30102/max30102_for_stm32_hal.o
                0x00000000080020f6                max30102_set_die_temp_en
 *fill*         0x0000000008002126        0x2 
 .text.max30102_interrupt_handler
                0x0000000008002128       0x94 ./Drivers/MAX30102/max30102_for_stm32_hal.o
                0x0000000008002128                max30102_interrupt_handler
 .text.max30102_shutdown
                0x00000000080021bc       0x48 ./Drivers/MAX30102/max30102_for_stm32_hal.o
                0x00000000080021bc                max30102_shutdown
 .text.max30102_set_mode
                0x0000000008002204       0x4c ./Drivers/MAX30102/max30102_for_stm32_hal.o
                0x0000000008002204                max30102_set_mode
 .text.max30102_set_sampling_rate
                0x0000000008002250       0x48 ./Drivers/MAX30102/max30102_for_stm32_hal.o
                0x0000000008002250                max30102_set_sampling_rate
 .text.max30102_set_led_pulse_width
                0x0000000008002298       0x46 ./Drivers/MAX30102/max30102_for_stm32_hal.o
                0x0000000008002298                max30102_set_led_pulse_width
 .text.max30102_set_adc_resolution
                0x00000000080022de       0x48 ./Drivers/MAX30102/max30102_for_stm32_hal.o
                0x00000000080022de                max30102_set_adc_resolution
 *fill*         0x0000000008002326        0x2 
 .text.max30102_set_led_current_1
                0x0000000008002328       0x50 ./Drivers/MAX30102/max30102_for_stm32_hal.o
                0x0000000008002328                max30102_set_led_current_1
 .text.max30102_set_led_current_2
                0x0000000008002378       0x50 ./Drivers/MAX30102/max30102_for_stm32_hal.o
                0x0000000008002378                max30102_set_led_current_2
 .text.max30102_set_fifo_config
                0x00000000080023c8       0x74 ./Drivers/MAX30102/max30102_for_stm32_hal.o
                0x00000000080023c8                max30102_set_fifo_config
 .text.max30102_clear_fifo
                0x000000000800243c       0x66 ./Drivers/MAX30102/max30102_for_stm32_hal.o
                0x000000000800243c                max30102_clear_fifo
 *fill*         0x00000000080024a2        0x2 
 .text.max30102_read_fifo
                0x00000000080024a4      0x14c ./Drivers/MAX30102/max30102_for_stm32_hal.o
                0x00000000080024a4                max30102_read_fifo
 .text.max30102_get_samples_for_processing
                0x00000000080025f0      0x188 ./Drivers/MAX30102/max30102_for_stm32_hal.o
                0x00000000080025f0                max30102_get_samples_for_processing
 .text.max30102_check_ready_data
                0x0000000008002778       0x22 ./Drivers/MAX30102/max30102_for_stm32_hal.o
                0x0000000008002778                max30102_check_ready_data
 .text.max30102_read_temp
                0x000000000800279a       0x2c ./Drivers/MAX30102/max30102_for_stm32_hal.o
                0x000000000800279a                max30102_read_temp
 .text.max30102_check
                0x00000000080027c6       0x2a ./Drivers/MAX30102/max30102_for_stm32_hal.o
                0x00000000080027c6                max30102_check
 .text.HAL_Init
                0x00000000080027f0       0x2c ./Drivers/STM32F1xx_HAL_Driver/Src/stm32f1xx_hal.o
                0x00000000080027f0                HAL_Init
 .text.HAL_InitTick
                0x000000000800281c       0x60 ./Drivers/STM32F1xx_HAL_Driver/Src/stm32f1xx_hal.o
                0x000000000800281c                HAL_InitTick
 .text.HAL_IncTick
                0x000000000800287c       0x24 ./Drivers/STM32F1xx_HAL_Driver/Src/stm32f1xx_hal.o
                0x000000000800287c                HAL_IncTick
 .text.HAL_GetTick
                0x00000000080028a0       0x14 ./Drivers/STM32F1xx_HAL_Driver/Src/stm32f1xx_hal.o
                0x00000000080028a0                HAL_GetTick
 .text.HAL_Delay
                0x00000000080028b4       0x48 ./Drivers/STM32F1xx_HAL_Driver/Src/stm32f1xx_hal.o
                0x00000000080028b4                HAL_Delay
 .text.__NVIC_SetPriorityGrouping
                0x00000000080028fc       0x48 ./Drivers/STM32F1xx_HAL_Driver/Src/stm32f1xx_hal_cortex.o
 .text.__NVIC_GetPriorityGrouping
                0x0000000008002944       0x1c ./Drivers/STM32F1xx_HAL_Driver/Src/stm32f1xx_hal_cortex.o
 .text.__NVIC_EnableIRQ
                0x0000000008002960       0x38 ./Drivers/STM32F1xx_HAL_Driver/Src/stm32f1xx_hal_cortex.o
 .text.__NVIC_SetPriority
                0x0000000008002998       0x54 ./Drivers/STM32F1xx_HAL_Driver/Src/stm32f1xx_hal_cortex.o
 .text.NVIC_EncodePriority
                0x00000000080029ec       0x64 ./Drivers/STM32F1xx_HAL_Driver/Src/stm32f1xx_hal_cortex.o
 .text.SysTick_Config
                0x0000000008002a50       0x44 ./Drivers/STM32F1xx_HAL_Driver/Src/stm32f1xx_hal_cortex.o
 .text.HAL_NVIC_SetPriorityGrouping
                0x0000000008002a94       0x16 ./Drivers/STM32F1xx_HAL_Driver/Src/stm32f1xx_hal_cortex.o
                0x0000000008002a94                HAL_NVIC_SetPriorityGrouping
 .text.HAL_NVIC_SetPriority
                0x0000000008002aaa       0x38 ./Drivers/STM32F1xx_HAL_Driver/Src/stm32f1xx_hal_cortex.o
                0x0000000008002aaa                HAL_NVIC_SetPriority
 .text.HAL_NVIC_EnableIRQ
                0x0000000008002ae2       0x1c ./Drivers/STM32F1xx_HAL_Driver/Src/stm32f1xx_hal_cortex.o
                0x0000000008002ae2                HAL_NVIC_EnableIRQ
 .text.HAL_SYSTICK_Config
                0x0000000008002afe       0x18 ./Drivers/STM32F1xx_HAL_Driver/Src/stm32f1xx_hal_cortex.o
                0x0000000008002afe                HAL_SYSTICK_Config
 .text.HAL_DMA_Abort
                0x0000000008002b16       0x74 ./Drivers/STM32F1xx_HAL_Driver/Src/stm32f1xx_hal_dma.o
                0x0000000008002b16                HAL_DMA_Abort
 *fill*         0x0000000008002b8a        0x2 
 .text.HAL_DMA_Abort_IT
                0x0000000008002b8c       0xec ./Drivers/STM32F1xx_HAL_Driver/Src/stm32f1xx_hal_dma.o
                0x0000000008002b8c                HAL_DMA_Abort_IT
 .text.HAL_GPIO_Init
                0x0000000008002c78      0x308 ./Drivers/STM32F1xx_HAL_Driver/Src/stm32f1xx_hal_gpio.o
                0x0000000008002c78                HAL_GPIO_Init
 .text.HAL_GPIO_ReadPin
                0x0000000008002f80       0x2e ./Drivers/STM32F1xx_HAL_Driver/Src/stm32f1xx_hal_gpio.o
                0x0000000008002f80                HAL_GPIO_ReadPin
 .text.HAL_GPIO_WritePin
                0x0000000008002fae       0x30 ./Drivers/STM32F1xx_HAL_Driver/Src/stm32f1xx_hal_gpio.o
                0x0000000008002fae                HAL_GPIO_WritePin
 .text.HAL_GPIO_TogglePin
                0x0000000008002fde       0x32 ./Drivers/STM32F1xx_HAL_Driver/Src/stm32f1xx_hal_gpio.o
                0x0000000008002fde                HAL_GPIO_TogglePin
 .text.HAL_GPIO_EXTI_IRQHandler
                0x0000000008003010       0x30 ./Drivers/STM32F1xx_HAL_Driver/Src/stm32f1xx_hal_gpio.o
                0x0000000008003010                HAL_GPIO_EXTI_IRQHandler
 .text.HAL_I2C_Init
                0x0000000008003040      0x288 ./Drivers/STM32F1xx_HAL_Driver/Src/stm32f1xx_hal_i2c.o
                0x0000000008003040                HAL_I2C_Init
 .text.HAL_I2C_Master_Transmit
                0x00000000080032c8      0x1fc ./Drivers/STM32F1xx_HAL_Driver/Src/stm32f1xx_hal_i2c.o
                0x00000000080032c8                HAL_I2C_Master_Transmit
 .text.HAL_I2C_Master_Receive
                0x00000000080034c4      0x4c0 ./Drivers/STM32F1xx_HAL_Driver/Src/stm32f1xx_hal_i2c.o
                0x00000000080034c4                HAL_I2C_Master_Receive
 .text.I2C_MasterRequestWrite
                0x0000000008003984      0x104 ./Drivers/STM32F1xx_HAL_Driver/Src/stm32f1xx_hal_i2c.o
 .text.I2C_MasterRequestRead
                0x0000000008003a88      0x19c ./Drivers/STM32F1xx_HAL_Driver/Src/stm32f1xx_hal_i2c.o
 .text.I2C_WaitOnFlagUntilTimeout
                0x0000000008003c24       0xae ./Drivers/STM32F1xx_HAL_Driver/Src/stm32f1xx_hal_i2c.o
 .text.I2C_WaitOnMasterAddressFlagUntilTimeout
                0x0000000008003cd2       0xfe ./Drivers/STM32F1xx_HAL_Driver/Src/stm32f1xx_hal_i2c.o
 .text.I2C_WaitOnTXEFlagUntilTimeout
                0x0000000008003dd0       0x82 ./Drivers/STM32F1xx_HAL_Driver/Src/stm32f1xx_hal_i2c.o
 .text.I2C_WaitOnBTFFlagUntilTimeout
                0x0000000008003e52       0x82 ./Drivers/STM32F1xx_HAL_Driver/Src/stm32f1xx_hal_i2c.o
 .text.I2C_WaitOnRXNEFlagUntilTimeout
                0x0000000008003ed4       0xac ./Drivers/STM32F1xx_HAL_Driver/Src/stm32f1xx_hal_i2c.o
 .text.I2C_IsAcknowledgeFailed
                0x0000000008003f80       0x5c ./Drivers/STM32F1xx_HAL_Driver/Src/stm32f1xx_hal_i2c.o
 .text.HAL_RCC_OscConfig
                0x0000000008003fdc      0x504 ./Drivers/STM32F1xx_HAL_Driver/Src/stm32f1xx_hal_rcc.o
                0x0000000008003fdc                HAL_RCC_OscConfig
 .text.HAL_RCC_ClockConfig
                0x00000000080044e0      0x1d4 ./Drivers/STM32F1xx_HAL_Driver/Src/stm32f1xx_hal_rcc.o
                0x00000000080044e0                HAL_RCC_ClockConfig
 .text.HAL_RCC_GetSysClockFreq
                0x00000000080046b4       0xc0 ./Drivers/STM32F1xx_HAL_Driver/Src/stm32f1xx_hal_rcc.o
                0x00000000080046b4                HAL_RCC_GetSysClockFreq
 .text.HAL_RCC_GetHCLKFreq
                0x0000000008004774       0x14 ./Drivers/STM32F1xx_HAL_Driver/Src/stm32f1xx_hal_rcc.o
                0x0000000008004774                HAL_RCC_GetHCLKFreq
 .text.HAL_RCC_GetPCLK1Freq
                0x0000000008004788       0x28 ./Drivers/STM32F1xx_HAL_Driver/Src/stm32f1xx_hal_rcc.o
                0x0000000008004788                HAL_RCC_GetPCLK1Freq
 .text.HAL_RCC_GetPCLK2Freq
                0x00000000080047b0       0x28 ./Drivers/STM32F1xx_HAL_Driver/Src/stm32f1xx_hal_rcc.o
                0x00000000080047b0                HAL_RCC_GetPCLK2Freq
 .text.RCC_Delay
                0x00000000080047d8       0x3c ./Drivers/STM32F1xx_HAL_Driver/Src/stm32f1xx_hal_rcc.o
 .text.HAL_SPI_Init
                0x0000000008004814      0x108 ./Drivers/STM32F1xx_HAL_Driver/Src/stm32f1xx_hal_spi.o
                0x0000000008004814                HAL_SPI_Init
 .text.HAL_SPI_Transmit
                0x000000000800491c      0x278 ./Drivers/STM32F1xx_HAL_Driver/Src/stm32f1xx_hal_spi.o
                0x000000000800491c                HAL_SPI_Transmit
 .text.HAL_SPI_Receive
                0x0000000008004b94      0x222 ./Drivers/STM32F1xx_HAL_Driver/Src/stm32f1xx_hal_spi.o
                0x0000000008004b94                HAL_SPI_Receive
 .text.HAL_SPI_TransmitReceive
                0x0000000008004db6      0x344 ./Drivers/STM32F1xx_HAL_Driver/Src/stm32f1xx_hal_spi.o
                0x0000000008004db6                HAL_SPI_TransmitReceive
 *fill*         0x00000000080050fa        0x2 
 .text.HAL_SPI_TransmitReceive_IT
                0x00000000080050fc      0x128 ./Drivers/STM32F1xx_HAL_Driver/Src/stm32f1xx_hal_spi.o
                0x00000000080050fc                HAL_SPI_TransmitReceive_IT
 .text.HAL_SPI_IRQHandler
                0x0000000008005224      0x1cc ./Drivers/STM32F1xx_HAL_Driver/Src/stm32f1xx_hal_spi.o
                0x0000000008005224                HAL_SPI_IRQHandler
 .text.HAL_SPI_RxCpltCallback
                0x00000000080053f0       0x12 ./Drivers/STM32F1xx_HAL_Driver/Src/stm32f1xx_hal_spi.o
                0x00000000080053f0                HAL_SPI_RxCpltCallback
 .text.HAL_SPI_ErrorCallback
                0x0000000008005402       0x12 ./Drivers/STM32F1xx_HAL_Driver/Src/stm32f1xx_hal_spi.o
                0x0000000008005402                HAL_SPI_ErrorCallback
 .text.SPI_DMAAbortOnError
                0x0000000008005414       0x28 ./Drivers/STM32F1xx_HAL_Driver/Src/stm32f1xx_hal_spi.o
 .text.SPI_2linesRxISR_8BIT
                0x000000000800543c       0x64 ./Drivers/STM32F1xx_HAL_Driver/Src/stm32f1xx_hal_spi.o
 .text.SPI_2linesTxISR_8BIT
                0x00000000080054a0       0x60 ./Drivers/STM32F1xx_HAL_Driver/Src/stm32f1xx_hal_spi.o
 .text.SPI_2linesRxISR_16BIT
                0x0000000008005500       0x60 ./Drivers/STM32F1xx_HAL_Driver/Src/stm32f1xx_hal_spi.o
 .text.SPI_2linesTxISR_16BIT
                0x0000000008005560       0x5e ./Drivers/STM32F1xx_HAL_Driver/Src/stm32f1xx_hal_spi.o
 *fill*         0x00000000080055be        0x2 
 .text.SPI_WaitFlagStateUntilTimeout
                0x00000000080055c0      0x110 ./Drivers/STM32F1xx_HAL_Driver/Src/stm32f1xx_hal_spi.o
 .text.SPI_EndRxTransaction
                0x00000000080056d0       0xa4 ./Drivers/STM32F1xx_HAL_Driver/Src/stm32f1xx_hal_spi.o
 .text.SPI_EndRxTxTransaction
                0x0000000008005774       0x3c ./Drivers/STM32F1xx_HAL_Driver/Src/stm32f1xx_hal_spi.o
 .text.SPI_CloseRxTx_ISR
                0x00000000080057b0       0xe8 ./Drivers/STM32F1xx_HAL_Driver/Src/stm32f1xx_hal_spi.o
 .text.HAL_TIM_Base_Init
                0x0000000008005898       0x9e ./Drivers/STM32F1xx_HAL_Driver/Src/stm32f1xx_hal_tim.o
                0x0000000008005898                HAL_TIM_Base_Init
 *fill*         0x0000000008005936        0x2 
 .text.HAL_TIM_Base_Start_IT
                0x0000000008005938       0xa4 ./Drivers/STM32F1xx_HAL_Driver/Src/stm32f1xx_hal_tim.o
                0x0000000008005938                HAL_TIM_Base_Start_IT
 .text.HAL_TIM_Base_Stop_IT
                0x00000000080059dc       0x5c ./Drivers/STM32F1xx_HAL_Driver/Src/stm32f1xx_hal_tim.o
                0x00000000080059dc                HAL_TIM_Base_Stop_IT
 .text.HAL_TIM_PWM_Init
                0x0000000008005a38       0x9e ./Drivers/STM32F1xx_HAL_Driver/Src/stm32f1xx_hal_tim.o
                0x0000000008005a38                HAL_TIM_PWM_Init
 .text.HAL_TIM_PWM_MspInit
                0x0000000008005ad6       0x12 ./Drivers/STM32F1xx_HAL_Driver/Src/stm32f1xx_hal_tim.o
                0x0000000008005ad6                HAL_TIM_PWM_MspInit
 .text.HAL_TIM_OnePulse_Init
                0x0000000008005ae8       0xa0 ./Drivers/STM32F1xx_HAL_Driver/Src/stm32f1xx_hal_tim.o
                0x0000000008005ae8                HAL_TIM_OnePulse_Init
 .text.HAL_TIM_OnePulse_MspInit
                0x0000000008005b88       0x12 ./Drivers/STM32F1xx_HAL_Driver/Src/stm32f1xx_hal_tim.o
                0x0000000008005b88                HAL_TIM_OnePulse_MspInit
 *fill*         0x0000000008005b9a        0x2 
 .text.HAL_TIM_OnePulse_Start
                0x0000000008005b9c       0xac ./Drivers/STM32F1xx_HAL_Driver/Src/stm32f1xx_hal_tim.o
                0x0000000008005b9c                HAL_TIM_OnePulse_Start
 .text.HAL_TIM_IRQHandler
                0x0000000008005c48      0x210 ./Drivers/STM32F1xx_HAL_Driver/Src/stm32f1xx_hal_tim.o
                0x0000000008005c48                HAL_TIM_IRQHandler
 .text.HAL_TIM_PWM_ConfigChannel
                0x0000000008005e58      0x17c ./Drivers/STM32F1xx_HAL_Driver/Src/stm32f1xx_hal_tim.o
                0x0000000008005e58                HAL_TIM_PWM_ConfigChannel
 .text.HAL_TIM_ConfigClockSource
                0x0000000008005fd4      0x188 ./Drivers/STM32F1xx_HAL_Driver/Src/stm32f1xx_hal_tim.o
                0x0000000008005fd4                HAL_TIM_ConfigClockSource
 .text.HAL_TIM_PeriodElapsedCallback
                0x000000000800615c       0x12 ./Drivers/STM32F1xx_HAL_Driver/Src/stm32f1xx_hal_tim.o
                0x000000000800615c                HAL_TIM_PeriodElapsedCallback
 .text.HAL_TIM_OC_DelayElapsedCallback
                0x000000000800616e       0x12 ./Drivers/STM32F1xx_HAL_Driver/Src/stm32f1xx_hal_tim.o
                0x000000000800616e                HAL_TIM_OC_DelayElapsedCallback
 .text.HAL_TIM_IC_CaptureCallback
                0x0000000008006180       0x12 ./Drivers/STM32F1xx_HAL_Driver/Src/stm32f1xx_hal_tim.o
                0x0000000008006180                HAL_TIM_IC_CaptureCallback
 .text.HAL_TIM_PWM_PulseFinishedCallback
                0x0000000008006192       0x12 ./Drivers/STM32F1xx_HAL_Driver/Src/stm32f1xx_hal_tim.o
                0x0000000008006192                HAL_TIM_PWM_PulseFinishedCallback
 .text.HAL_TIM_TriggerCallback
                0x00000000080061a4       0x12 ./Drivers/STM32F1xx_HAL_Driver/Src/stm32f1xx_hal_tim.o
                0x00000000080061a4                HAL_TIM_TriggerCallback
 *fill*         0x00000000080061b6        0x2 
 .text.TIM_Base_SetConfig
                0x00000000080061b8       0xc4 ./Drivers/STM32F1xx_HAL_Driver/Src/stm32f1xx_hal_tim.o
                0x00000000080061b8                TIM_Base_SetConfig
 .text.TIM_OC1_SetConfig
                0x000000000800627c       0xcc ./Drivers/STM32F1xx_HAL_Driver/Src/stm32f1xx_hal_tim.o
 .text.TIM_OC2_SetConfig
                0x0000000008006348       0xd4 ./Drivers/STM32F1xx_HAL_Driver/Src/stm32f1xx_hal_tim.o
                0x0000000008006348                TIM_OC2_SetConfig
 .text.TIM_OC3_SetConfig
                0x000000000800641c       0xd4 ./Drivers/STM32F1xx_HAL_Driver/Src/stm32f1xx_hal_tim.o
 .text.TIM_OC4_SetConfig
                0x00000000080064f0       0x9c ./Drivers/STM32F1xx_HAL_Driver/Src/stm32f1xx_hal_tim.o
 .text.TIM_TI1_ConfigInputStage
                0x000000000800658c       0x5c ./Drivers/STM32F1xx_HAL_Driver/Src/stm32f1xx_hal_tim.o
 .text.TIM_TI2_ConfigInputStage
                0x00000000080065e8       0x5e ./Drivers/STM32F1xx_HAL_Driver/Src/stm32f1xx_hal_tim.o
 .text.TIM_ITRx_SetConfig
                0x0000000008006646       0x34 ./Drivers/STM32F1xx_HAL_Driver/Src/stm32f1xx_hal_tim.o
 .text.TIM_ETR_SetConfig
                0x000000000800667a       0x3e ./Drivers/STM32F1xx_HAL_Driver/Src/stm32f1xx_hal_tim.o
                0x000000000800667a                TIM_ETR_SetConfig
 .text.TIM_CCxChannelCmd
                0x00000000080066b8       0x48 ./Drivers/STM32F1xx_HAL_Driver/Src/stm32f1xx_hal_tim.o
                0x00000000080066b8                TIM_CCxChannelCmd
 .text.HAL_TIMEx_MasterConfigSynchronization
                0x0000000008006700       0xbc ./Drivers/STM32F1xx_HAL_Driver/Src/stm32f1xx_hal_tim_ex.o
                0x0000000008006700                HAL_TIMEx_MasterConfigSynchronization
 .text.HAL_TIMEx_CommutCallback
                0x00000000080067bc       0x12 ./Drivers/STM32F1xx_HAL_Driver/Src/stm32f1xx_hal_tim_ex.o
                0x00000000080067bc                HAL_TIMEx_CommutCallback
 .text.HAL_TIMEx_BreakCallback
                0x00000000080067ce       0x12 ./Drivers/STM32F1xx_HAL_Driver/Src/stm32f1xx_hal_tim_ex.o
                0x00000000080067ce                HAL_TIMEx_BreakCallback
 .text.HAL_UART_Init
                0x00000000080067e0       0x9a ./Drivers/STM32F1xx_HAL_Driver/Src/stm32f1xx_hal_uart.o
                0x00000000080067e0                HAL_UART_Init
 .text.HAL_UART_Transmit
                0x000000000800687a      0x124 ./Drivers/STM32F1xx_HAL_Driver/Src/stm32f1xx_hal_uart.o
                0x000000000800687a                HAL_UART_Transmit
 .text.HAL_UART_Receive_IT
                0x000000000800699e       0x60 ./Drivers/STM32F1xx_HAL_Driver/Src/stm32f1xx_hal_uart.o
                0x000000000800699e                HAL_UART_Receive_IT
 *fill*         0x00000000080069fe        0x2 
 .text.HAL_UART_IRQHandler
                0x0000000008006a00      0x354 ./Drivers/STM32F1xx_HAL_Driver/Src/stm32f1xx_hal_uart.o
                0x0000000008006a00                HAL_UART_IRQHandler
 .text.HAL_UART_TxCpltCallback
                0x0000000008006d54       0x12 ./Drivers/STM32F1xx_HAL_Driver/Src/stm32f1xx_hal_uart.o
                0x0000000008006d54                HAL_UART_TxCpltCallback
 .text.HAL_UART_RxCpltCallback
                0x0000000008006d66       0x12 ./Drivers/STM32F1xx_HAL_Driver/Src/stm32f1xx_hal_uart.o
                0x0000000008006d66                HAL_UART_RxCpltCallback
 .text.HAL_UART_ErrorCallback
                0x0000000008006d78       0x12 ./Drivers/STM32F1xx_HAL_Driver/Src/stm32f1xx_hal_uart.o
                0x0000000008006d78                HAL_UART_ErrorCallback
 .text.HAL_UARTEx_RxEventCallback
                0x0000000008006d8a       0x16 ./Drivers/STM32F1xx_HAL_Driver/Src/stm32f1xx_hal_uart.o
                0x0000000008006d8a                HAL_UARTEx_RxEventCallback
 .text.UART_WaitOnFlagUntilTimeout
                0x0000000008006da0       0x94 ./Drivers/STM32F1xx_HAL_Driver/Src/stm32f1xx_hal_uart.o
 .text.UART_Start_Receive_IT
                0x0000000008006e34       0x72 ./Drivers/STM32F1xx_HAL_Driver/Src/stm32f1xx_hal_uart.o
                0x0000000008006e34                UART_Start_Receive_IT
 .text.UART_EndRxTransfer
                0x0000000008006ea6       0x58 ./Drivers/STM32F1xx_HAL_Driver/Src/stm32f1xx_hal_uart.o
 .text.UART_DMAAbortOnError
                0x0000000008006efe       0x28 ./Drivers/STM32F1xx_HAL_Driver/Src/stm32f1xx_hal_uart.o
 .text.UART_Transmit_IT
                0x0000000008006f26       0x9e ./Drivers/STM32F1xx_HAL_Driver/Src/stm32f1xx_hal_uart.o
 .text.UART_EndTransmit_IT
                0x0000000008006fc4       0x30 ./Drivers/STM32F1xx_HAL_Driver/Src/stm32f1xx_hal_uart.o
 .text.UART_Receive_IT
                0x0000000008006ff4      0x152 ./Drivers/STM32F1xx_HAL_Driver/Src/stm32f1xx_hal_uart.o
 *fill*         0x0000000008007146        0x2 
 .text.UART_SetConfig
                0x0000000008007148      0x11c ./Drivers/STM32F1xx_HAL_Driver/Src/stm32f1xx_hal_uart.o
 .text.SPI1_Send
                0x0000000008007264       0x28 ./Drivers/W25Q/w25q_spi.o
                0x0000000008007264                SPI1_Send
 .text.SPI1_Recv
                0x000000000800728c       0x28 ./Drivers/W25Q/w25q_spi.o
                0x000000000800728c                SPI1_Recv
 .text.W25_Reset
                0x00000000080072b4       0x38 ./Drivers/W25Q/w25q_spi.o
                0x00000000080072b4                W25_Reset
 .text.W25_Write_Enable
                0x00000000080072ec       0x34 ./Drivers/W25Q/w25q_spi.o
                0x00000000080072ec                W25_Write_Enable
 .text.W25_Write_Disable
                0x0000000008007320       0x34 ./Drivers/W25Q/w25q_spi.o
                0x0000000008007320                W25_Write_Disable
 .text.W25_Set_Block_Protect
                0x0000000008007354       0x14 ./Drivers/W25Q/w25q_spi.o
                0x0000000008007354                W25_Set_Block_Protect
 .text.W25_Wait_Write_End
                0x0000000008007368       0x64 ./Drivers/W25Q/w25q_spi.o
                0x0000000008007368                W25_Wait_Write_End
 .text.W25_Erase_Chip
                0x00000000080073cc       0x48 ./Drivers/W25Q/w25q_spi.o
                0x00000000080073cc                W25_Erase_Chip
 .text.W25_Write_Page
                0x0000000008007414      0x100 ./Drivers/W25Q/w25q_spi.o
                0x0000000008007414                W25_Write_Page
 .text.W25_Read_ID
                0x0000000008007514       0x50 ./Drivers/W25Q/w25q_spi.o
                0x0000000008007514                W25_Read_ID
 .text.W25_Ini  0x0000000008007564      0x34c ./Drivers/W25Q/w25q_spi.o
                0x0000000008007564                W25_Ini
 .text.W25_Read_Page
                0x00000000080078b0       0xf8 ./Drivers/W25Q/w25q_spi.o
                0x00000000080078b0                W25_Read_Page
 .text.HAL_GPIO_EXTI_Callback
                0x00000000080079a8       0x84 ./Libraries/Src/SPI_Connection.o
                0x00000000080079a8                HAL_GPIO_EXTI_Callback
 .text.fillBuffer
                0x0000000008007a2c       0x36 ./Libraries/Src/SPI_Connection.o
                0x0000000008007a2c                fillBuffer
 *fill*         0x0000000008007a62        0x2 
 .text.initSPIConnection
                0x0000000008007a64       0x2c ./Libraries/Src/SPI_Connection.o
                0x0000000008007a64                initSPIConnection
 .text.initResponseBuffer
                0x0000000008007a90       0x70 ./Libraries/Src/SPI_Connection.o
                0x0000000008007a90                initResponseBuffer
 .text.switchBuffer
                0x0000000008007b00       0x44 ./Libraries/Src/SPI_Connection.o
                0x0000000008007b00                switchBuffer
 .text.HAL_SPI_TxRxCpltCallback
                0x0000000008007b44       0x68 ./Libraries/Src/SPI_Connection.o
                0x0000000008007b44                HAL_SPI_TxRxCpltCallback
 .text.updateNumAvailableMeasData
                0x0000000008007bac       0xa0 ./Libraries/Src/protocol_parser.o
                0x0000000008007bac                updateNumAvailableMeasData
 .text.setFSMProtocolState
                0x0000000008007c4c       0x20 ./Libraries/Src/protocol_parser.o
                0x0000000008007c4c                setFSMProtocolState
 .text.fillDataFrame
                0x0000000008007c6c       0x9c ./Libraries/Src/protocol_parser.o
                0x0000000008007c6c                fillDataFrame
 .text.fillDataField
                0x0000000008007d08      0x108 ./Libraries/Src/protocol_parser.o
                0x0000000008007d08                fillDataField
 .text.fillResponseFrame
                0x0000000008007e10       0xac ./Libraries/Src/protocol_parser.o
                0x0000000008007e10                fillResponseFrame
 .text.sendPreviousResponse
                0x0000000008007ebc       0x28 ./Libraries/Src/protocol_parser.o
                0x0000000008007ebc                sendPreviousResponse
 .text.updateSavedResponse
                0x0000000008007ee4       0x88 ./Libraries/Src/protocol_parser.o
                0x0000000008007ee4                updateSavedResponse
 .text.parserFSM
                0x0000000008007f6c      0x320 ./Libraries/Src/protocol_parser.o
                0x0000000008007f6c                parserFSM
 .text.checkCRC32
                0x000000000800828c       0x5e ./Libraries/Src/protocol_parser.o
                0x000000000800828c                checkCRC32
 *fill*         0x00000000080082ea        0x2 
 .text.calculateCRC32
                0x00000000080082ec       0x58 ./Libraries/Src/protocol_parser.o
                0x00000000080082ec                calculateCRC32
 .text.sensorInit
                0x0000000008008344       0x34 ./Libraries/Src/protocol_parser.o
                0x0000000008008344                sensorInit
 .text.sendInitCTRL
                0x0000000008008378       0x20 ./Libraries/Src/protocol_parser.o
                0x0000000008008378                sendInitCTRL
 .text.sendRxCompleteCTRL
                0x0000000008008398       0x20 ./Libraries/Src/protocol_parser.o
                0x0000000008008398                sendRxCompleteCTRL
 .text.resetFSMProtocol
                0x00000000080083b8       0x30 ./Libraries/Src/protocol_parser.o
                0x00000000080083b8                resetFSMProtocol
 .text.sensorSelfCheck
                0x00000000080083e8       0x14 ./Libraries/Src/sensor_utils.o
                0x00000000080083e8                sensorSelfCheck
 .text.sensorChipInit
                0x00000000080083fc       0x8c ./Libraries/Src/sensor_utils.o
                0x00000000080083fc                sensorChipInit
 .text.resetSensorChip
                0x0000000008008488       0x20 ./Libraries/Src/sensor_utils.o
                0x0000000008008488                resetSensorChip
 .text.stopSensorChip
                0x00000000080084a8       0x14 ./Libraries/Src/sensor_utils.o
                0x00000000080084a8                stopSensorChip
 .text.enableSensorChip
                0x00000000080084bc       0x1c ./Libraries/Src/sensor_utils.o
                0x00000000080084bc                enableSensorChip
 .text.resetSensor
                0x00000000080084d8       0x50 ./Libraries/Src/sensor_utils.o
                0x00000000080084d8                resetSensor
 .text.startMeasurement
                0x0000000008008528       0x18 ./Libraries/Src/sensor_utils.o
                0x0000000008008528                startMeasurement
 .text.stopMeasurement
                0x0000000008008540       0x20 ./Libraries/Src/sensor_utils.o
                0x0000000008008540                stopMeasurement
 .text.__errno  0x0000000008008560        0xc c:/program files/stmicroelectronics/stm32cubeide_1.12.0/stm32cubeide/plugins/com.st.stm32cube.ide.mcu.externaltools.gnu-tools-for-stm32.10.3-2021.10.win32_1.0.200.202301161003/tools/bin/../lib/gcc/arm-none-eabi/10.3.1/../../../../arm-none-eabi/lib/thumb/v7-m/nofp\libc_nano.a(lib_a-errno.o)
                0x0000000008008560                __errno
 .text.__libc_init_array
                0x000000000800856c       0x48 c:/program files/stmicroelectronics/stm32cubeide_1.12.0/stm32cubeide/plugins/com.st.stm32cube.ide.mcu.externaltools.gnu-tools-for-stm32.10.3-2021.10.win32_1.0.200.202301161003/tools/bin/../lib/gcc/arm-none-eabi/10.3.1/../../../../arm-none-eabi/lib/thumb/v7-m/nofp\libc_nano.a(lib_a-init.o)
                0x000000000800856c                __libc_init_array
 .text.malloc   0x00000000080085b4       0x10 c:/program files/stmicroelectronics/stm32cubeide_1.12.0/stm32cubeide/plugins/com.st.stm32cube.ide.mcu.externaltools.gnu-tools-for-stm32.10.3-2021.10.win32_1.0.200.202301161003/tools/bin/../lib/gcc/arm-none-eabi/10.3.1/../../../../arm-none-eabi/lib/thumb/v7-m/nofp\libc_nano.a(lib_a-malloc.o)
                0x00000000080085b4                malloc
 .text.free     0x00000000080085c4       0x10 c:/program files/stmicroelectronics/stm32cubeide_1.12.0/stm32cubeide/plugins/com.st.stm32cube.ide.mcu.externaltools.gnu-tools-for-stm32.10.3-2021.10.win32_1.0.200.202301161003/tools/bin/../lib/gcc/arm-none-eabi/10.3.1/../../../../arm-none-eabi/lib/thumb/v7-m/nofp\libc_nano.a(lib_a-malloc.o)
                0x00000000080085c4                free
 .text.memcpy   0x00000000080085d4       0x1c c:/program files/stmicroelectronics/stm32cubeide_1.12.0/stm32cubeide/plugins/com.st.stm32cube.ide.mcu.externaltools.gnu-tools-for-stm32.10.3-2021.10.win32_1.0.200.202301161003/tools/bin/../lib/gcc/arm-none-eabi/10.3.1/../../../../arm-none-eabi/lib/thumb/v7-m/nofp\libc_nano.a(lib_a-memcpy-stub.o)
                0x00000000080085d4                memcpy
 .text.memset   0x00000000080085f0       0x10 c:/program files/stmicroelectronics/stm32cubeide_1.12.0/stm32cubeide/plugins/com.st.stm32cube.ide.mcu.externaltools.gnu-tools-for-stm32.10.3-2021.10.win32_1.0.200.202301161003/tools/bin/../lib/gcc/arm-none-eabi/10.3.1/../../../../arm-none-eabi/lib/thumb/v7-m/nofp\libc_nano.a(lib_a-memset.o)
                0x00000000080085f0                memset
 .text._free_r  0x0000000008008600       0x90 c:/program files/stmicroelectronics/stm32cubeide_1.12.0/stm32cubeide/plugins/com.st.stm32cube.ide.mcu.externaltools.gnu-tools-for-stm32.10.3-2021.10.win32_1.0.200.202301161003/tools/bin/../lib/gcc/arm-none-eabi/10.3.1/../../../../arm-none-eabi/lib/thumb/v7-m/nofp\libc_nano.a(lib_a-nano-freer.o)
                0x0000000008008600                _free_r
 .text.sbrk_aligned
                0x0000000008008690       0x40 c:/program files/stmicroelectronics/stm32cubeide_1.12.0/stm32cubeide/plugins/com.st.stm32cube.ide.mcu.externaltools.gnu-tools-for-stm32.10.3-2021.10.win32_1.0.200.202301161003/tools/bin/../lib/gcc/arm-none-eabi/10.3.1/../../../../arm-none-eabi/lib/thumb/v7-m/nofp\libc_nano.a(lib_a-nano-mallocr.o)
 .text._malloc_r
                0x00000000080086d0       0xe8 c:/program files/stmicroelectronics/stm32cubeide_1.12.0/stm32cubeide/plugins/com.st.stm32cube.ide.mcu.externaltools.gnu-tools-for-stm32.10.3-2021.10.win32_1.0.200.202301161003/tools/bin/../lib/gcc/arm-none-eabi/10.3.1/../../../../arm-none-eabi/lib/thumb/v7-m/nofp\libc_nano.a(lib_a-nano-mallocr.o)
                0x00000000080086d0                _malloc_r
 .text._sbrk_r  0x00000000080087b8       0x20 c:/program files/stmicroelectronics/stm32cubeide_1.12.0/stm32cubeide/plugins/com.st.stm32cube.ide.mcu.externaltools.gnu-tools-for-stm32.10.3-2021.10.win32_1.0.200.202301161003/tools/bin/../lib/gcc/arm-none-eabi/10.3.1/../../../../arm-none-eabi/lib/thumb/v7-m/nofp\libc_nano.a(lib_a-sbrkr.o)
                0x00000000080087b8                _sbrk_r
 .text.sprintf  0x00000000080087d8       0x40 c:/program files/stmicroelectronics/stm32cubeide_1.12.0/stm32cubeide/plugins/com.st.stm32cube.ide.mcu.externaltools.gnu-tools-for-stm32.10.3-2021.10.win32_1.0.200.202301161003/tools/bin/../lib/gcc/arm-none-eabi/10.3.1/../../../../arm-none-eabi/lib/thumb/v7-m/nofp\libc_nano.a(lib_a-sprintf.o)
                0x00000000080087d8                siprintf
                0x00000000080087d8                sprintf
 .text.__malloc_lock
                0x0000000008008818        0xc c:/program files/stmicroelectronics/stm32cubeide_1.12.0/stm32cubeide/plugins/com.st.stm32cube.ide.mcu.externaltools.gnu-tools-for-stm32.10.3-2021.10.win32_1.0.200.202301161003/tools/bin/../lib/gcc/arm-none-eabi/10.3.1/../../../../arm-none-eabi/lib/thumb/v7-m/nofp\libc_nano.a(lib_a-mlock.o)
                0x0000000008008818                __malloc_lock
 .text.__malloc_unlock
                0x0000000008008824        0xc c:/program files/stmicroelectronics/stm32cubeide_1.12.0/stm32cubeide/plugins/com.st.stm32cube.ide.mcu.externaltools.gnu-tools-for-stm32.10.3-2021.10.win32_1.0.200.202301161003/tools/bin/../lib/gcc/arm-none-eabi/10.3.1/../../../../arm-none-eabi/lib/thumb/v7-m/nofp\libc_nano.a(lib_a-mlock.o)
                0x0000000008008824                __malloc_unlock
 .text.__ssputs_r
                0x0000000008008830       0xb6 c:/program files/stmicroelectronics/stm32cubeide_1.12.0/stm32cubeide/plugins/com.st.stm32cube.ide.mcu.externaltools.gnu-tools-for-stm32.10.3-2021.10.win32_1.0.200.202301161003/tools/bin/../lib/gcc/arm-none-eabi/10.3.1/../../../../arm-none-eabi/lib/thumb/v7-m/nofp\libc_nano.a(lib_a-nano-svfprintf.o)
                0x0000000008008830                __ssputs_r
 *fill*         0x00000000080088e6        0x2 
 .text._svfprintf_r
                0x00000000080088e8      0x200 c:/program files/stmicroelectronics/stm32cubeide_1.12.0/stm32cubeide/plugins/com.st.stm32cube.ide.mcu.externaltools.gnu-tools-for-stm32.10.3-2021.10.win32_1.0.200.202301161003/tools/bin/../lib/gcc/arm-none-eabi/10.3.1/../../../../arm-none-eabi/lib/thumb/v7-m/nofp\libc_nano.a(lib_a-nano-svfprintf.o)
                0x00000000080088e8                _svfiprintf_r
                0x00000000080088e8                _svfprintf_r
 .text._printf_common
                0x0000000008008ae8       0xde c:/program files/stmicroelectronics/stm32cubeide_1.12.0/stm32cubeide/plugins/com.st.stm32cube.ide.mcu.externaltools.gnu-tools-for-stm32.10.3-2021.10.win32_1.0.200.202301161003/tools/bin/../lib/gcc/arm-none-eabi/10.3.1/../../../../arm-none-eabi/lib/thumb/v7-m/nofp\libc_nano.a(lib_a-nano-vfprintf_i.o)
                0x0000000008008ae8                _printf_common
 *fill*         0x0000000008008bc6        0x2 
 .text._printf_i
                0x0000000008008bc8      0x24c c:/program files/stmicroelectronics/stm32cubeide_1.12.0/stm32cubeide/plugins/com.st.stm32cube.ide.mcu.externaltools.gnu-tools-for-stm32.10.3-2021.10.win32_1.0.200.202301161003/tools/bin/../lib/gcc/arm-none-eabi/10.3.1/../../../../arm-none-eabi/lib/thumb/v7-m/nofp\libc_nano.a(lib_a-nano-vfprintf_i.o)
                0x0000000008008bc8                _printf_i
 .text.__retarget_lock_acquire_recursive
                0x0000000008008e14        0x2 c:/program files/stmicroelectronics/stm32cubeide_1.12.0/stm32cubeide/plugins/com.st.stm32cube.ide.mcu.externaltools.gnu-tools-for-stm32.10.3-2021.10.win32_1.0.200.202301161003/tools/bin/../lib/gcc/arm-none-eabi/10.3.1/../../../../arm-none-eabi/lib/thumb/v7-m/nofp\libc_nano.a(lib_a-lock.o)
                0x0000000008008e14                __retarget_lock_acquire_recursive
 .text.__retarget_lock_release_recursive
                0x0000000008008e16        0x2 c:/program files/stmicroelectronics/stm32cubeide_1.12.0/stm32cubeide/plugins/com.st.stm32cube.ide.mcu.externaltools.gnu-tools-for-stm32.10.3-2021.10.win32_1.0.200.202301161003/tools/bin/../lib/gcc/arm-none-eabi/10.3.1/../../../../arm-none-eabi/lib/thumb/v7-m/nofp\libc_nano.a(lib_a-lock.o)
                0x0000000008008e16                __retarget_lock_release_recursive
 .text.memchr   0x0000000008008e18       0x1c c:/program files/stmicroelectronics/stm32cubeide_1.12.0/stm32cubeide/plugins/com.st.stm32cube.ide.mcu.externaltools.gnu-tools-for-stm32.10.3-2021.10.win32_1.0.200.202301161003/tools/bin/../lib/gcc/arm-none-eabi/10.3.1/../../../../arm-none-eabi/lib/thumb/v7-m/nofp\libc_nano.a(lib_a-memchr-stub.o)
                0x0000000008008e18                memchr
 .text.memmove  0x0000000008008e34       0x34 c:/program files/stmicroelectronics/stm32cubeide_1.12.0/stm32cubeide/plugins/com.st.stm32cube.ide.mcu.externaltools.gnu-tools-for-stm32.10.3-2021.10.win32_1.0.200.202301161003/tools/bin/../lib/gcc/arm-none-eabi/10.3.1/../../../../arm-none-eabi/lib/thumb/v7-m/nofp\libc_nano.a(lib_a-memmove.o)
                0x0000000008008e34                memmove
 .text._realloc_r
                0x0000000008008e68       0x5e c:/program files/stmicroelectronics/stm32cubeide_1.12.0/stm32cubeide/plugins/com.st.stm32cube.ide.mcu.externaltools.gnu-tools-for-stm32.10.3-2021.10.win32_1.0.200.202301161003/tools/bin/../lib/gcc/arm-none-eabi/10.3.1/../../../../arm-none-eabi/lib/thumb/v7-m/nofp\libc_nano.a(lib_a-nano-reallocr.o)
                0x0000000008008e68                _realloc_r
 .text._malloc_usable_size_r
                0x0000000008008ec6       0x10 c:/program files/stmicroelectronics/stm32cubeide_1.12.0/stm32cubeide/plugins/com.st.stm32cube.ide.mcu.externaltools.gnu-tools-for-stm32.10.3-2021.10.win32_1.0.200.202301161003/tools/bin/../lib/gcc/arm-none-eabi/10.3.1/../../../../arm-none-eabi/lib/thumb/v7-m/nofp\libc_nano.a(lib_a-nano-msizer.o)
                0x0000000008008ec6                _malloc_usable_size_r
 *(.glue_7)
 .glue_7        0x0000000008008ed6        0x0 linker stubs
 *(.glue_7t)
 .glue_7t       0x0000000008008ed6        0x0 linker stubs
 *(.eh_frame)
 *fill*         0x0000000008008ed6        0x2 
 .eh_frame      0x0000000008008ed8        0x0 c:/program files/stmicroelectronics/stm32cubeide_1.12.0/stm32cubeide/plugins/com.st.stm32cube.ide.mcu.externaltools.gnu-tools-for-stm32.10.3-2021.10.win32_1.0.200.202301161003/tools/bin/../lib/gcc/arm-none-eabi/10.3.1/thumb/v7-m/nofp/crtbegin.o
 *(.init)
 .init          0x0000000008008ed8        0x4 c:/program files/stmicroelectronics/stm32cubeide_1.12.0/stm32cubeide/plugins/com.st.stm32cube.ide.mcu.externaltools.gnu-tools-for-stm32.10.3-2021.10.win32_1.0.200.202301161003/tools/bin/../lib/gcc/arm-none-eabi/10.3.1/thumb/v7-m/nofp/crti.o
                0x0000000008008ed8                _init
 .init          0x0000000008008edc        0x8 c:/program files/stmicroelectronics/stm32cubeide_1.12.0/stm32cubeide/plugins/com.st.stm32cube.ide.mcu.externaltools.gnu-tools-for-stm32.10.3-2021.10.win32_1.0.200.202301161003/tools/bin/../lib/gcc/arm-none-eabi/10.3.1/thumb/v7-m/nofp/crtn.o
 *(.fini)
 .fini          0x0000000008008ee4        0x4 c:/program files/stmicroelectronics/stm32cubeide_1.12.0/stm32cubeide/plugins/com.st.stm32cube.ide.mcu.externaltools.gnu-tools-for-stm32.10.3-2021.10.win32_1.0.200.202301161003/tools/bin/../lib/gcc/arm-none-eabi/10.3.1/thumb/v7-m/nofp/crti.o
                0x0000000008008ee4                _fini
 .fini          0x0000000008008ee8        0x8 c:/program files/stmicroelectronics/stm32cubeide_1.12.0/stm32cubeide/plugins/com.st.stm32cube.ide.mcu.externaltools.gnu-tools-for-stm32.10.3-2021.10.win32_1.0.200.202301161003/tools/bin/../lib/gcc/arm-none-eabi/10.3.1/thumb/v7-m/nofp/crtn.o
                0x0000000008008ef0                . = ALIGN (0x4)
                0x0000000008008ef0                _etext = .

.vfp11_veneer   0x0000000008008ef0        0x0
 .vfp11_veneer  0x0000000008008ef0        0x0 linker stubs

.v4_bx          0x0000000008008ef0        0x0
 .v4_bx         0x0000000008008ef0        0x0 linker stubs

.iplt           0x0000000008008ef0        0x0
 .iplt          0x0000000008008ef0        0x0 c:/program files/stmicroelectronics/stm32cubeide_1.12.0/stm32cubeide/plugins/com.st.stm32cube.ide.mcu.externaltools.gnu-tools-for-stm32.10.3-2021.10.win32_1.0.200.202301161003/tools/bin/../lib/gcc/arm-none-eabi/10.3.1/thumb/v7-m/nofp/crtbegin.o

.rodata         0x0000000008008ef0      0x850
                0x0000000008008ef0                . = ALIGN (0x4)
 *(.rodata)
 .rodata        0x0000000008008ef0       0x10 ./Drivers/STM32F1xx_HAL_Driver/Src/stm32f1xx_hal_rcc.o
 .rodata        0x0000000008008f00      0x33a ./Drivers/W25Q/w25q_spi.o
 *(.rodata*)
 *fill*         0x000000000800923a        0x2 
 .rodata.uch_spo2_table
                0x000000000800923c       0xb8 ./Alghoritms/spo2_algorithm.o
                0x000000000800923c                uch_spo2_table
 .rodata.AHBPrescTable
                0x00000000080092f4       0x10 ./Core/Src/system_stm32f1xx.o
                0x00000000080092f4                AHBPrescTable
 .rodata.APBPrescTable
                0x0000000008009304        0x8 ./Core/Src/system_stm32f1xx.o
                0x0000000008009304                APBPrescTable
 .rodata.crc32_table
                0x000000000800930c      0x400 ./Libraries/Src/protocol_parser.o
                0x000000000800930c                crc32_table
 .rodata._svfprintf_r.str1.1
                0x000000000800970c       0x11 c:/program files/stmicroelectronics/stm32cubeide_1.12.0/stm32cubeide/plugins/com.st.stm32cube.ide.mcu.externaltools.gnu-tools-for-stm32.10.3-2021.10.win32_1.0.200.202301161003/tools/bin/../lib/gcc/arm-none-eabi/10.3.1/../../../../arm-none-eabi/lib/thumb/v7-m/nofp\libc_nano.a(lib_a-nano-svfprintf.o)
 .rodata._printf_i.str1.1
                0x000000000800971d       0x22 c:/program files/stmicroelectronics/stm32cubeide_1.12.0/stm32cubeide/plugins/com.st.stm32cube.ide.mcu.externaltools.gnu-tools-for-stm32.10.3-2021.10.win32_1.0.200.202301161003/tools/bin/../lib/gcc/arm-none-eabi/10.3.1/../../../../arm-none-eabi/lib/thumb/v7-m/nofp\libc_nano.a(lib_a-nano-vfprintf_i.o)
                0x0000000008009740                . = ALIGN (0x4)
 *fill*         0x000000000800973f        0x1 

.rel.dyn        0x0000000008009740        0x0
 .rel.iplt      0x0000000008009740        0x0 c:/program files/stmicroelectronics/stm32cubeide_1.12.0/stm32cubeide/plugins/com.st.stm32cube.ide.mcu.externaltools.gnu-tools-for-stm32.10.3-2021.10.win32_1.0.200.202301161003/tools/bin/../lib/gcc/arm-none-eabi/10.3.1/thumb/v7-m/nofp/crtbegin.o

.ARM.extab      0x0000000008009740        0x0
                0x0000000008009740                . = ALIGN (0x4)
 *(.ARM.extab* .gnu.linkonce.armextab.*)
                0x0000000008009740                . = ALIGN (0x4)

.ARM            0x0000000008009740        0x0
                0x0000000008009740                . = ALIGN (0x4)
                0x0000000008009740                __exidx_start = .
 *(.ARM.exidx*)
                0x0000000008009740                __exidx_end = .
                0x0000000008009740                . = ALIGN (0x4)

.preinit_array  0x0000000008009740        0x0
                0x0000000008009740                . = ALIGN (0x4)
                0x0000000008009740                PROVIDE (__preinit_array_start = .)
 *(.preinit_array*)
                0x0000000008009740                PROVIDE (__preinit_array_end = .)
                0x0000000008009740                . = ALIGN (0x4)

.init_array     0x0000000008009740        0x4
                0x0000000008009740                . = ALIGN (0x4)
                0x0000000008009740                PROVIDE (__init_array_start = .)
 *(SORT_BY_NAME(.init_array.*))
 *(.init_array*)
 .init_array    0x0000000008009740        0x4 c:/program files/stmicroelectronics/stm32cubeide_1.12.0/stm32cubeide/plugins/com.st.stm32cube.ide.mcu.externaltools.gnu-tools-for-stm32.10.3-2021.10.win32_1.0.200.202301161003/tools/bin/../lib/gcc/arm-none-eabi/10.3.1/thumb/v7-m/nofp/crtbegin.o
                0x0000000008009744                PROVIDE (__init_array_end = .)
                0x0000000008009744                . = ALIGN (0x4)

.fini_array     0x0000000008009744        0x4
                0x0000000008009744                . = ALIGN (0x4)
                [!provide]                        PROVIDE (__fini_array_start = .)
 *(SORT_BY_NAME(.fini_array.*))
 *(.fini_array*)
 .fini_array    0x0000000008009744        0x4 c:/program files/stmicroelectronics/stm32cubeide_1.12.0/stm32cubeide/plugins/com.st.stm32cube.ide.mcu.externaltools.gnu-tools-for-stm32.10.3-2021.10.win32_1.0.200.202301161003/tools/bin/../lib/gcc/arm-none-eabi/10.3.1/thumb/v7-m/nofp/crtbegin.o
                [!provide]                        PROVIDE (__fini_array_end = .)
                0x0000000008009748                . = ALIGN (0x4)
                0x0000000008009748                _sidata = LOADADDR (.data)

.data           0x0000000020000000       0x80 load address 0x0000000008009748
                0x0000000020000000                . = ALIGN (0x4)
                0x0000000020000000                _sdata = .
 *(.data)
 *(.data*)
 .data.calc_end
                0x0000000020000000        0x1 ./Alghoritms/spo2_algorithm.o
                0x0000000020000000                calc_end
 *fill*         0x0000000020000001        0x3 
 .data.buf_len  0x0000000020000004        0x4 ./Core/Src/main.o
                0x0000000020000004                buf_len
 .data.SystemCoreClock
                0x0000000020000008        0x4 ./Core/Src/system_stm32f1xx.o
                0x0000000020000008                SystemCoreClock
 .data.uwTickPrio
                0x000000002000000c        0x4 ./Drivers/STM32F1xx_HAL_Driver/Src/stm32f1xx_hal.o
                0x000000002000000c                uwTickPrio
 .data.uwTickFreq
                0x0000000020000010        0x1 ./Drivers/STM32F1xx_HAL_Driver/Src/stm32f1xx_hal.o
                0x0000000020000010                uwTickFreq
 *fill*         0x0000000020000011        0x3 
 .data.read     0x0000000020000014        0x8 ./Libraries/Src/protocol_parser.o
                0x0000000020000014                read
 .data._impure_ptr
                0x000000002000001c        0x4 c:/program files/stmicroelectronics/stm32cubeide_1.12.0/stm32cubeide/plugins/com.st.stm32cube.ide.mcu.externaltools.gnu-tools-for-stm32.10.3-2021.10.win32_1.0.200.202301161003/tools/bin/../lib/gcc/arm-none-eabi/10.3.1/../../../../arm-none-eabi/lib/thumb/v7-m/nofp\libc_nano.a(lib_a-impure.o)
                0x000000002000001c                _impure_ptr
 .data.impure_data
                0x0000000020000020       0x60 c:/program files/stmicroelectronics/stm32cubeide_1.12.0/stm32cubeide/plugins/com.st.stm32cube.ide.mcu.externaltools.gnu-tools-for-stm32.10.3-2021.10.win32_1.0.200.202301161003/tools/bin/../lib/gcc/arm-none-eabi/10.3.1/../../../../arm-none-eabi/lib/thumb/v7-m/nofp\libc_nano.a(lib_a-impure.o)
 *(.RamFunc)
 *(.RamFunc*)
                0x0000000020000080                . = ALIGN (0x4)
                0x0000000020000080                _edata = .

.igot.plt       0x0000000020000080        0x0 load address 0x00000000080097c8
 .igot.plt      0x0000000020000080        0x0 c:/program files/stmicroelectronics/stm32cubeide_1.12.0/stm32cubeide/plugins/com.st.stm32cube.ide.mcu.externaltools.gnu-tools-for-stm32.10.3-2021.10.win32_1.0.200.202301161003/tools/bin/../lib/gcc/arm-none-eabi/10.3.1/thumb/v7-m/nofp/crtbegin.o
                0x0000000020000080                . = ALIGN (0x4)

.bss            0x0000000020000080     0x16a4 load address 0x00000000080097c8
                0x0000000020000080                _sbss = .
                0x0000000020000080                __bss_start__ = _sbss
 *(.bss)
 .bss           0x0000000020000080       0x1c c:/program files/stmicroelectronics/stm32cubeide_1.12.0/stm32cubeide/plugins/com.st.stm32cube.ide.mcu.externaltools.gnu-tools-for-stm32.10.3-2021.10.win32_1.0.200.202301161003/tools/bin/../lib/gcc/arm-none-eabi/10.3.1/thumb/v7-m/nofp/crtbegin.o
 *(.bss*)
 .bss.an_x      0x000000002000009c      0x190 ./Alghoritms/spo2_algorithm.o
 .bss.an_y      0x000000002000022c      0x190 ./Alghoritms/spo2_algorithm.o
 .bss.hi2c1     0x00000000200003bc       0x54 ./Core/Src/main.o
                0x00000000200003bc                hi2c1
 .bss.hspi1     0x0000000020000410       0x58 ./Core/Src/main.o
                0x0000000020000410                hspi1
 .bss.hspi2     0x0000000020000468       0x58 ./Core/Src/main.o
                0x0000000020000468                hspi2
 .bss.htim2     0x00000000200004c0       0x48 ./Core/Src/main.o
                0x00000000200004c0                htim2
 .bss.htim3     0x0000000020000508       0x48 ./Core/Src/main.o
                0x0000000020000508                htim3
 .bss.htim4     0x0000000020000550       0x48 ./Core/Src/main.o
                0x0000000020000550                htim4
 .bss.huart1    0x0000000020000598       0x44 ./Core/Src/main.o
                0x0000000020000598                huart1
 .bss.ir_out    0x00000000200005dc      0x190 ./Core/Src/main.o
                0x00000000200005dc                ir_out
 .bss.red_out   0x000000002000076c      0x190 ./Core/Src/main.o
                0x000000002000076c                red_out
 .bss.tim4_ovflw
                0x00000000200008fc        0x1 ./Core/Src/main.o
                0x00000000200008fc                tim4_ovflw
 *fill*         0x00000000200008fd        0x3 
 .bss.max30102  0x0000000020000900      0x650 ./Core/Src/main.o
                0x0000000020000900                max30102
 .bss.spo2_valid
                0x0000000020000f50        0x1 ./Core/Src/main.o
                0x0000000020000f50                spo2_valid
 .bss.heart_rate_valid
                0x0000000020000f51        0x1 ./Core/Src/main.o
                0x0000000020000f51                heart_rate_valid
 *fill*         0x0000000020000f52        0x2 
 .bss.spo2      0x0000000020000f54        0x4 ./Core/Src/main.o
                0x0000000020000f54                spo2
 .bss.heart_rate
                0x0000000020000f58        0x4 ./Core/Src/main.o
                0x0000000020000f58                heart_rate
 .bss.data_buf  0x0000000020000f5c      0x100 ./Core/Src/main.o
                0x0000000020000f5c                data_buf
 .bss.page_ptr  0x000000002000105c        0x2 ./Core/Src/main.o
                0x000000002000105c                page_ptr
 .bss.page_pos_ptr
                0x000000002000105e        0x1 ./Core/Src/main.o
                0x000000002000105e                page_pos_ptr
 *fill*         0x000000002000105f        0x1 
 .bss.data      0x0000000020001060        0x2 ./Core/Src/main.o
                0x0000000020001060                data
 .bss.uart1_rx_complete
                0x0000000020001062        0x1 ./Core/Src/main.o
                0x0000000020001062                uart1_rx_complete
 *fill*         0x0000000020001063        0x1 
 .bss.result_data.0
                0x0000000020001064        0x2 ./Core/Src/main.o
 *fill*         0x0000000020001066        0x2 
 .bss.__sbrk_heap_end
                0x0000000020001068        0x4 ./Core/Src/sysmem.o
 .bss.cnt_data  0x000000002000106c        0x4 ./Drivers/MAX30102/max30102_for_stm32_hal.o
                0x000000002000106c                cnt_data
 .bss.temp_cnt  0x0000000020001070        0x4 ./Drivers/MAX30102/max30102_for_stm32_hal.o
                0x0000000020001070                temp_cnt
 .bss.amb_cnt   0x0000000020001074        0x4 ./Drivers/MAX30102/max30102_for_stm32_hal.o
                0x0000000020001074                amb_cnt
 .bss.init_num.0
                0x0000000020001078        0x4 ./Drivers/MAX30102/max30102_for_stm32_hal.o
 .bss.uwTick    0x000000002000107c        0x4 ./Drivers/STM32F1xx_HAL_Driver/Src/stm32f1xx_hal.o
                0x000000002000107c                uwTick
 .bss.w25_info  0x0000000020001080       0x24 ./Drivers/W25Q/w25q_spi.o
                0x0000000020001080                w25_info
 .bss.str1      0x00000000200010a4       0x1e ./Drivers/W25Q/w25q_spi.o
                0x00000000200010a4                str1
 *fill*         0x00000000200010c2        0x2 
 .bss.buf       0x00000000200010c4        0xa ./Drivers/W25Q/w25q_spi.o
 .bss.spi_rx_complete
                0x00000000200010ce        0x1 ./Libraries/Src/SPI_Connection.o
                0x00000000200010ce                spi_rx_complete
 .bss.response_ready
                0x00000000200010cf        0x1 ./Libraries/Src/SPI_Connection.o
                0x00000000200010cf                response_ready
 .bss.spi_state
                0x00000000200010d0        0x1 ./Libraries/Src/SPI_Connection.o
                0x00000000200010d0                spi_state
 *fill*         0x00000000200010d1        0x3 
 .bss.response_frame
                0x00000000200010d4      0x108 ./Libraries/Src/SPI_Connection.o
                0x00000000200010d4                response_frame
 .bss.safe_command_frame
                0x00000000200011dc      0x108 ./Libraries/Src/SPI_Connection.o
                0x00000000200011dc                safe_command_frame
 .bss.dummy_frame
                0x00000000200012e4      0x108 ./Libraries/Src/SPI_Connection.o
                0x00000000200012e4                dummy_frame
 .bss.trash_frame
                0x00000000200013ec      0x108 ./Libraries/Src/SPI_Connection.o
                0x00000000200013ec                trash_frame
 .bss.spi_tx_ptr
                0x00000000200014f4        0x4 ./Libraries/Src/SPI_Connection.o
                0x00000000200014f4                spi_tx_ptr
 .bss.spi_rx_ptr
                0x00000000200014f8        0x4 ./Libraries/Src/SPI_Connection.o
                0x00000000200014f8                spi_rx_ptr
 .bss.new_response_frame
                0x00000000200014fc        0x4 ./Libraries/Src/SPI_Connection.o
                0x00000000200014fc                new_response_frame
 .bss.wait_response_frame
                0x0000000020001500      0x108 ./Libraries/Src/SPI_Connection.o
                0x0000000020001500                wait_response_frame
 .bss.response  0x0000000020001608      0x108 ./Libraries/Src/protocol_parser.o
                0x0000000020001608                response
 .bss.FSM_state
                0x0000000020001710        0x1 ./Libraries/Src/protocol_parser.o
                0x0000000020001710                FSM_state
 .bss.reset_ready
                0x0000000020001711        0x1 ./Libraries/Src/protocol_parser.o
                0x0000000020001711                reset_ready
 *fill*         0x0000000020001712        0x2 
 .bss.__malloc_free_list
                0x0000000020001714        0x4 c:/program files/stmicroelectronics/stm32cubeide_1.12.0/stm32cubeide/plugins/com.st.stm32cube.ide.mcu.externaltools.gnu-tools-for-stm32.10.3-2021.10.win32_1.0.200.202301161003/tools/bin/../lib/gcc/arm-none-eabi/10.3.1/../../../../arm-none-eabi/lib/thumb/v7-m/nofp\libc_nano.a(lib_a-nano-mallocr.o)
                0x0000000020001714                __malloc_free_list
 .bss.__malloc_sbrk_start
                0x0000000020001718        0x4 c:/program files/stmicroelectronics/stm32cubeide_1.12.0/stm32cubeide/plugins/com.st.stm32cube.ide.mcu.externaltools.gnu-tools-for-stm32.10.3-2021.10.win32_1.0.200.202301161003/tools/bin/../lib/gcc/arm-none-eabi/10.3.1/../../../../arm-none-eabi/lib/thumb/v7-m/nofp\libc_nano.a(lib_a-nano-mallocr.o)
                0x0000000020001718                __malloc_sbrk_start
 .bss.errno     0x000000002000171c        0x4 c:/program files/stmicroelectronics/stm32cubeide_1.12.0/stm32cubeide/plugins/com.st.stm32cube.ide.mcu.externaltools.gnu-tools-for-stm32.10.3-2021.10.win32_1.0.200.202301161003/tools/bin/../lib/gcc/arm-none-eabi/10.3.1/../../../../arm-none-eabi/lib/thumb/v7-m/nofp\libc_nano.a(lib_a-reent.o)
                0x000000002000171c                errno
 .bss.__lock___malloc_recursive_mutex
                0x0000000020001720        0x1 c:/program files/stmicroelectronics/stm32cubeide_1.12.0/stm32cubeide/plugins/com.st.stm32cube.ide.mcu.externaltools.gnu-tools-for-stm32.10.3-2021.10.win32_1.0.200.202301161003/tools/bin/../lib/gcc/arm-none-eabi/10.3.1/../../../../arm-none-eabi/lib/thumb/v7-m/nofp\libc_nano.a(lib_a-lock.o)
                0x0000000020001720                __lock___malloc_recursive_mutex
 *(COMMON)
                0x0000000020001724                . = ALIGN (0x4)
 *fill*         0x0000000020001721        0x3 
                0x0000000020001724                _ebss = .
                0x0000000020001724                __bss_end__ = _ebss

._user_heap_stack
                0x0000000020001724      0x604 load address 0x00000000080097c8
                0x0000000020001728                . = ALIGN (0x8)
 *fill*         0x0000000020001724        0x4 
                [!provide]                        PROVIDE (end = .)
                0x0000000020001728                PROVIDE (_end = .)
                0x0000000020001928                . = (. + _Min_Heap_Size)
 *fill*         0x0000000020001728      0x200 
                0x0000000020001d28                . = (. + _Min_Stack_Size)
 *fill*         0x0000000020001928      0x400 
                0x0000000020001d28                . = ALIGN (0x8)

/DISCARD/
 libc.a(*)
 libm.a(*)
 libgcc.a(*)

.ARM.attributes
                0x0000000000000000       0x29
 *(.ARM.attributes)
 .ARM.attributes
                0x0000000000000000       0x1d c:/program files/stmicroelectronics/stm32cubeide_1.12.0/stm32cubeide/plugins/com.st.stm32cube.ide.mcu.externaltools.gnu-tools-for-stm32.10.3-2021.10.win32_1.0.200.202301161003/tools/bin/../lib/gcc/arm-none-eabi/10.3.1/thumb/v7-m/nofp/crti.o
 .ARM.attributes
                0x000000000000001d       0x2d c:/program files/stmicroelectronics/stm32cubeide_1.12.0/stm32cubeide/plugins/com.st.stm32cube.ide.mcu.externaltools.gnu-tools-for-stm32.10.3-2021.10.win32_1.0.200.202301161003/tools/bin/../lib/gcc/arm-none-eabi/10.3.1/thumb/v7-m/nofp/crtbegin.o
 .ARM.attributes
                0x000000000000004a       0x2d ./Alghoritms/spo2_algorithm.o
 .ARM.attributes
                0x0000000000000077       0x2d ./Core/Src/main.o
 .ARM.attributes
                0x00000000000000a4       0x2d ./Core/Src/stm32f1xx_hal_msp.o
 .ARM.attributes
                0x00000000000000d1       0x2d ./Core/Src/stm32f1xx_it.o
 .ARM.attributes
                0x00000000000000fe       0x2d ./Core/Src/sysmem.o
 .ARM.attributes
                0x000000000000012b       0x2d ./Core/Src/system_stm32f1xx.o
 .ARM.attributes
                0x0000000000000158       0x21 ./Core/Startup/startup_stm32f103cbtx.o
 .ARM.attributes
                0x0000000000000179       0x2d ./Drivers/MAX30102/max30102_for_stm32_hal.o
 .ARM.attributes
                0x00000000000001a6       0x2d ./Drivers/STM32F1xx_HAL_Driver/Src/stm32f1xx_hal.o
 .ARM.attributes
                0x00000000000001d3       0x2d ./Drivers/STM32F1xx_HAL_Driver/Src/stm32f1xx_hal_cortex.o
 .ARM.attributes
                0x0000000000000200       0x2d ./Drivers/STM32F1xx_HAL_Driver/Src/stm32f1xx_hal_dma.o
 .ARM.attributes
                0x000000000000022d       0x2d ./Drivers/STM32F1xx_HAL_Driver/Src/stm32f1xx_hal_gpio.o
 .ARM.attributes
                0x000000000000025a       0x2d ./Drivers/STM32F1xx_HAL_Driver/Src/stm32f1xx_hal_i2c.o
 .ARM.attributes
                0x0000000000000287       0x2d ./Drivers/STM32F1xx_HAL_Driver/Src/stm32f1xx_hal_rcc.o
 .ARM.attributes
                0x00000000000002b4       0x2d ./Drivers/STM32F1xx_HAL_Driver/Src/stm32f1xx_hal_spi.o
 .ARM.attributes
                0x00000000000002e1       0x2d ./Drivers/STM32F1xx_HAL_Driver/Src/stm32f1xx_hal_tim.o
 .ARM.attributes
                0x000000000000030e       0x2d ./Drivers/STM32F1xx_HAL_Driver/Src/stm32f1xx_hal_tim_ex.o
 .ARM.attributes
                0x000000000000033b       0x2d ./Drivers/STM32F1xx_HAL_Driver/Src/stm32f1xx_hal_uart.o
 .ARM.attributes
                0x0000000000000368       0x2d ./Drivers/W25Q/w25q_spi.o
 .ARM.attributes
                0x0000000000000395       0x2d ./Libraries/Src/SPI_Connection.o
 .ARM.attributes
                0x00000000000003c2       0x2d ./Libraries/Src/protocol_parser.o
 .ARM.attributes
                0x00000000000003ef       0x2d ./Libraries/Src/sensor_utils.o
 .ARM.attributes
                0x000000000000041c       0x2d c:/program files/stmicroelectronics/stm32cubeide_1.12.0/stm32cubeide/plugins/com.st.stm32cube.ide.mcu.externaltools.gnu-tools-for-stm32.10.3-2021.10.win32_1.0.200.202301161003/tools/bin/../lib/gcc/arm-none-eabi/10.3.1/../../../../arm-none-eabi/lib/thumb/v7-m/nofp\libc_nano.a(lib_a-errno.o)
 .ARM.attributes
                0x0000000000000449       0x2d c:/program files/stmicroelectronics/stm32cubeide_1.12.0/stm32cubeide/plugins/com.st.stm32cube.ide.mcu.externaltools.gnu-tools-for-stm32.10.3-2021.10.win32_1.0.200.202301161003/tools/bin/../lib/gcc/arm-none-eabi/10.3.1/../../../../arm-none-eabi/lib/thumb/v7-m/nofp\libc_nano.a(lib_a-impure.o)
 .ARM.attributes
                0x0000000000000476       0x2d c:/program files/stmicroelectronics/stm32cubeide_1.12.0/stm32cubeide/plugins/com.st.stm32cube.ide.mcu.externaltools.gnu-tools-for-stm32.10.3-2021.10.win32_1.0.200.202301161003/tools/bin/../lib/gcc/arm-none-eabi/10.3.1/../../../../arm-none-eabi/lib/thumb/v7-m/nofp\libc_nano.a(lib_a-init.o)
 .ARM.attributes
                0x00000000000004a3       0x2d c:/program files/stmicroelectronics/stm32cubeide_1.12.0/stm32cubeide/plugins/com.st.stm32cube.ide.mcu.externaltools.gnu-tools-for-stm32.10.3-2021.10.win32_1.0.200.202301161003/tools/bin/../lib/gcc/arm-none-eabi/10.3.1/../../../../arm-none-eabi/lib/thumb/v7-m/nofp\libc_nano.a(lib_a-malloc.o)
 .ARM.attributes
                0x00000000000004d0       0x2d c:/program files/stmicroelectronics/stm32cubeide_1.12.0/stm32cubeide/plugins/com.st.stm32cube.ide.mcu.externaltools.gnu-tools-for-stm32.10.3-2021.10.win32_1.0.200.202301161003/tools/bin/../lib/gcc/arm-none-eabi/10.3.1/../../../../arm-none-eabi/lib/thumb/v7-m/nofp\libc_nano.a(lib_a-memcpy-stub.o)
 .ARM.attributes
                0x00000000000004fd       0x2d c:/program files/stmicroelectronics/stm32cubeide_1.12.0/stm32cubeide/plugins/com.st.stm32cube.ide.mcu.externaltools.gnu-tools-for-stm32.10.3-2021.10.win32_1.0.200.202301161003/tools/bin/../lib/gcc/arm-none-eabi/10.3.1/../../../../arm-none-eabi/lib/thumb/v7-m/nofp\libc_nano.a(lib_a-memset.o)
 .ARM.attributes
                0x000000000000052a       0x2d c:/program files/stmicroelectronics/stm32cubeide_1.12.0/stm32cubeide/plugins/com.st.stm32cube.ide.mcu.externaltools.gnu-tools-for-stm32.10.3-2021.10.win32_1.0.200.202301161003/tools/bin/../lib/gcc/arm-none-eabi/10.3.1/../../../../arm-none-eabi/lib/thumb/v7-m/nofp\libc_nano.a(lib_a-nano-freer.o)
 .ARM.attributes
                0x0000000000000557       0x2d c:/program files/stmicroelectronics/stm32cubeide_1.12.0/stm32cubeide/plugins/com.st.stm32cube.ide.mcu.externaltools.gnu-tools-for-stm32.10.3-2021.10.win32_1.0.200.202301161003/tools/bin/../lib/gcc/arm-none-eabi/10.3.1/../../../../arm-none-eabi/lib/thumb/v7-m/nofp\libc_nano.a(lib_a-nano-mallocr.o)
 .ARM.attributes
                0x0000000000000584       0x2d c:/program files/stmicroelectronics/stm32cubeide_1.12.0/stm32cubeide/plugins/com.st.stm32cube.ide.mcu.externaltools.gnu-tools-for-stm32.10.3-2021.10.win32_1.0.200.202301161003/tools/bin/../lib/gcc/arm-none-eabi/10.3.1/../../../../arm-none-eabi/lib/thumb/v7-m/nofp\libc_nano.a(lib_a-sbrkr.o)
 .ARM.attributes
                0x00000000000005b1       0x2d c:/program files/stmicroelectronics/stm32cubeide_1.12.0/stm32cubeide/plugins/com.st.stm32cube.ide.mcu.externaltools.gnu-tools-for-stm32.10.3-2021.10.win32_1.0.200.202301161003/tools/bin/../lib/gcc/arm-none-eabi/10.3.1/../../../../arm-none-eabi/lib/thumb/v7-m/nofp\libc_nano.a(lib_a-sprintf.o)
 .ARM.attributes
                0x00000000000005de       0x17 c:/program files/stmicroelectronics/stm32cubeide_1.12.0/stm32cubeide/plugins/com.st.stm32cube.ide.mcu.externaltools.gnu-tools-for-stm32.10.3-2021.10.win32_1.0.200.202301161003/tools/bin/../lib/gcc/arm-none-eabi/10.3.1/../../../../arm-none-eabi/lib/thumb/v7-m/nofp\libc_nano.a(lib_a-strlen.o)
 .ARM.attributes
                0x00000000000005f5       0x2d c:/program files/stmicroelectronics/stm32cubeide_1.12.0/stm32cubeide/plugins/com.st.stm32cube.ide.mcu.externaltools.gnu-tools-for-stm32.10.3-2021.10.win32_1.0.200.202301161003/tools/bin/../lib/gcc/arm-none-eabi/10.3.1/../../../../arm-none-eabi/lib/thumb/v7-m/nofp\libc_nano.a(lib_a-mlock.o)
 .ARM.attributes
                0x0000000000000622       0x2d c:/program files/stmicroelectronics/stm32cubeide_1.12.0/stm32cubeide/plugins/com.st.stm32cube.ide.mcu.externaltools.gnu-tools-for-stm32.10.3-2021.10.win32_1.0.200.202301161003/tools/bin/../lib/gcc/arm-none-eabi/10.3.1/../../../../arm-none-eabi/lib/thumb/v7-m/nofp\libc_nano.a(lib_a-nano-svfprintf.o)
 .ARM.attributes
                0x000000000000064f       0x2d c:/program files/stmicroelectronics/stm32cubeide_1.12.0/stm32cubeide/plugins/com.st.stm32cube.ide.mcu.externaltools.gnu-tools-for-stm32.10.3-2021.10.win32_1.0.200.202301161003/tools/bin/../lib/gcc/arm-none-eabi/10.3.1/../../../../arm-none-eabi/lib/thumb/v7-m/nofp\libc_nano.a(lib_a-nano-vfprintf_i.o)
 .ARM.attributes
                0x000000000000067c       0x2d c:/program files/stmicroelectronics/stm32cubeide_1.12.0/stm32cubeide/plugins/com.st.stm32cube.ide.mcu.externaltools.gnu-tools-for-stm32.10.3-2021.10.win32_1.0.200.202301161003/tools/bin/../lib/gcc/arm-none-eabi/10.3.1/../../../../arm-none-eabi/lib/thumb/v7-m/nofp\libc_nano.a(lib_a-reent.o)
 .ARM.attributes
                0x00000000000006a9       0x2d c:/program files/stmicroelectronics/stm32cubeide_1.12.0/stm32cubeide/plugins/com.st.stm32cube.ide.mcu.externaltools.gnu-tools-for-stm32.10.3-2021.10.win32_1.0.200.202301161003/tools/bin/../lib/gcc/arm-none-eabi/10.3.1/../../../../arm-none-eabi/lib/thumb/v7-m/nofp\libc_nano.a(lib_a-lock.o)
 .ARM.attributes
                0x00000000000006d6       0x2d c:/program files/stmicroelectronics/stm32cubeide_1.12.0/stm32cubeide/plugins/com.st.stm32cube.ide.mcu.externaltools.gnu-tools-for-stm32.10.3-2021.10.win32_1.0.200.202301161003/tools/bin/../lib/gcc/arm-none-eabi/10.3.1/../../../../arm-none-eabi/lib/thumb/v7-m/nofp\libc_nano.a(lib_a-memchr-stub.o)
 .ARM.attributes
                0x0000000000000703       0x2d c:/program files/stmicroelectronics/stm32cubeide_1.12.0/stm32cubeide/plugins/com.st.stm32cube.ide.mcu.externaltools.gnu-tools-for-stm32.10.3-2021.10.win32_1.0.200.202301161003/tools/bin/../lib/gcc/arm-none-eabi/10.3.1/../../../../arm-none-eabi/lib/thumb/v7-m/nofp\libc_nano.a(lib_a-memmove.o)
 .ARM.attributes
                0x0000000000000730       0x2d c:/program files/stmicroelectronics/stm32cubeide_1.12.0/stm32cubeide/plugins/com.st.stm32cube.ide.mcu.externaltools.gnu-tools-for-stm32.10.3-2021.10.win32_1.0.200.202301161003/tools/bin/../lib/gcc/arm-none-eabi/10.3.1/../../../../arm-none-eabi/lib/thumb/v7-m/nofp\libc_nano.a(lib_a-nano-reallocr.o)
 .ARM.attributes
                0x000000000000075d       0x2d c:/program files/stmicroelectronics/stm32cubeide_1.12.0/stm32cubeide/plugins/com.st.stm32cube.ide.mcu.externaltools.gnu-tools-for-stm32.10.3-2021.10.win32_1.0.200.202301161003/tools/bin/../lib/gcc/arm-none-eabi/10.3.1/../../../../arm-none-eabi/lib/thumb/v7-m/nofp\libc_nano.a(lib_a-nano-msizer.o)
 .ARM.attributes
                0x000000000000078a       0x1d c:/program files/stmicroelectronics/stm32cubeide_1.12.0/stm32cubeide/plugins/com.st.stm32cube.ide.mcu.externaltools.gnu-tools-for-stm32.10.3-2021.10.win32_1.0.200.202301161003/tools/bin/../lib/gcc/arm-none-eabi/10.3.1/thumb/v7-m/nofp\libgcc.a(_arm_addsubdf3.o)
 .ARM.attributes
                0x00000000000007a7       0x1d c:/program files/stmicroelectronics/stm32cubeide_1.12.0/stm32cubeide/plugins/com.st.stm32cube.ide.mcu.externaltools.gnu-tools-for-stm32.10.3-2021.10.win32_1.0.200.202301161003/tools/bin/../lib/gcc/arm-none-eabi/10.3.1/thumb/v7-m/nofp\libgcc.a(_arm_muldivdf3.o)
 .ARM.attributes
                0x00000000000007c4       0x1d c:/program files/stmicroelectronics/stm32cubeide_1.12.0/stm32cubeide/plugins/com.st.stm32cube.ide.mcu.externaltools.gnu-tools-for-stm32.10.3-2021.10.win32_1.0.200.202301161003/tools/bin/../lib/gcc/arm-none-eabi/10.3.1/thumb/v7-m/nofp\libgcc.a(_arm_fixunsdfsi.o)
 .ARM.attributes
                0x00000000000007e1       0x1d c:/program files/stmicroelectronics/stm32cubeide_1.12.0/stm32cubeide/plugins/com.st.stm32cube.ide.mcu.externaltools.gnu-tools-for-stm32.10.3-2021.10.win32_1.0.200.202301161003/tools/bin/../lib/gcc/arm-none-eabi/10.3.1/thumb/v7-m/nofp/crtn.o
OUTPUT(pulse_oximeter.elf elf32-littlearm)
LOAD linker stubs
LOAD c:/program files/stmicroelectronics/stm32cubeide_1.12.0/stm32cubeide/plugins/com.st.stm32cube.ide.mcu.externaltools.gnu-tools-for-stm32.10.3-2021.10.win32_1.0.200.202301161003/tools/bin/../lib/gcc/arm-none-eabi/10.3.1/../../../../arm-none-eabi/lib/thumb/v7-m/nofp\libc.a
LOAD c:/program files/stmicroelectronics/stm32cubeide_1.12.0/stm32cubeide/plugins/com.st.stm32cube.ide.mcu.externaltools.gnu-tools-for-stm32.10.3-2021.10.win32_1.0.200.202301161003/tools/bin/../lib/gcc/arm-none-eabi/10.3.1/../../../../arm-none-eabi/lib/thumb/v7-m/nofp\libm.a
LOAD c:/program files/stmicroelectronics/stm32cubeide_1.12.0/stm32cubeide/plugins/com.st.stm32cube.ide.mcu.externaltools.gnu-tools-for-stm32.10.3-2021.10.win32_1.0.200.202301161003/tools/bin/../lib/gcc/arm-none-eabi/10.3.1/thumb/v7-m/nofp\libgcc.a

.debug_info     0x0000000000000000    0x1462f
 .debug_info    0x0000000000000000      0x5b9 ./Alghoritms/spo2_algorithm.o
 .debug_info    0x00000000000005b9     0x1c67 ./Core/Src/main.o
 .debug_info    0x0000000000002220     0x14a6 ./Core/Src/stm32f1xx_hal_msp.o
 .debug_info    0x00000000000036c6      0xc97 ./Core/Src/stm32f1xx_it.o
 .debug_info    0x000000000000435d      0x171 ./Core/Src/sysmem.o
 .debug_info    0x00000000000044ce      0x23d ./Core/Src/system_stm32f1xx.o
 .debug_info    0x000000000000470b       0x22 ./Core/Startup/startup_stm32f103cbtx.o
 .debug_info    0x000000000000472d     0x1218 ./Drivers/MAX30102/max30102_for_stm32_hal.o
 .debug_info    0x0000000000005945      0x734 ./Drivers/STM32F1xx_HAL_Driver/Src/stm32f1xx_hal.o
 .debug_info    0x0000000000006079      0xb20 ./Drivers/STM32F1xx_HAL_Driver/Src/stm32f1xx_hal_cortex.o
 .debug_info    0x0000000000006b99      0x73f ./Drivers/STM32F1xx_HAL_Driver/Src/stm32f1xx_hal_dma.o
 .debug_info    0x00000000000072d8      0x615 ./Drivers/STM32F1xx_HAL_Driver/Src/stm32f1xx_hal_gpio.o
 .debug_info    0x00000000000078ed     0x2734 ./Drivers/STM32F1xx_HAL_Driver/Src/stm32f1xx_hal_i2c.o
 .debug_info    0x000000000000a021      0x860 ./Drivers/STM32F1xx_HAL_Driver/Src/stm32f1xx_hal_rcc.o
 .debug_info    0x000000000000a881     0x1658 ./Drivers/STM32F1xx_HAL_Driver/Src/stm32f1xx_hal_spi.o
 .debug_info    0x000000000000bed9     0x29de ./Drivers/STM32F1xx_HAL_Driver/Src/stm32f1xx_hal_tim.o
 .debug_info    0x000000000000e8b7     0x1513 ./Drivers/STM32F1xx_HAL_Driver/Src/stm32f1xx_hal_tim_ex.o
 .debug_info    0x000000000000fdca     0x15d8 ./Drivers/STM32F1xx_HAL_Driver/Src/stm32f1xx_hal_uart.o
 .debug_info    0x00000000000113a2      0xde1 ./Drivers/W25Q/w25q_spi.o
 .debug_info    0x0000000000012183      0x8d7 ./Libraries/Src/SPI_Connection.o
 .debug_info    0x0000000000012a5a      0xd56 ./Libraries/Src/protocol_parser.o
 .debug_info    0x00000000000137b0      0xe7f ./Libraries/Src/sensor_utils.o

.debug_abbrev   0x0000000000000000     0x2f64
 .debug_abbrev  0x0000000000000000      0x170 ./Alghoritms/spo2_algorithm.o
 .debug_abbrev  0x0000000000000170      0x318 ./Core/Src/main.o
 .debug_abbrev  0x0000000000000488      0x203 ./Core/Src/stm32f1xx_hal_msp.o
 .debug_abbrev  0x000000000000068b      0x1c4 ./Core/Src/stm32f1xx_it.o
 .debug_abbrev  0x000000000000084f       0xbb ./Core/Src/sysmem.o
 .debug_abbrev  0x000000000000090a      0x13b ./Core/Src/system_stm32f1xx.o
 .debug_abbrev  0x0000000000000a45       0x12 ./Core/Startup/startup_stm32f103cbtx.o
 .debug_abbrev  0x0000000000000a57      0x314 ./Drivers/MAX30102/max30102_for_stm32_hal.o
 .debug_abbrev  0x0000000000000d6b      0x1fb ./Drivers/STM32F1xx_HAL_Driver/Src/stm32f1xx_hal.o
 .debug_abbrev  0x0000000000000f66      0x2ed ./Drivers/STM32F1xx_HAL_Driver/Src/stm32f1xx_hal_cortex.o
 .debug_abbrev  0x0000000000001253      0x1fe ./Drivers/STM32F1xx_HAL_Driver/Src/stm32f1xx_hal_dma.o
 .debug_abbrev  0x0000000000001451      0x1bb ./Drivers/STM32F1xx_HAL_Driver/Src/stm32f1xx_hal_gpio.o
 .debug_abbrev  0x000000000000160c      0x288 ./Drivers/STM32F1xx_HAL_Driver/Src/stm32f1xx_hal_i2c.o
 .debug_abbrev  0x0000000000001894      0x2a8 ./Drivers/STM32F1xx_HAL_Driver/Src/stm32f1xx_hal_rcc.o
 .debug_abbrev  0x0000000000001b3c      0x26e ./Drivers/STM32F1xx_HAL_Driver/Src/stm32f1xx_hal_spi.o
 .debug_abbrev  0x0000000000001daa      0x25d ./Drivers/STM32F1xx_HAL_Driver/Src/stm32f1xx_hal_tim.o
 .debug_abbrev  0x0000000000002007      0x265 ./Drivers/STM32F1xx_HAL_Driver/Src/stm32f1xx_hal_tim_ex.o
 .debug_abbrev  0x000000000000226c      0x278 ./Drivers/STM32F1xx_HAL_Driver/Src/stm32f1xx_hal_uart.o
 .debug_abbrev  0x00000000000024e4      0x2a9 ./Drivers/W25Q/w25q_spi.o
 .debug_abbrev  0x000000000000278d      0x236 ./Libraries/Src/SPI_Connection.o
 .debug_abbrev  0x00000000000029c3      0x38f ./Libraries/Src/protocol_parser.o
 .debug_abbrev  0x0000000000002d52      0x212 ./Libraries/Src/sensor_utils.o

.debug_aranges  0x0000000000000000     0x13e0
 .debug_aranges
                0x0000000000000000       0x48 ./Alghoritms/spo2_algorithm.o
 .debug_aranges
                0x0000000000000048       0x78 ./Core/Src/main.o
 .debug_aranges
                0x00000000000000c0       0x68 ./Core/Src/stm32f1xx_hal_msp.o
 .debug_aranges
                0x0000000000000128       0x88 ./Core/Src/stm32f1xx_it.o
 .debug_aranges
                0x00000000000001b0       0x20 ./Core/Src/sysmem.o
 .debug_aranges
                0x00000000000001d0       0x28 ./Core/Src/system_stm32f1xx.o
 .debug_aranges
                0x00000000000001f8       0x28 ./Core/Startup/startup_stm32f103cbtx.o
 .debug_aranges
                0x0000000000000220      0x100 ./Drivers/MAX30102/max30102_for_stm32_hal.o
 .debug_aranges
                0x0000000000000320       0xe0 ./Drivers/STM32F1xx_HAL_Driver/Src/stm32f1xx_hal.o
 .debug_aranges
                0x0000000000000400      0x100 ./Drivers/STM32F1xx_HAL_Driver/Src/stm32f1xx_hal_cortex.o
 .debug_aranges
                0x0000000000000500       0x80 ./Drivers/STM32F1xx_HAL_Driver/Src/stm32f1xx_hal_dma.o
 .debug_aranges
                0x0000000000000580       0x58 ./Drivers/STM32F1xx_HAL_Driver/Src/stm32f1xx_hal_gpio.o
 .debug_aranges
                0x00000000000005d8      0x2a0 ./Drivers/STM32F1xx_HAL_Driver/Src/stm32f1xx_hal_i2c.o
 .debug_aranges
                0x0000000000000878       0x90 ./Drivers/STM32F1xx_HAL_Driver/Src/stm32f1xx_hal_rcc.o
 .debug_aranges
                0x0000000000000908      0x1d0 ./Drivers/STM32F1xx_HAL_Driver/Src/stm32f1xx_hal_spi.o
 .debug_aranges