Archive member included to satisfy reference by file (symbol)

c:/program files/stmicroelectronics/stm32cubeide_1.12.0/stm32cubeide/plugins/com.st.stm32cube.ide.mcu.externaltools.gnu-tools-for-stm32.10.3-2021.10.win32_1.0.200.202301161003/tools/bin/../lib/gcc/arm-none-eabi/10.3.1/../../../../arm-none-eabi/lib/thumb/v7-m/nofp\libc_nano.a(lib_a-errno.o)
                              ./Core/Src/syscalls.o (__errno)
c:/program files/stmicroelectronics/stm32cubeide_1.12.0/stm32cubeide/plugins/com.st.stm32cube.ide.mcu.externaltools.gnu-tools-for-stm32.10.3-2021.10.win32_1.0.200.202301161003/tools/bin/../lib/gcc/arm-none-eabi/10.3.1/../../../../arm-none-eabi/lib/thumb/v7-m/nofp\libc_nano.a(lib_a-exit.o)
                              c:/program files/stmicroelectronics/stm32cubeide_1.12.0/stm32cubeide/plugins/com.st.stm32cube.ide.mcu.externaltools.gnu-tools-for-stm32.10.3-2021.10.win32_1.0.200.202301161003/tools/bin/../lib/gcc/arm-none-eabi/10.3.1/../../../../arm-none-eabi/lib/thumb/v7-m/nofp/crt0.o (exit)
c:/program files/stmicroelectronics/stm32cubeide_1.12.0/stm32cubeide/plugins/com.st.stm32cube.ide.mcu.externaltools.gnu-tools-for-stm32.10.3-2021.10.win32_1.0.200.202301161003/tools/bin/../lib/gcc/arm-none-eabi/10.3.1/../../../../arm-none-eabi/lib/thumb/v7-m/nofp\libc_nano.a(lib_a-impure.o)
                              c:/program files/stmicroelectronics/stm32cubeide_1.12.0/stm32cubeide/plugins/com.st.stm32cube.ide.mcu.externaltools.gnu-tools-for-stm32.10.3-2021.10.win32_1.0.200.202301161003/tools/bin/../lib/gcc/arm-none-eabi/10.3.1/../../../../arm-none-eabi/lib/thumb/v7-m/nofp\libc_nano.a(lib_a-exit.o) (_global_impure_ptr)
c:/program files/stmicroelectronics/stm32cubeide_1.12.0/stm32cubeide/plugins/com.st.stm32cube.ide.mcu.externaltools.gnu-tools-for-stm32.10.3-2021.10.win32_1.0.200.202301161003/tools/bin/../lib/gcc/arm-none-eabi/10.3.1/../../../../arm-none-eabi/lib/thumb/v7-m/nofp\libc_nano.a(lib_a-init.o)
                              c:/program files/stmicroelectronics/stm32cubeide_1.12.0/stm32cubeide/plugins/com.st.stm32cube.ide.mcu.externaltools.gnu-tools-for-stm32.10.3-2021.10.win32_1.0.200.202301161003/tools/bin/../lib/gcc/arm-none-eabi/10.3.1/../../../../arm-none-eabi/lib/thumb/v7-m/nofp/crt0.o (__libc_init_array)
c:/program files/stmicroelectronics/stm32cubeide_1.12.0/stm32cubeide/plugins/com.st.stm32cube.ide.mcu.externaltools.gnu-tools-for-stm32.10.3-2021.10.win32_1.0.200.202301161003/tools/bin/../lib/gcc/arm-none-eabi/10.3.1/../../../../arm-none-eabi/lib/thumb/v7-m/nofp\libc_nano.a(lib_a-malloc.o)
                              ./Drivers/MAX30102/max30102_for_stm32_hal.o (malloc)
c:/program files/stmicroelectronics/stm32cubeide_1.12.0/stm32cubeide/plugins/com.st.stm32cube.ide.mcu.externaltools.gnu-tools-for-stm32.10.3-2021.10.win32_1.0.200.202301161003/tools/bin/../lib/gcc/arm-none-eabi/10.3.1/../../../../arm-none-eabi/lib/thumb/v7-m/nofp\libc_nano.a(lib_a-memcpy-stub.o)
                              ./Drivers/MAX30102/max30102_for_stm32_hal.o (memcpy)
c:/program files/stmicroelectronics/stm32cubeide_1.12.0/stm32cubeide/plugins/com.st.stm32cube.ide.mcu.externaltools.gnu-tools-for-stm32.10.3-2021.10.win32_1.0.200.202301161003/tools/bin/../lib/gcc/arm-none-eabi/10.3.1/../../../../arm-none-eabi/lib/thumb/v7-m/nofp\libc_nano.a(lib_a-memset.o)
                              c:/program files/stmicroelectronics/stm32cubeide_1.12.0/stm32cubeide/plugins/com.st.stm32cube.ide.mcu.externaltools.gnu-tools-for-stm32.10.3-2021.10.win32_1.0.200.202301161003/tools/bin/../lib/gcc/arm-none-eabi/10.3.1/../../../../arm-none-eabi/lib/thumb/v7-m/nofp/crt0.o (memset)
c:/program files/stmicroelectronics/stm32cubeide_1.12.0/stm32cubeide/plugins/com.st.stm32cube.ide.mcu.externaltools.gnu-tools-for-stm32.10.3-2021.10.win32_1.0.200.202301161003/tools/bin/../lib/gcc/arm-none-eabi/10.3.1/../../../../arm-none-eabi/lib/thumb/v7-m/nofp\libc_nano.a(lib_a-nano-freer.o)
                              c:/program files/stmicroelectronics/stm32cubeide_1.12.0/stm32cubeide/plugins/com.st.stm32cube.ide.mcu.externaltools.gnu-tools-for-stm32.10.3-2021.10.win32_1.0.200.202301161003/tools/bin/../lib/gcc/arm-none-eabi/10.3.1/../../../../arm-none-eabi/lib/thumb/v7-m/nofp\libc_nano.a(lib_a-malloc.o) (_free_r)
c:/program files/stmicroelectronics/stm32cubeide_1.12.0/stm32cubeide/plugins/com.st.stm32cube.ide.mcu.externaltools.gnu-tools-for-stm32.10.3-2021.10.win32_1.0.200.202301161003/tools/bin/../lib/gcc/arm-none-eabi/10.3.1/../../../../arm-none-eabi/lib/thumb/v7-m/nofp\libc_nano.a(lib_a-nano-mallocr.o)
                              c:/program files/stmicroelectronics/stm32cubeide_1.12.0/stm32cubeide/plugins/com.st.stm32cube.ide.mcu.externaltools.gnu-tools-for-stm32.10.3-2021.10.win32_1.0.200.202301161003/tools/bin/../lib/gcc/arm-none-eabi/10.3.1/../../../../arm-none-eabi/lib/thumb/v7-m/nofp\libc_nano.a(lib_a-malloc.o) (_malloc_r)
[...]
Memory Configuration

Name             Origin             Length             Attributes
RAM              0x0000000020000000 0x0000000000005000 xrw
FLASH            0x0000000008000000 0x0000000000020000 xr
*default*        0x0000000000000000 0xffffffffffffffff

Linker script and memory map

LOAD c:/program files/stmicroelectronics/stm32cubeide_1.12.0/stm32cubeide/plugins/com.st.stm32cube.ide.mcu.externaltools.gnu-tools-for-stm32.10.3-2021.10.win32_1.0.200.202301161003/tools/bin/../lib/gcc/arm-none-eabi/10.3.1/thumb/v7-m/nofp/crti.o
LOAD c:/program files/stmicroelectronics/stm32cubeide_1.12.0/stm32cubeide/plugins/com.st.stm32cube.ide.mcu.externaltools.gnu-tools-for-stm32.10.3-2021.10.win32_1.0.200.202301161003/tools/bin/../lib/gcc/arm-none-eabi/10.3.1/thumb/v7-m/nofp/crtbegin.o
LOAD c:/program files/stmicroelectronics/stm32cubeide_1.12.0/stm32cubeide/plugins/com.st.stm32cube.ide.mcu.externaltools.gnu-tools-for-stm32.10.3-2021.10.win32_1.0.200.202301161003/tools/bin/../lib/gcc/arm-none-eabi/10.3.1/../../../../arm-none-eabi/lib/thumb/v7-m/nofp/crt0.o
LOAD ./Alghoritms/spo2_algorithm.o
LOAD ./Core/Src/exp_measurement.o
LOAD ./Core/Src/exp_protocol.o
LOAD ./Core/Src/main.o
LOAD ./Core/Src/stm32f1xx_hal_msp.o
LOAD ./Core/Src/stm32f1xx_it.o
LOAD ./Core/Src/syscalls.o
LOAD ./Core/Src/sysmem.o
LOAD ./Core/Src/system_stm32f1xx.o
LOAD ./Core/Startup/startup_stm32f103cbtx.o
LOAD ./Drivers/MAX30102/max30102_for_stm32_hal.o
LOAD ./Drivers/STM32F1xx_HAL_Driver/Src/stm32f1xx_hal.o
LOAD ./Drivers/STM32F1xx_HAL_Driver/Src/stm32f1xx_hal_cortex.o
LOAD ./Drivers/STM32F1xx_HAL_Driver/Src/stm32f1xx_hal_dma.o
LOAD ./Drivers/STM32F1xx_HAL_Driver/Src/stm32f1xx_hal_exti.o
LOAD ./Drivers/STM32F1xx_HAL_Driver/Src/stm32f1xx_hal_flash.o
LOAD ./Drivers/STM32F1xx_HAL_Driver/Src/stm32f1xx_hal_flash_ex.o
LOAD ./Drivers/STM32F1xx_HAL_Driver/Src/stm32f1xx_hal_gpio.o
LOAD ./Drivers/STM32F1xx_HAL_Driver/Src/stm32f1xx_hal_gpio_ex.o
LOAD ./Drivers/STM32F1xx_HAL_Driver/Src/stm32f1xx_hal_i2c.o
LOAD ./Drivers/STM32F1xx_HAL_Driver/Src/stm32f1xx_hal_pwr.o
LOAD ./Drivers/STM32F1xx_HAL_Driver/Src/stm32f1xx_hal_rcc.o
LOAD ./Drivers/STM32F1xx_HAL_Driver/Src/stm32f1xx_hal_rcc_ex.o
LOAD ./Drivers/STM32F1xx_HAL_Driver/Src/stm32f1xx_hal_spi.o
LOAD ./Drivers/STM32F1xx_HAL_Driver/Src/stm32f1xx_hal_tim.o
LOAD ./Drivers/STM32F1xx_HAL_Driver/Src/stm32f1xx_hal_tim_ex.o
LOAD ./Drivers/STM32F1xx_HAL_Driver/Src/stm32f1xx_hal_uart.o
LOAD ./Drivers/W25Q/w25q_spi.o
LOAD ./Libraries/Src/SPI_Connection.o
LOAD ./Libraries/Src/protocol_parser.o
LOAD ./Libraries/Src/sensor_utils.o
START GROUP
LOAD c:/program files/stmicroelectronics/stm32cubeide_1.12.0/stm32cubeide/plugins/com.st.stm32cube.ide.mcu.externaltools.gnu-tools-for-stm32.10.3-2021.10.win32_1.0.200.202301161003/tools/bin/../lib/gcc/arm-none-eabi/10.3.1/../../../../arm-none-eabi/lib/thumb/v7-m/nofp\libc_nano.a
LOAD c:/program files/stmicroelectronics/stm32cubeide_1.12.0/stm32cubeide/plugins/com.st.stm32cube.ide.mcu.externaltools.gnu-tools-for-stm32.10.3-2021.10.win32_1.0.200.202301161003/tools/bin/../lib/gcc/arm-none-eabi/10.3.1/../../../../arm-none-eabi/lib/thumb/v7-m/nofp\libm.a
END GROUP
START GROUP
LOAD c:/program files/stmicroelectronics/stm32cubeide_1.12.0/stm32cubeide/plugins/com.st.stm32cube.ide.mcu.externaltools.gnu-tools-for-stm32.10.3-2021.10.win32_1.0.200.202301161003/tools/bin/../lib/gcc/arm-none-eabi/10.3.1/thumb/v7-m/nofp\libgcc.a
LOAD c:/program files/stmicroelectronics/stm32cubeide_1.12.0/stm32cubeide/plugins/com.st.stm32cube.ide.mcu.externaltools.gnu-tools-for-stm32.10.3-2021.10.win32_1.0.200.202301161003/tools/bin/../lib/gcc/arm-none-eabi/10.3.1/../../../../arm-none-eabi/lib/thumb/v7-m/nofp\libc_nano.a
END GROUP
START GROUP
LOAD c:/program files/stmicroelectronics/stm32cubeide_1.12.0/stm32cubeide/plugins/com.st.stm32cube.ide.mcu.externaltools.gnu-tools-for-stm32.10.3-2021.10.win32_1.0.200.202301161003/tools/bin/../lib/gcc/arm-none-eabi/10.3.1/thumb/v7-m/nofp\libgcc.a
LOAD c:/program files/stmicroelectronics/stm32cubeide_1.12.0/stm32cubeide/plugins/com.st.stm32cube.ide.mcu.externaltools.gnu-tools-for-stm32.10.3-2021.10.win32_1.0.200.202301161003/tools/bin/../lib/gcc/arm-none-eabi/10.3.1/../../../../arm-none-eabi/lib/thumb/v7-m/nofp\libc_nano.a
LOAD c:/program files/stmicroelectronics/stm32cubeide_1.12.0/stm32cubeide/plugins/com.st.stm32cube.ide.mcu.externaltools.gnu-tools-for-stm32.10.3-2021.10.win32_1.0.200.202301161003/tools/bin/../lib/gcc/arm-none-eabi/10.3.1/../../../../arm-none-eabi/lib/thumb/v7-m/nofp\libnosys.a
END GROUP
START GROUP
LOAD c:/program files/stmicroelectronics/stm32cubeide_1.12.0/stm32cubeide/plugins/com.st.stm32cube.ide.mcu.externaltools.gnu-tools-for-stm32.10.3-2021.10.win32_1.0.200.202301161003/tools/bin/../lib/gcc/arm-none-eabi/10.3.1/thumb/v7-m/nofp\libgcc.a
LOAD c:/program files/stmicroelectronics/stm32cubeide_1.12.0/stm32cubeide/plugins/com.st.stm32cube.ide.mcu.externaltools.gnu-tools-for-stm32.10.3-2021.10.win32_1.0.200.202301161003/tools/bin/../lib/gcc/arm-none-eabi/10.3.1/../../../../arm-none-eabi/lib/thumb/v7-m/nofp\libc_nano.a
LOAD c:/program files/stmicroelectronics/stm32cubeide_1.12.0/stm32cubeide/plugins/com.st.stm32cube.ide.mcu.externaltools.gnu-tools-for-stm32.10.3-2021.10.win32_1.0.200.202301161003/tools/bin/../lib/gcc/arm-none-eabi/10.3.1/../../../../arm-none-eabi/lib/thumb/v7-m/nofp\libnosys.a
END GROUP
LOAD c:/program files/stmicroelectronics/stm32cubeide_1.12.0/stm32cubeide/plugins/com.st.stm32cube.ide.mcu.externaltools.gnu-tools-for-stm32.10.3-2021.10.win32_1.0.200.202301161003/tools/bin/../lib/gcc/arm-none-eabi/10.3.1/thumb/v7-m/nofp/crtend.o
LOAD c:/program files/stmicroelectronics/stm32cubeide_1.12.0/stm32cubeide/plugins/com.st.stm32cube.ide.mcu.externaltools.gnu-tools-for-stm32.10.3-2021.10.win32_1.0.200.202301161003/tools/bin/../lib/gcc/arm-none-eabi/10.3.1/thumb/v7-m/nofp/crtn.o
                0x0000000020005000                _estack = (ORIGIN (RAM) + LENGTH (RAM))
                0x0000000000000200                _Min_Heap_Size = 0x200
                0x0000000000000400                _Min_Stack_Size = 0x400

.isr_vector     0x0000000008000000      0x10c
                0x0000000008000000                . = ALIGN (0x4)
 *(.isr_vector)
 .isr_vector    0x0000000008000000      0x10c ./Core/Startup/startup_stm32f103cbtx.o
                0x0000000008000000                g_pfnVectors
                0x000000000800010c                . = ALIGN (0x4)

.text           0x0000000008000110     0x6ddc
                0x0000000008000110                . = ALIGN (0x4)
 *(.text)
 .text          0x0000000008000110       0x40 c:/program files/stmicroelectronics/stm32cubeide_1.12.0/stm32cubeide/plugins/com.st.stm32cube.ide.mcu.externaltools.gnu-tools-for-stm32.10.3-2021.10.win32_1.0.200.202301161003/tools/bin/../lib/gcc/arm-none-eabi/10.3.1/thumb/v7-m/nofp/crtbegin.o
 .text          0x0000000008000150      0x378 c:/program files/stmicroelectronics/stm32cubeide_1.12.0/stm32cubeide/plugins/com.st.stm32cube.ide.mcu.externaltools.gnu-tools-for-stm32.10.3-2021.10.win32_1.0.200.202301161003/tools/bin/../lib/gcc/arm-none-eabi/10.3.1/thumb/v7-m/nofp\libgcc.a(_arm_addsubdf3.o)
                0x0000000008000150                __aeabi_drsub
                0x0000000008000158                __aeabi_dsub
                0x0000000008000158                __subdf3
                0x000000000800015c                __aeabi_dadd
                0x000000000800015c                __adddf3
                0x00000000080003d4                __floatunsidf
                0x00000000080003d4                __aeabi_ui2d
                0x00000000080003f4                __floatsidf
                0x00000000080003f4                __aeabi_i2d
                0x0000000008000418                __aeabi_f2d
                0x0000000008000418                __extendsfdf2
                0x000000000800045c                __floatundidf
                0x000000000800045c                __aeabi_ul2d
                0x000000000800046c                __floatdidf
                0x000000000800046c                __aeabi_l2d
 .text          0x00000000080004c8      0x424 c:/program files/stmicroelectronics/stm32cubeide_1.12.0/stm32cubeide/plugins/com.st.stm32cube.ide.mcu.externaltools.gnu-tools-for-stm32.10.3-2021.10.win32_1.0.200.202301161003/tools/bin/../lib/gcc/arm-none-eabi/10.3.1/thumb/v7-m/nofp\libgcc.a(_arm_muldivdf3.o)
                0x00000000080004c8                __aeabi_dmul
                0x00000000080004c8                __muldf3
                0x000000000800071c                __divdf3
                0x000000000800071c                __aeabi_ddiv
 .text          0x00000000080008ec       0x40 c:/program files/stmicroelectronics/stm32cubeide_1.12.0/stm32cubeide/plugins/com.st.stm32cube.ide.mcu.externaltools.gnu-tools-for-stm32.10.3-2021.10.win32_1.0.200.202301161003/tools/bin/../lib/gcc/arm-none-eabi/10.3.1/thumb/v7-m/nofp\libgcc.a(_arm_fixunsdfsi.o)
                0x00000000080008ec                __aeabi_d2uiz
                0x00000000080008ec                __fixunsdfsi
 *(.text*)
 .text.maxim_heart_rate_and_oxygen_saturation
                0x000000000800092c      0x628 ./Alghoritms/spo2_algorithm.o
                0x000000000800092c                maxim_heart_rate_and_oxygen_saturation
 .text.maxim_find_peaks
                0x0000000008000f54       0x42 ./Alghoritms/spo2_algorithm.o
                0x0000000008000f54                maxim_find_peaks
 .text.maxim_peaks_above_min_height
                0x0000000008000f96       0xe6 ./Alghoritms/spo2_algorithm.o
                0x0000000008000f96                maxim_peaks_above_min_height
 .text.maxim_remove_close_peaks
                0x000000000800107c       0xc0 ./Alghoritms/spo2_algorithm.o
                0x000000000800107c                maxim_remove_close_peaks
 .text.maxim_sort_ascend
                0x000000000800113c       0x84 ./Alghoritms/spo2_algorithm.o
                0x000000000800113c                maxim_sort_ascend
 .text.maxim_sort_indices_descend
                0x00000000080011c0       0x96 ./Alghoritms/spo2_algorithm.o
                0x00000000080011c0                maxim_sort_indices_descend
 *fill*         0x0000000008001256        0x2 
 .text.get_measurement_time
                0x0000000008001258       0x14 ./Core/Src/exp_measurement.o
                0x0000000008001258                get_measurement_time
 .text.reset_meas_time
                0x000000000800126c       0x24 ./Core/Src/exp_measurement.o
                0x000000000800126c                reset_meas_time
 .text.start_measurement
                0x0000000008001290       0x44 ./Core/Src/exp_measurement.o
                0x0000000008001290                start_measurement
 .text.stop_measurement
                0x00000000080012d4       0x3c ./Core/Src/exp_measurement.o
                0x00000000080012d4                stop_measurement
 .text.HAL_TIM_PeriodElapsedCallback
                0x0000000008001310       0x70 ./Core/Src/exp_measurement.o
                0x0000000008001310                HAL_TIM_PeriodElapsedCallback
 .text.parser_exp
                0x0000000008001380       0x40 ./Core/Src/exp_protocol.o
                0x0000000008001380                parser_exp
 .text.HAL_UART_RxCpltCallback
                0x00000000080013c0       0x44 ./Core/Src/exp_protocol.o
                0x00000000080013c0                HAL_UART_RxCpltCallback
 .text.uart_init
                0x0000000008001404       0x28 ./Core/Src/exp_protocol.o
                0x0000000008001404                uart_init
 .text.send_data
                0x000000000800142c       0x54 ./Core/Src/exp_protocol.o
                0x000000000800142c                send_data
 .text.main     0x0000000008001480       0xf0 ./Core/Src/main.o
                0x0000000008001480                main
 .text.SystemClock_Config
                0x0000000008001570       0x8a ./Core/Src/main.o
                0x0000000008001570                SystemClock_Config
 *fill*         0x00000000080015fa        0x2 
 .text.MX_I2C1_Init
                0x00000000080015fc       0x5c ./Core/Src/main.o
 .text.MX_SPI1_Init
                0x0000000008001658       0x6c ./Core/Src/main.o
 .text.MX_SPI2_Init
                0x00000000080016c4       0x64 ./Core/Src/main.o
 .text.MX_TIM1_Init
                0x0000000008001728       0xa0 ./Core/Src/main.o
 .text.MX_TIM2_Init
                0x00000000080017c8       0xfc ./Core/Src/main.o
 .text.MX_TIM3_Init
                0x00000000080018c4       0x9c ./Core/Src/main.o
 .text.MX_TIM4_Init
                0x0000000008001960       0x9c ./Core/Src/main.o
 .text.MX_USART1_UART_Init
                0x00000000080019fc       0x54 ./Core/Src/main.o
 .text.MX_GPIO_Init
                0x0000000008001a50       0xec ./Core/Src/main.o
 .text.Error_Handler
                0x0000000008001b3c        0xa ./Core/Src/main.o
                0x0000000008001b3c                Error_Handler
 *fill*         0x0000000008001b46        0x2 
 .text.HAL_MspInit
                0x0000000008001b48       0x64 ./Core/Src/stm32f1xx_hal_msp.o
                0x0000000008001b48                HAL_MspInit
 .text.HAL_I2C_MspInit
                0x0000000008001bac       0x7c ./Core/Src/stm32f1xx_hal_msp.o
                0x0000000008001bac                HAL_I2C_MspInit
 .text.HAL_SPI_MspInit
                0x0000000008001c28      0x11c ./Core/Src/stm32f1xx_hal_msp.o
                0x0000000008001c28                HAL_SPI_MspInit
 .text.HAL_TIM_Base_MspInit
                0x0000000008001d44       0xe0 ./Core/Src/stm32f1xx_hal_msp.o
                0x0000000008001d44                HAL_TIM_Base_MspInit
 .text.HAL_TIM_MspPostInit
                0x0000000008001e24       0x60 ./Core/Src/stm32f1xx_hal_msp.o
                0x0000000008001e24                HAL_TIM_MspPostInit
 .text.HAL_UART_MspInit
                0x0000000008001e84       0xa8 ./Core/Src/stm32f1xx_hal_msp.o
                0x0000000008001e84                HAL_UART_MspInit
 .text.NMI_Handler
                0x0000000008001f2c        0x6 ./Core/Src/stm32f1xx_it.o
                0x0000000008001f2c                NMI_Handler
 .text.HardFault_Handler
                0x0000000008001f32        0x6 ./Core/Src/stm32f1xx_it.o
                0x0000000008001f32                HardFault_Handler
 .text.MemManage_Handler
                0x0000000008001f38        0x6 ./Core/Src/stm32f1xx_it.o
                0x0000000008001f38                MemManage_Handler
 .text.BusFault_Handler
                0x0000000008001f3e        0x6 ./Core/Src/stm32f1xx_it.o
                0x0000000008001f3e                BusFault_Handler
 .text.UsageFault_Handler
                0x0000000008001f44        0x6 ./Core/Src/stm32f1xx_it.o
                0x0000000008001f44                UsageFault_Handler
 .text.SVC_Handler
                0x0000000008001f4a        0xc ./Core/Src/stm32f1xx_it.o
                0x0000000008001f4a                SVC_Handler
 .text.DebugMon_Handler
                0x0000000008001f56        0xc ./Core/Src/stm32f1xx_it.o
                0x0000000008001f56                DebugMon_Handler
 .text.PendSV_Handler
                0x0000000008001f62        0xc ./Core/Src/stm32f1xx_it.o
                0x0000000008001f62                PendSV_Handler
 .text.SysTick_Handler
                0x0000000008001f6e        0xc ./Core/Src/stm32f1xx_it.o
                0x0000000008001f6e                SysTick_Handler
 *fill*         0x0000000008001f7a        0x2 
 .text.TIM1_UP_IRQHandler
                0x0000000008001f7c       0x14 ./Core/Src/stm32f1xx_it.o
                0x0000000008001f7c                TIM1_UP_IRQHandler
 .text.TIM3_IRQHandler
                0x0000000008001f90       0x1c ./Core/Src/stm32f1xx_it.o
                0x0000000008001f90                TIM3_IRQHandler
 .text.TIM4_IRQHandler
                0x0000000008001fac       0x14 ./Core/Src/stm32f1xx_it.o
                0x0000000008001fac                TIM4_IRQHandler
 .text.SPI2_IRQHandler
                0x0000000008001fc0       0x14 ./Core/Src/stm32f1xx_it.o
                0x0000000008001fc0                SPI2_IRQHandler
 .text.USART1_IRQHandler
                0x0000000008001fd4       0x14 ./Core/Src/stm32f1xx_it.o
                0x0000000008001fd4                USART1_IRQHandler
 .text.EXTI15_10_IRQHandler
                0x0000000008001fe8       0x10 ./Core/Src/stm32f1xx_it.o
                0x0000000008001fe8                EXTI15_10_IRQHandler
 .text._sbrk    0x0000000008001ff8       0x6c ./Core/Src/sysmem.o
                0x0000000008001ff8                _sbrk
 .text.SystemInit
                0x0000000008002064        0xc ./Core/Src/system_stm32f1xx.o
                0x0000000008002064                SystemInit
 .text.Reset_Handler
                0x0000000008002070       0x48 ./Core/Startup/startup_stm32f103cbtx.o
                0x0000000008002070                Reset_Handler
 .text.Default_Handler
                0x00000000080020b8        0x2 ./Core/Startup/startup_stm32f103cbtx.o
                0x00000000080020b8                RTC_Alarm_IRQHandler
                0x00000000080020b8                EXTI2_IRQHandler
                0x00000000080020b8                TIM1_CC_IRQHandler
                0x00000000080020b8                PVD_IRQHandler
                0x00000000080020b8                EXTI3_IRQHandler
                0x00000000080020b8                EXTI0_IRQHandler
                0x00000000080020b8                I2C2_EV_IRQHandler
                0x00000000080020b8                ADC1_2_IRQHandler
                0x00000000080020b8                SPI1_IRQHandler
                0x00000000080020b8                TAMPER_IRQHandler
                0x00000000080020b8                DMA1_Channel4_IRQHandler
                0x00000000080020b8                USART3_IRQHandler
                0x00000000080020b8                RTC_IRQHandler
                0x00000000080020b8                DMA1_Channel7_IRQHandler
                0x00000000080020b8                CAN1_RX1_IRQHandler
                0x00000000080020b8                I2C1_EV_IRQHandler
                0x00000000080020b8                DMA1_Channel6_IRQHandler
                0x00000000080020b8                RCC_IRQHandler
                0x00000000080020b8                TIM1_TRG_COM_IRQHandler
                0x00000000080020b8                DMA1_Channel1_IRQHandler
                0x00000000080020b8                Default_Handler
                0x00000000080020b8                EXTI9_5_IRQHandler
                0x00000000080020b8                DMA1_Channel5_IRQHandler
                0x00000000080020b8                EXTI4_IRQHandler
                0x00000000080020b8                USB_LP_CAN1_RX0_IRQHandler
                0x00000000080020b8                USB_HP_CAN1_TX_IRQHandler
                0x00000000080020b8                DMA1_Channel3_IRQHandler
                0x00000000080020b8                WWDG_IRQHandler
                0x00000000080020b8                TIM2_IRQHandler
                0x00000000080020b8                TIM1_BRK_IRQHandler
                0x00000000080020b8                EXTI1_IRQHandler
                0x00000000080020b8                USART2_IRQHandler
                0x00000000080020b8                I2C2_ER_IRQHandler
                0x00000000080020b8                DMA1_Channel2_IRQHandler
                0x00000000080020b8                CAN1_SCE_IRQHandler
                0x00000000080020b8                FLASH_IRQHandler
                0x00000000080020b8                I2C1_ER_IRQHandler
                0x00000000080020b8                USBWakeUp_IRQHandler
 .text.max30102_init
                0x00000000080020ba       0x66 ./Drivers/MAX30102/max30102_for_stm32_hal.o
                0x00000000080020ba                max30102_init
 .text.max30102_write
                0x0000000008002120       0x68 ./Drivers/MAX30102/max30102_for_stm32_hal.o
                0x0000000008002120                max30102_write
 .text.max30102_read
                0x0000000008002188       0x4a ./Drivers/MAX30102/max30102_for_stm32_hal.o
                0x0000000008002188                max30102_read
 .text.max30102_reset
                0x00000000080021d2       0x22 ./Drivers/MAX30102/max30102_for_stm32_hal.o
                0x00000000080021d2                max30102_reset
 .text.max30102_set_a_full
                0x00000000080021f4       0x50 ./Drivers/MAX30102/max30102_for_stm32_hal.o
                0x00000000080021f4                max30102_set_a_full
 .text.max30102_set_alc_ovf
                0x0000000008002244       0x56 ./Drivers/MAX30102/max30102_for_stm32_hal.o
                0x0000000008002244                max30102_set_alc_ovf
 .text.max30102_set_die_temp_rdy
                0x000000000800229a       0x30 ./Drivers/MAX30102/max30102_for_stm32_hal.o
                0x000000000800229a                max30102_set_die_temp_rdy
 .text.max30102_set_die_temp_en
                0x00000000080022ca       0x30 ./Drivers/MAX30102/max30102_for_stm32_hal.o
                0x00000000080022ca                max30102_set_die_temp_en
 *fill*         0x00000000080022fa        0x2 
 .text.max30102_interrupt_handler
                0x00000000080022fc       0x94 ./Drivers/MAX30102/max30102_for_stm32_hal.o
                0x00000000080022fc                max30102_interrupt_handler
 .text.max30102_shutdown
                0x0000000008002390       0x48 ./Drivers/MAX30102/max30102_for_stm32_hal.o
                0x0000000008002390                max30102_shutdown
 .text.max30102_set_mode
                0x00000000080023d8       0x4c ./Drivers/MAX30102/max30102_for_stm32_hal.o
                0x00000000080023d8                max30102_set_mode
 .text.max30102_set_sampling_rate
                0x0000000008002424       0x48 ./Drivers/MAX30102/max30102_for_stm32_hal.o
                0x0000000008002424                max30102_set_sampling_rate
 .text.max30102_set_led_pulse_width
                0x000000000800246c       0x46 ./Drivers/MAX30102/max30102_for_stm32_hal.o
                0x000000000800246c                max30102_set_led_pulse_width
 .text.max30102_set_adc_resolution
                0x00000000080024b2       0x48 ./Drivers/MAX30102/max30102_for_stm32_hal.o
                0x00000000080024b2                max30102_set_adc_resolution
 *fill*         0x00000000080024fa        0x6 
 .text.max30102_set_led_current_1
                0x0000000008002500       0x50 ./Drivers/MAX30102/max30102_for_stm32_hal.o
                0x0000000008002500                max30102_set_led_current_1
 .text.max30102_set_led_current_2
                0x0000000008002550       0x50 ./Drivers/MAX30102/max30102_for_stm32_hal.o
                0x0000000008002550                max30102_set_led_current_2
 .text.max30102_set_fifo_config
                0x00000000080025a0       0x74 ./Drivers/MAX30102/max30102_for_stm32_hal.o
                0x00000000080025a0                max30102_set_fifo_config
 .text.max30102_clear_fifo
                0x0000000008002614       0x66 ./Drivers/MAX30102/max30102_for_stm32_hal.o
                0x0000000008002614                max30102_clear_fifo
 *fill*         0x000000000800267a        0x2 
 .text.max30102_read_fifo
                0x000000000800267c      0x14c ./Drivers/MAX30102/max30102_for_stm32_hal.o
                0x000000000800267c                max30102_read_fifo
 .text.max30102_get_samples_for_processing
                0x00000000080027c8      0x188 ./Drivers/MAX30102/max30102_for_stm32_hal.o
                0x00000000080027c8                max30102_get_samples_for_processing
 .text.max30102_check_ready_data
                0x0000000008002950       0x22 ./Drivers/MAX30102/max30102_for_stm32_hal.o
                0x0000000008002950                max30102_check_ready_data
 .text.max30102_read_temp
                0x0000000008002972       0x2c ./Drivers/MAX30102/max30102_for_stm32_hal.o
                0x0000000008002972                max30102_read_temp
 *fill*         0x000000000800299e        0x2 
 .text.HAL_Init
                0x00000000080029a0       0x2c ./Drivers/STM32F1xx_HAL_Driver/Src/stm32f1xx_hal.o
                0x00000000080029a0                HAL_Init
 .text.HAL_InitTick
                0x00000000080029cc       0x60 ./Drivers/STM32F1xx_HAL_Driver/Src/stm32f1xx_hal.o
                0x00000000080029cc                HAL_InitTick
 .text.HAL_IncTick
                0x0000000008002a2c       0x24 ./Drivers/STM32F1xx_HAL_Driver/Src/stm32f1xx_hal.o
                0x0000000008002a2c                HAL_IncTick
 .text.HAL_GetTick
                0x0000000008002a50       0x14 ./Drivers/STM32F1xx_HAL_Driver/Src/stm32f1xx_hal.o
                0x0000000008002a50                HAL_GetTick
 .text.__NVIC_SetPriorityGrouping
                0x0000000008002a64       0x48 ./Drivers/STM32F1xx_HAL_Driver/Src/stm32f1xx_hal_cortex.o
 .text.__NVIC_GetPriorityGrouping
                0x0000000008002aac       0x1c ./Drivers/STM32F1xx_HAL_Driver/Src/stm32f1xx_hal_cortex.o
 .text.__NVIC_EnableIRQ
                0x0000000008002ac8       0x38 ./Drivers/STM32F1xx_HAL_Driver/Src/stm32f1xx_hal_cortex.o
 .text.__NVIC_SetPriority
                0x0000000008002b00       0x54 ./Drivers/STM32F1xx_HAL_Driver/Src/stm32f1xx_hal_cortex.o
 .text.NVIC_EncodePriority
                0x0000000008002b54       0x64 ./Drivers/STM32F1xx_HAL_Driver/Src/stm32f1xx_hal_cortex.o
 .text.SysTick_Config
                0x0000000008002bb8       0x44 ./Drivers/STM32F1xx_HAL_Driver/Src/stm32f1xx_hal_cortex.o
 .text.HAL_NVIC_SetPriorityGrouping
                0x0000000008002bfc       0x16 ./Drivers/STM32F1xx_HAL_Driver/Src/stm32f1xx_hal_cortex.o
                0x0000000008002bfc                HAL_NVIC_SetPriorityGrouping
 .text.HAL_NVIC_SetPriority
                0x0000000008002c12       0x38 ./Drivers/STM32F1xx_HAL_Driver/Src/stm32f1xx_hal_cortex.o
                0x0000000008002c12                HAL_NVIC_SetPriority
 .text.HAL_NVIC_EnableIRQ
                0x0000000008002c4a       0x1c ./Drivers/STM32F1xx_HAL_Driver/Src/stm32f1xx_hal_cortex.o
                0x0000000008002c4a                HAL_NVIC_EnableIRQ
 .text.HAL_SYSTICK_Config
                0x0000000008002c66       0x18 ./Drivers/STM32F1xx_HAL_Driver/Src/stm32f1xx_hal_cortex.o
                0x0000000008002c66                HAL_SYSTICK_Config
 .text.HAL_DMA_Abort
                0x0000000008002c7e       0x74 ./Drivers/STM32F1xx_HAL_Driver/Src/stm32f1xx_hal_dma.o
                0x0000000008002c7e                HAL_DMA_Abort
 *fill*         0x0000000008002cf2        0x2 
 .text.HAL_DMA_Abort_IT
                0x0000000008002cf4       0xec ./Drivers/STM32F1xx_HAL_Driver/Src/stm32f1xx_hal_dma.o
                0x0000000008002cf4                HAL_DMA_Abort_IT
 .text.HAL_GPIO_Init
                0x0000000008002de0      0x308 ./Drivers/STM32F1xx_HAL_Driver/Src/stm32f1xx_hal_gpio.o
                0x0000000008002de0                HAL_GPIO_Init
 .text.HAL_GPIO_ReadPin
                0x00000000080030e8       0x2e ./Drivers/STM32F1xx_HAL_Driver/Src/stm32f1xx_hal_gpio.o
                0x00000000080030e8                HAL_GPIO_ReadPin
 .text.HAL_GPIO_WritePin
                0x0000000008003116       0x30 ./Drivers/STM32F1xx_HAL_Driver/Src/stm32f1xx_hal_gpio.o
                0x0000000008003116                HAL_GPIO_WritePin
 .text.HAL_GPIO_TogglePin
                0x0000000008003146       0x32 ./Drivers/STM32F1xx_HAL_Driver/Src/stm32f1xx_hal_gpio.o
                0x0000000008003146                HAL_GPIO_TogglePin
 .text.HAL_GPIO_EXTI_IRQHandler
                0x0000000008003178       0x30 ./Drivers/STM32F1xx_HAL_Driver/Src/stm32f1xx_hal_gpio.o
                0x0000000008003178                HAL_GPIO_EXTI_IRQHandler
 .text.HAL_I2C_Init
                0x00000000080031a8      0x288 ./Drivers/STM32F1xx_HAL_Driver/Src/stm32f1xx_hal_i2c.o
                0x00000000080031a8                HAL_I2C_Init
 .text.HAL_I2C_Master_Transmit
                0x0000000008003430      0x1fc ./Drivers/STM32F1xx_HAL_Driver/Src/stm32f1xx_hal_i2c.o
                0x0000000008003430                HAL_I2C_Master_Transmit
 .text.HAL_I2C_Master_Receive
                0x000000000800362c      0x4c0 ./Drivers/STM32F1xx_HAL_Driver/Src/stm32f1xx_hal_i2c.o
                0x000000000800362c                HAL_I2C_Master_Receive
 .text.I2C_MasterRequestWrite
                0x0000000008003aec      0x104 ./Drivers/STM32F1xx_HAL_Driver/Src/stm32f1xx_hal_i2c.o
 .text.I2C_MasterRequestRead
                0x0000000008003bf0      0x19c ./Drivers/STM32F1xx_HAL_Driver/Src/stm32f1xx_hal_i2c.o
 .text.I2C_WaitOnFlagUntilTimeout
                0x0000000008003d8c       0xae ./Drivers/STM32F1xx_HAL_Driver/Src/stm32f1xx_hal_i2c.o
 .text.I2C_WaitOnMasterAddressFlagUntilTimeout
                0x0000000008003e3a       0xfe ./Drivers/STM32F1xx_HAL_Driver/Src/stm32f1xx_hal_i2c.o
 .text.I2C_WaitOnTXEFlagUntilTimeout
                0x0000000008003f38       0x82 ./Drivers/STM32F1xx_HAL_Driver/Src/stm32f1xx_hal_i2c.o
 .text.I2C_WaitOnBTFFlagUntilTimeout
                0x0000000008003fba       0x82 ./Drivers/STM32F1xx_HAL_Driver/Src/stm32f1xx_hal_i2c.o
 .text.I2C_WaitOnRXNEFlagUntilTimeout
                0x000000000800403c       0xac ./Drivers/STM32F1xx_HAL_Driver/Src/stm32f1xx_hal_i2c.o
 .text.I2C_IsAcknowledgeFailed
                0x00000000080040e8       0x5c ./Drivers/STM32F1xx_HAL_Driver/Src/stm32f1xx_hal_i2c.o
 .text.HAL_RCC_OscConfig
                0x0000000008004144      0x504 ./Drivers/STM32F1xx_HAL_Driver/Src/stm32f1xx_hal_rcc.o
                0x0000000008004144                HAL_RCC_OscConfig
 .text.HAL_RCC_ClockConfig
                0x0000000008004648      0x1d4 ./Drivers/STM32F1xx_HAL_Driver/Src/stm32f1xx_hal_rcc.o
                0x0000000008004648                HAL_RCC_ClockConfig
 .text.HAL_RCC_GetSysClockFreq
                0x000000000800481c       0xbc ./Drivers/STM32F1xx_HAL_Driver/Src/stm32f1xx_hal_rcc.o
                0x000000000800481c                HAL_RCC_GetSysClockFreq
 .text.HAL_RCC_GetHCLKFreq
                0x00000000080048d8       0x14 ./Drivers/STM32F1xx_HAL_Driver/Src/stm32f1xx_hal_rcc.o
                0x00000000080048d8                HAL_RCC_GetHCLKFreq
 .text.HAL_RCC_GetPCLK1Freq
                0x00000000080048ec       0x28 ./Drivers/STM32F1xx_HAL_Driver/Src/stm32f1xx_hal_rcc.o
                0x00000000080048ec                HAL_RCC_GetPCLK1Freq
 .text.HAL_RCC_GetPCLK2Freq
                0x0000000008004914       0x28 ./Drivers/STM32F1xx_HAL_Driver/Src/stm32f1xx_hal_rcc.o
                0x0000000008004914                HAL_RCC_GetPCLK2Freq
 .text.RCC_Delay
                0x000000000800493c       0x3c ./Drivers/STM32F1xx_HAL_Driver/Src/stm32f1xx_hal_rcc.o
 .text.HAL_SPI_Init
                0x0000000008004978      0x108 ./Drivers/STM32F1xx_HAL_Driver/Src/stm32f1xx_hal_spi.o
                0x0000000008004978                HAL_SPI_Init
 .text.HAL_SPI_TransmitReceive_IT
                0x0000000008004a80      0x128 ./Drivers/STM32F1xx_HAL_Driver/Src/stm32f1xx_hal_spi.o
                0x0000000008004a80                HAL_SPI_TransmitReceive_IT
 .text.HAL_SPI_IRQHandler
                0x0000000008004ba8      0x1cc ./Drivers/STM32F1xx_HAL_Driver/Src/stm32f1xx_hal_spi.o
                0x0000000008004ba8                HAL_SPI_IRQHandler
 .text.HAL_SPI_RxCpltCallback
                0x0000000008004d74       0x12 ./Drivers/STM32F1xx_HAL_Driver/Src/stm32f1xx_hal_spi.o
                0x0000000008004d74                HAL_SPI_RxCpltCallback
 .text.HAL_SPI_ErrorCallback
                0x0000000008004d86       0x12 ./Drivers/STM32F1xx_HAL_Driver/Src/stm32f1xx_hal_spi.o
                0x0000000008004d86                HAL_SPI_ErrorCallback
 .text.SPI_DMAAbortOnError
                0x0000000008004d98       0x28 ./Drivers/STM32F1xx_HAL_Driver/Src/stm32f1xx_hal_spi.o
 .text.SPI_2linesRxISR_8BIT
                0x0000000008004dc0       0x64 ./Drivers/STM32F1xx_HAL_Driver/Src/stm32f1xx_hal_spi.o
 .text.SPI_2linesTxISR_8BIT
                0x0000000008004e24       0x60 ./Drivers/STM32F1xx_HAL_Driver/Src/stm32f1xx_hal_spi.o
 .text.SPI_2linesRxISR_16BIT
                0x0000000008004e84       0x60 ./Drivers/STM32F1xx_HAL_Driver/Src/stm32f1xx_hal_spi.o
 .text.SPI_2linesTxISR_16BIT
                0x0000000008004ee4       0x5e ./Drivers/STM32F1xx_HAL_Driver/Src/stm32f1xx_hal_spi.o
 *fill*         0x0000000008004f42        0x2 
 .text.SPI_WaitFlagStateUntilTimeout
                0x0000000008004f44      0x110 ./Drivers/STM32F1xx_HAL_Driver/Src/stm32f1xx_hal_spi.o
 .text.SPI_EndRxTxTransaction
                0x0000000008005054       0x3c ./Drivers/STM32F1xx_HAL_Driver/Src/stm32f1xx_hal_spi.o
 .text.SPI_CloseRxTx_ISR
                0x0000000008005090       0xe8 ./Drivers/STM32F1xx_HAL_Driver/Src/stm32f1xx_hal_spi.o
 .text.HAL_TIM_Base_Init
                0x0000000008005178       0x9e ./Drivers/STM32F1xx_HAL_Driver/Src/stm32f1xx_hal_tim.o
                0x0000000008005178                HAL_TIM_Base_Init
 .text.HAL_TIM_Base_Stop
                0x0000000008005216       0x4c ./Drivers/STM32F1xx_HAL_Driver/Src/stm32f1xx_hal_tim.o
                0x0000000008005216                HAL_TIM_Base_Stop
 *fill*         0x0000000008005262        0x2 
 .text.HAL_TIM_Base_Start_IT
                0x0000000008005264       0xa4 ./Drivers/STM32F1xx_HAL_Driver/Src/stm32f1xx_hal_tim.o
                0x0000000008005264                HAL_TIM_Base_Start_IT
 .text.HAL_TIM_PWM_Init
                0x0000000008005308       0x9e ./Drivers/STM32F1xx_HAL_Driver/Src/stm32f1xx_hal_tim.o
                0x0000000008005308                HAL_TIM_PWM_Init
 .text.HAL_TIM_PWM_MspInit
                0x00000000080053a6       0x12 ./Drivers/STM32F1xx_HAL_Driver/Src/stm32f1xx_hal_tim.o
                0x00000000080053a6                HAL_TIM_PWM_MspInit
 .text.HAL_TIM_OnePulse_Init
                0x00000000080053b8       0xa0 ./Drivers/STM32F1xx_HAL_Driver/Src/stm32f1xx_hal_tim.o
                0x00000000080053b8                HAL_TIM_OnePulse_Init
 .text.HAL_TIM_OnePulse_MspInit
                0x0000000008005458       0x12 ./Drivers/STM32F1xx_HAL_Driver/Src/stm32f1xx_hal_tim.o
                0x0000000008005458                HAL_TIM_OnePulse_MspInit
 .text.HAL_TIM_IRQHandler
                0x000000000800546a      0x210 ./Drivers/STM32F1xx_HAL_Driver/Src/stm32f1xx_hal_tim.o
                0x000000000800546a                HAL_TIM_IRQHandler
 *fill*         0x000000000800567a        0x2 
 .text.HAL_TIM_PWM_ConfigChannel
                0x000000000800567c      0x17c ./Drivers/STM32F1xx_HAL_Driver/Src/stm32f1xx_hal_tim.o
                0x000000000800567c                HAL_TIM_PWM_ConfigChannel
 .text.HAL_TIM_ConfigClockSource
                0x00000000080057f8      0x188 ./Drivers/STM32F1xx_HAL_Driver/Src/stm32f1xx_hal_tim.o
                0x00000000080057f8                HAL_TIM_ConfigClockSource
 .text.HAL_TIM_OC_DelayElapsedCallback
                0x0000000008005980       0x12 ./Drivers/STM32F1xx_HAL_Driver/Src/stm32f1xx_hal_tim.o
                0x0000000008005980                HAL_TIM_OC_DelayElapsedCallback
 .text.HAL_TIM_IC_CaptureCallback
                0x0000000008005992       0x12 ./Drivers/STM32F1xx_HAL_Driver/Src/stm32f1xx_hal_tim.o
                0x0000000008005992                HAL_TIM_IC_CaptureCallback
 .text.HAL_TIM_PWM_PulseFinishedCallback
                0x00000000080059a4       0x12 ./Drivers/STM32F1xx_HAL_Driver/Src/stm32f1xx_hal_tim.o
                0x00000000080059a4                HAL_TIM_PWM_PulseFinishedCallback
 .text.HAL_TIM_TriggerCallback
                0x00000000080059b6       0x12 ./Drivers/STM32F1xx_HAL_Driver/Src/stm32f1xx_hal_tim.o
                0x00000000080059b6                HAL_TIM_TriggerCallback
 .text.TIM_Base_SetConfig
                0x00000000080059c8       0xc4 ./Drivers/STM32F1xx_HAL_Driver/Src/stm32f1xx_hal_tim.o
                0x00000000080059c8                TIM_Base_SetConfig
 .text.TIM_OC1_SetConfig
                0x0000000008005a8c       0xcc ./Drivers/STM32F1xx_HAL_Driver/Src/stm32f1xx_hal_tim.o
 .text.TIM_OC2_SetConfig
                0x0000000008005b58       0xd4 ./Drivers/STM32F1xx_HAL_Driver/Src/stm32f1xx_hal_tim.o
                0x0000000008005b58                TIM_OC2_SetConfig
 .text.TIM_OC3_SetConfig
                0x0000000008005c2c       0xd4 ./Drivers/STM32F1xx_HAL_Driver/Src/stm32f1xx_hal_tim.o
 .text.TIM_OC4_SetConfig
                0x0000000008005d00       0x9c ./Drivers/STM32F1xx_HAL_Driver/Src/stm32f1xx_hal_tim.o
 .text.TIM_TI1_ConfigInputStage
                0x0000000008005d9c       0x5c ./Drivers/STM32F1xx_HAL_Driver/Src/stm32f1xx_hal_tim.o
 .text.TIM_TI2_ConfigInputStage
                0x0000000008005df8       0x5e ./Drivers/STM32F1xx_HAL_Driver/Src/stm32f1xx_hal_tim.o
 .text.TIM_ITRx_SetConfig
                0x0000000008005e56       0x34 ./Drivers/STM32F1xx_HAL_Driver/Src/stm32f1xx_hal_tim.o
 .text.TIM_ETR_SetConfig
                0x0000000008005e8a       0x3e ./Drivers/STM32F1xx_HAL_Driver/Src/stm32f1xx_hal_tim.o
                0x0000000008005e8a                TIM_ETR_SetConfig
 .text.HAL_TIMEx_MasterConfigSynchronization
                0x0000000008005ec8       0xbc ./Drivers/STM32F1xx_HAL_Driver/Src/stm32f1xx_hal_tim_ex.o
                0x0000000008005ec8                HAL_TIMEx_MasterConfigSynchronization
 .text.HAL_TIMEx_CommutCallback
                0x0000000008005f84       0x12 ./Drivers/STM32F1xx_HAL_Driver/Src/stm32f1xx_hal_tim_ex.o
                0x0000000008005f84                HAL_TIMEx_CommutCallback
 .text.HAL_TIMEx_BreakCallback
                0x0000000008005f96       0x12 ./Drivers/STM32F1xx_HAL_Driver/Src/stm32f1xx_hal_tim_ex.o
                0x0000000008005f96                HAL_TIMEx_BreakCallback
 .text.HAL_UART_Init
                0x0000000008005fa8       0x9a ./Drivers/STM32F1xx_HAL_Driver/Src/stm32f1xx_hal_uart.o
                0x0000000008005fa8                HAL_UART_Init
 .text.HAL_UART_Transmit
                0x0000000008006042      0x124 ./Drivers/STM32F1xx_HAL_Driver/Src/stm32f1xx_hal_uart.o
                0x0000000008006042                HAL_UART_Transmit
 .text.HAL_UART_Receive_IT
                0x0000000008006166       0x60 ./Drivers/STM32F1xx_HAL_Driver/Src/stm32f1xx_hal_uart.o
                0x0000000008006166                HAL_UART_Receive_IT
 *fill*         0x00000000080061c6        0x2 
 .text.HAL_UART_IRQHandler
                0x00000000080061c8      0x354 ./Drivers/STM32F1xx_HAL_Driver/Src/stm32f1xx_hal_uart.o
                0x00000000080061c8                HAL_UART_IRQHandler
 .text.HAL_UART_TxCpltCallback
                0x000000000800651c       0x12 ./Drivers/STM32F1xx_HAL_Driver/Src/stm32f1xx_hal_uart.o
                0x000000000800651c                HAL_UART_TxCpltCallback
 .text.HAL_UART_ErrorCallback
                0x000000000800652e       0x12 ./Drivers/STM32F1xx_HAL_Driver/Src/stm32f1xx_hal_uart.o
                0x000000000800652e                HAL_UART_ErrorCallback
 .text.HAL_UARTEx_RxEventCallback
                0x0000000008006540       0x16 ./Drivers/STM32F1xx_HAL_Driver/Src/stm32f1xx_hal_uart.o
                0x0000000008006540                HAL_UARTEx_RxEventCallback
 .text.UART_WaitOnFlagUntilTimeout
                0x0000000008006556       0x94 ./Drivers/STM32F1xx_HAL_Driver/Src/stm32f1xx_hal_uart.o
 .text.UART_Start_Receive_IT
                0x00000000080065ea       0x72 ./Drivers/STM32F1xx_HAL_Driver/Src/stm32f1xx_hal_uart.o
                0x00000000080065ea                UART_Start_Receive_IT
 .text.UART_EndRxTransfer
                0x000000000800665c       0x58 ./Drivers/STM32F1xx_HAL_Driver/Src/stm32f1xx_hal_uart.o
 .text.UART_DMAAbortOnError
                0x00000000080066b4       0x28 ./Drivers/STM32F1xx_HAL_Driver/Src/stm32f1xx_hal_uart.o
 .text.UART_Transmit_IT
                0x00000000080066dc       0x9e ./Drivers/STM32F1xx_HAL_Driver/Src/stm32f1xx_hal_uart.o
 .text.UART_EndTransmit_IT
                0x000000000800677a       0x30 ./Drivers/STM32F1xx_HAL_Driver/Src/stm32f1xx_hal_uart.o
 .text.UART_Receive_IT
                0x00000000080067aa      0x152 ./Drivers/STM32F1xx_HAL_Driver/Src/stm32f1xx_hal_uart.o
 .text.UART_SetConfig
                0x00000000080068fc      0x11c ./Drivers/STM32F1xx_HAL_Driver/Src/stm32f1xx_hal_uart.o
 .text.HAL_GPIO_EXTI_Callback
                0x0000000008006a18       0xd0 ./Libraries/Src/SPI_Connection.o
                0x0000000008006a18                HAL_GPIO_EXTI_Callback
 .text.switchBuffer
                0x0000000008006ae8       0x44 ./Libraries/Src/SPI_Connection.o
                0x0000000008006ae8                switchBuffer
 .text.HAL_SPI_TxRxCpltCallback
                0x0000000008006b2c       0x68 ./Libraries/Src/SPI_Connection.o
                0x0000000008006b2c                HAL_SPI_TxRxCpltCallback
 .text.sensorChipInit
                0x0000000008006b94       0x90 ./Libraries/Src/sensor_utils.o
                0x0000000008006b94                sensorChipInit
 .text.enableSensorChip
                0x0000000008006c24       0x1c ./Libraries/Src/sensor_utils.o
                0x0000000008006c24                enableSensorChip
 .text.__errno  0x0000000008006c40        0xc c:/program files/stmicroelectronics/stm32cubeide_1.12.0/stm32cubeide/plugins/com.st.stm32cube.ide.mcu.externaltools.gnu-tools-for-stm32.10.3-2021.10.win32_1.0.200.202301161003/tools/bin/../lib/gcc/arm-none-eabi/10.3.1/../../../../arm-none-eabi/lib/thumb/v7-m/nofp\libc_nano.a(lib_a-errno.o)
                0x0000000008006c40                __errno
 .text.__libc_init_array
                0x0000000008006c4c       0x48 c:/program files/stmicroelectronics/stm32cubeide_1.12.0/stm32cubeide/plugins/com.st.stm32cube.ide.mcu.externaltools.gnu-tools-for-stm32.10.3-2021.10.win32_1.0.200.202301161003/tools/bin/../lib/gcc/arm-none-eabi/10.3.1/../../../../arm-none-eabi/lib/thumb/v7-m/nofp\libc_nano.a(lib_a-init.o)
                0x0000000008006c4c                __libc_init_array
 .text.malloc   0x0000000008006c94       0x10 c:/program files/stmicroelectronics/stm32cubeide_1.12.0/stm32cubeide/plugins/com.st.stm32cube.ide.mcu.externaltools.gnu-tools-for-stm32.10.3-2021.10.win32_1.0.200.202301161003/tools/bin/../lib/gcc/arm-none-eabi/10.3.1/../../../../arm-none-eabi/lib/thumb/v7-m/nofp\libc_nano.a(lib_a-malloc.o)
                0x0000000008006c94                malloc
 .text.free     0x0000000008006ca4       0x10 c:/program files/stmicroelectronics/stm32cubeide_1.12.0/stm32cubeide/plugins/com.st.stm32cube.ide.mcu.externaltools.gnu-tools-for-stm32.10.3-2021.10.win32_1.0.200.202301161003/tools/bin/../lib/gcc/arm-none-eabi/10.3.1/../../../../arm-none-eabi/lib/thumb/v7-m/nofp\libc_nano.a(lib_a-malloc.o)
                0x0000000008006ca4                free
 .text.memcpy   0x0000000008006cb4       0x1c c:/program files/stmicroelectronics/stm32cubeide_1.12.0/stm32cubeide/plugins/com.st.stm32cube.ide.mcu.externaltools.gnu-tools-for-stm32.10.3-2021.10.win32_1.0.200.202301161003/tools/bin/../lib/gcc/arm-none-eabi/10.3.1/../../../../arm-none-eabi/lib/thumb/v7-m/nofp\libc_nano.a(lib_a-memcpy-stub.o)
                0x0000000008006cb4                memcpy
 .text.memset   0x0000000008006cd0       0x10 c:/program files/stmicroelectronics/stm32cubeide_1.12.0/stm32cubeide/plugins/com.st.stm32cube.ide.mcu.externaltools.gnu-tools-for-stm32.10.3-2021.10.win32_1.0.200.202301161003/tools/bin/../lib/gcc/arm-none-eabi/10.3.1/../../../../arm-none-eabi/lib/thumb/v7-m/nofp\libc_nano.a(lib_a-memset.o)
                0x0000000008006cd0                memset
 .text._free_r  0x0000000008006ce0       0x90 c:/program files/stmicroelectronics/stm32cubeide_1.12.0/stm32cubeide/plugins/com.st.stm32cube.ide.mcu.externaltools.gnu-tools-for-stm32.10.3-2021.10.win32_1.0.200.202301161003/tools/bin/../lib/gcc/arm-none-eabi/10.3.1/../../../../arm-none-eabi/lib/thumb/v7-m/nofp\libc_nano.a(lib_a-nano-freer.o)
                0x0000000008006ce0                _free_r
 .text.sbrk_aligned
                0x0000000008006d70       0x40 c:/program files/stmicroelectronics/stm32cubeide_1.12.0/stm32cubeide/plugins/com.st.stm32cube.ide.mcu.externaltools.gnu-tools-for-stm32.10.3-2021.10.win32_1.0.200.202301161003/tools/bin/../lib/gcc/arm-none-eabi/10.3.1/../../../../arm-none-eabi/lib/thumb/v7-m/nofp\libc_nano.a(lib_a-nano-mallocr.o)
 .text._malloc_r
                0x0000000008006db0       0xe8 c:/program files/stmicroelectronics/stm32cubeide_1.12.0/stm32cubeide/plugins/com.st.stm32cube.ide.mcu.externaltools.gnu-tools-for-stm32.10.3-2021.10.win32_1.0.200.202301161003/tools/bin/../lib/gcc/arm-none-eabi/10.3.1/../../../../arm-none-eabi/lib/thumb/v7-m/nofp\libc_nano.a(lib_a-nano-mallocr.o)
                0x0000000008006db0                _malloc_r
 .text._sbrk_r  0x0000000008006e98       0x20 c:/program files/stmicroelectronics/stm32cubeide_1.12.0/stm32cubeide/plugins/com.st.stm32cube.ide.mcu.externaltools.gnu-tools-for-stm32.10.3-2021.10.win32_1.0.200.202301161003/tools/bin/../lib/gcc/arm-none-eabi/10.3.1/../../../../arm-none-eabi/lib/thumb/v7-m/nofp\libc_nano.a(lib_a-sbrkr.o)
                0x0000000008006e98                _sbrk_r
 .text.__malloc_lock
                0x0000000008006eb8        0xc c:/program files/stmicroelectronics/stm32cubeide_1.12.0/stm32cubeide/plugins/com.st.stm32cube.ide.mcu.externaltools.gnu-tools-for-stm32.10.3-2021.10.win32_1.0.200.202301161003/tools/bin/../lib/gcc/arm-none-eabi/10.3.1/../../../../arm-none-eabi/lib/thumb/v7-m/nofp\libc_nano.a(lib_a-mlock.o)
                0x0000000008006eb8                __malloc_lock
 .text.__malloc_unlock
                0x0000000008006ec4        0xc c:/program files/stmicroelectronics/stm32cubeide_1.12.0/stm32cubeide/plugins/com.st.stm32cube.ide.mcu.externaltools.gnu-tools-for-stm32.10.3-2021.10.win32_1.0.200.202301161003/tools/bin/../lib/gcc/arm-none-eabi/10.3.1/../../../../arm-none-eabi/lib/thumb/v7-m/nofp\libc_nano.a(lib_a-mlock.o)
                0x0000000008006ec4                __malloc_unlock
 .text.__retarget_lock_acquire_recursive
                0x0000000008006ed0        0x2 c:/program files/stmicroelectronics/stm32cubeide_1.12.0/stm32cubeide/plugins/com.st.stm32cube.ide.mcu.externaltools.gnu-tools-for-stm32.10.3-2021.10.win32_1.0.200.202301161003/tools/bin/../lib/gcc/arm-none-eabi/10.3.1/../../../../arm-none-eabi/lib/thumb/v7-m/nofp\libc_nano.a(lib_a-lock.o)
                0x0000000008006ed0                __retarget_lock_acquire_recursive
 .text.__retarget_lock_release_recursive
                0x0000000008006ed2        0x2 c:/program files/stmicroelectronics/stm32cubeide_1.12.0/stm32cubeide/plugins/com.st.stm32cube.ide.mcu.externaltools.gnu-tools-for-stm32.10.3-2021.10.win32_1.0.200.202301161003/tools/bin/../lib/gcc/arm-none-eabi/10.3.1/../../../../arm-none-eabi/lib/thumb/v7-m/nofp\libc_nano.a(lib_a-lock.o)
                0x0000000008006ed2                __retarget_lock_release_recursive
 *(.glue_7)
 .glue_7        0x0000000008006ed4        0x0 linker stubs
 *(.glue_7t)
 .glue_7t       0x0000000008006ed4        0x0 linker stubs
 *(.eh_frame)
 .eh_frame      0x0000000008006ed4        0x0 c:/program files/stmicroelectronics/stm32cubeide_1.12.0/stm32cubeide/plugins/com.st.stm32cube.ide.mcu.externaltools.gnu-tools-for-stm32.10.3-2021.10.win32_1.0.200.202301161003/tools/bin/../lib/gcc/arm-none-eabi/10.3.1/thumb/v7-m/nofp/crtbegin.o
 *(.init)
 .init          0x0000000008006ed4        0x4 c:/program files/stmicroelectronics/stm32cubeide_1.12.0/stm32cubeide/plugins/com.st.stm32cube.ide.mcu.externaltools.gnu-tools-for-stm32.10.3-2021.10.win32_1.0.200.202301161003/tools/bin/../lib/gcc/arm-none-eabi/10.3.1/thumb/v7-m/nofp/crti.o
                0x0000000008006ed4                _init
 .init          0x0000000008006ed8        0x8 c:/program files/stmicroelectronics/stm32cubeide_1.12.0/stm32cubeide/plugins/com.st.stm32cube.ide.mcu.externaltools.gnu-tools-for-stm32.10.3-2021.10.win32_1.0.200.202301161003/tools/bin/../lib/gcc/arm-none-eabi/10.3.1/thumb/v7-m/nofp/crtn.o
 *(.fini)
 .fini          0x0000000008006ee0        0x4 c:/program files/stmicroelectronics/stm32cubeide_1.12.0/stm32cubeide/plugins/com.st.stm32cube.ide.mcu.externaltools.gnu-tools-for-stm32.10.3-2021.10.win32_1.0.200.202301161003/tools/bin/../lib/gcc/arm-none-eabi/10.3.1/thumb/v7-m/nofp/crti.o
                0x0000000008006ee0                _fini
 .fini          0x0000000008006ee4        0x8 c:/program files/stmicroelectronics/stm32cubeide_1.12.0/stm32cubeide/plugins/com.st.stm32cube.ide.mcu.externaltools.gnu-tools-for-stm32.10.3-2021.10.win32_1.0.200.202301161003/tools/bin/../lib/gcc/arm-none-eabi/10.3.1/thumb/v7-m/nofp/crtn.o
                0x0000000008006eec                . = ALIGN (0x4)
                0x0000000008006eec                _etext = .

.vfp11_veneer   0x0000000008006eec        0x0
 .vfp11_veneer  0x0000000008006eec        0x0 linker stubs

.v4_bx          0x0000000008006eec        0x0
 .v4_bx         0x0000000008006eec        0x0 linker stubs

.iplt           0x0000000008006eec        0x0
 .iplt          0x0000000008006eec        0x0 c:/program files/stmicroelectronics/stm32cubeide_1.12.0/stm32cubeide/plugins/com.st.stm32cube.ide.mcu.externaltools.gnu-tools-for-stm32.10.3-2021.10.win32_1.0.200.202301161003/tools/bin/../lib/gcc/arm-none-eabi/10.3.1/thumb/v7-m/nofp/crtbegin.o

.rodata         0x0000000008006eec       0xe0
                0x0000000008006eec                . = ALIGN (0x4)
 *(.rodata)
 .rodata        0x0000000008006eec       0x10 ./Drivers/STM32F1xx_HAL_Driver/Src/stm32f1xx_hal_rcc.o
 *(.rodata*)
 .rodata.uch_spo2_table
                0x0000000008006efc       0xb8 ./Alghoritms/spo2_algorithm.o
                0x0000000008006efc                uch_spo2_table
 .rodata.AHBPrescTable
                0x0000000008006fb4       0x10 ./Core/Src/system_stm32f1xx.o
                0x0000000008006fb4                AHBPrescTable
 .rodata.APBPrescTable
                0x0000000008006fc4        0x8 ./Core/Src/system_stm32f1xx.o
                0x0000000008006fc4                APBPrescTable
                0x0000000008006fcc                . = ALIGN (0x4)

.rel.dyn        0x0000000008006fcc        0x0
 .rel.iplt      0x0000000008006fcc        0x0 c:/program files/stmicroelectronics/stm32cubeide_1.12.0/stm32cubeide/plugins/com.st.stm32cube.ide.mcu.externaltools.gnu-tools-for-stm32.10.3-2021.10.win32_1.0.200.202301161003/tools/bin/../lib/gcc/arm-none-eabi/10.3.1/thumb/v7-m/nofp/crtbegin.o

.ARM.extab      0x0000000008006fcc        0x0
                0x0000000008006fcc                . = ALIGN (0x4)
 *(.ARM.extab* .gnu.linkonce.armextab.*)
                0x0000000008006fcc                . = ALIGN (0x4)

.ARM            0x0000000008006fcc        0x0
                0x0000000008006fcc                . = ALIGN (0x4)
                0x0000000008006fcc                __exidx_start = .
 *(.ARM.exidx*)
                0x0000000008006fcc                __exidx_end = .
                0x0000000008006fcc                . = ALIGN (0x4)

.preinit_array  0x0000000008006fcc        0x0
                0x0000000008006fcc                . = ALIGN (0x4)
                0x0000000008006fcc                PROVIDE (__preinit_array_start = .)
 *(.preinit_array*)
                0x0000000008006fcc                PROVIDE (__preinit_array_end = .)
                0x0000000008006fcc                . = ALIGN (0x4)

.init_array     0x0000000008006fcc        0x4
                0x0000000008006fcc                . = ALIGN (0x4)
                0x0000000008006fcc                PROVIDE (__init_array_start = .)
 *(SORT_BY_NAME(.init_array.*))
 *(.init_array*)
 .init_array    0x0000000008006fcc        0x4 c:/program files/stmicroelectronics/stm32cubeide_1.12.0/stm32cubeide/plugins/com.st.stm32cube.ide.mcu.externaltools.gnu-tools-for-stm32.10.3-2021.10.win32_1.0.200.202301161003/tools/bin/../lib/gcc/arm-none-eabi/10.3.1/thumb/v7-m/nofp/crtbegin.o
                0x0000000008006fd0                PROVIDE (__init_array_end = .)
                0x0000000008006fd0                . = ALIGN (0x4)

.fini_array     0x0000000008006fd0        0x4
                0x0000000008006fd0                . = ALIGN (0x4)
                [!provide]                        PROVIDE (__fini_array_start = .)
 *(SORT_BY_NAME(.fini_array.*))
 *(.fini_array*)
 .fini_array    0x0000000008006fd0        0x4 c:/program files/stmicroelectronics/stm32cubeide_1.12.0/stm32cubeide/plugins/com.st.stm32cube.ide.mcu.externaltools.gnu-tools-for-stm32.10.3-2021.10.win32_1.0.200.202301161003/tools/bin/../lib/gcc/arm-none-eabi/10.3.1/thumb/v7-m/nofp/crtbegin.o
                [!provide]                        PROVIDE (__fini_array_end = .)
                0x0000000008006fd4                . = ALIGN (0x4)
                0x0000000008006fd4                _sidata = LOADADDR (.data)

.data           0x0000000020000000       0x78 load address 0x0000000008006fd4
                0x0000000020000000                . = ALIGN (0x4)
                0x0000000020000000                _sdata = .
 *(.data)
 *(.data*)
 .data.calc_end
                0x0000000020000000        0x1 ./Alghoritms/spo2_algorithm.o
                0x0000000020000000                calc_end
 *fill*         0x0000000020000001        0x3 
 .data.buf_len  0x0000000020000004        0x4 ./Core/Src/main.o
                0x0000000020000004                buf_len
 .data.SystemCoreClock
                0x0000000020000008        0x4 ./Core/Src/system_stm32f1xx.o
                0x0000000020000008                SystemCoreClock
 .data.uwTickPrio
                0x000000002000000c        0x4 ./Drivers/STM32F1xx_HAL_Driver/Src/stm32f1xx_hal.o
                0x000000002000000c                uwTickPrio
 .data.uwTickFreq
                0x0000000020000010        0x1 ./Drivers/STM32F1xx_HAL_Driver/Src/stm32f1xx_hal.o
                0x0000000020000010                uwTickFreq
 *fill*         0x0000000020000011        0x3 
 .data._impure_ptr
                0x0000000020000014        0x4 c:/program files/stmicroelectronics/stm32cubeide_1.12.0/stm32cubeide/plugins/com.st.stm32cube.ide.mcu.externaltools.gnu-tools-for-stm32.10.3-2021.10.win32_1.0.200.202301161003/tools/bin/../lib/gcc/arm-none-eabi/10.3.1/../../../../arm-none-eabi/lib/thumb/v7-m/nofp\libc_nano.a(lib_a-impure.o)
                0x0000000020000014                _impure_ptr
 .data.impure_data
                0x0000000020000018       0x60 c:/program files/stmicroelectronics/stm32cubeide_1.12.0/stm32cubeide/plugins/com.st.stm32cube.ide.mcu.externaltools.gnu-tools-for-stm32.10.3-2021.10.win32_1.0.200.202301161003/tools/bin/../lib/gcc/arm-none-eabi/10.3.1/../../../../arm-none-eabi/lib/thumb/v7-m/nofp\libc_nano.a(lib_a-impure.o)
 *(.RamFunc)
 *(.RamFunc*)
                0x0000000020000078                . = ALIGN (0x4)
                0x0000000020000078                _edata = .

.igot.plt       0x0000000020000078        0x0 load address 0x000000000800704c
 .igot.plt      0x0000000020000078        0x0 c:/program files/stmicroelectronics/stm32cubeide_1.12.0/stm32cubeide/plugins/com.st.stm32cube.ide.mcu.externaltools.gnu-tools-for-stm32.10.3-2021.10.win32_1.0.200.202301161003/tools/bin/../lib/gcc/arm-none-eabi/10.3.1/thumb/v7-m/nofp/crtbegin.o
                0x0000000020000078                . = ALIGN (0x4)

.bss            0x0000000020000078     0x149c load address 0x000000000800704c
                0x0000000020000078                _sbss = .
                0x0000000020000078                __bss_start__ = _sbss
 *(.bss)
 .bss           0x0000000020000078       0x1c c:/program files/stmicroelectronics/stm32cubeide_1.12.0/stm32cubeide/plugins/com.st.stm32cube.ide.mcu.externaltools.gnu-tools-for-stm32.10.3-2021.10.win32_1.0.200.202301161003/tools/bin/../lib/gcc/arm-none-eabi/10.3.1/thumb/v7-m/nofp/crtbegin.o
 *(.bss*)
 .bss.an_x      0x0000000020000094      0x190 ./Alghoritms/spo2_algorithm.o
 .bss.an_y      0x0000000020000224      0x190 ./Alghoritms/spo2_algorithm.o
 .bss.measurement_works
                0x00000000200003b4        0x1 ./Core/Src/exp_measurement.o
                0x00000000200003b4                measurement_works
 *fill*         0x00000000200003b5        0x3 
 .bss.measurement_time
                0x00000000200003b8        0x4 ./Core/Src/exp_measurement.o
                0x00000000200003b8                measurement_time
 .bss.uart1_rx_buf
                0x00000000200003bc        0x2 ./Core/Src/exp_protocol.o
                0x00000000200003bc                uart1_rx_buf
 *fill*         0x00000000200003be        0x2 
 .bss.uart1_rx_safe_buf
                0x00000000200003c0        0x2 ./Core/Src/exp_protocol.o
                0x00000000200003c0                uart1_rx_safe_buf
 *fill*         0x00000000200003c2        0x2 
 .bss.uart1_tx_buf
                0x00000000200003c4        0x5 ./Core/Src/exp_protocol.o
                0x00000000200003c4                uart1_tx_buf
 .bss.uart1_rx_complete
                0x00000000200003c9        0x1 ./Core/Src/exp_protocol.o
                0x00000000200003c9                uart1_rx_complete
 *fill*         0x00000000200003ca        0x2 
 .bss.hi2c1     0x00000000200003cc       0x54 ./Core/Src/main.o
                0x00000000200003cc                hi2c1
 .bss.hspi1     0x0000000020000420       0x58 ./Core/Src/main.o
                0x0000000020000420                hspi1
 .bss.hspi2     0x0000000020000478       0x58 ./Core/Src/main.o
                0x0000000020000478                hspi2
 .bss.htim1     0x00000000200004d0       0x48 ./Core/Src/main.o
                0x00000000200004d0                htim1
 .bss.htim2     0x0000000020000518       0x48 ./Core/Src/main.o
                0x0000000020000518                htim2
 .bss.htim3     0x0000000020000560       0x48 ./Core/Src/main.o
                0x0000000020000560                htim3
 .bss.htim4     0x00000000200005a8       0x48 ./Core/Src/main.o
                0x00000000200005a8                htim4
 .bss.huart1    0x00000000200005f0       0x44 ./Core/Src/main.o
                0x00000000200005f0                huart1
 .bss.ir_out    0x0000000020000634      0x190 ./Core/Src/main.o
                0x0000000020000634                ir_out
 .bss.red_out   0x00000000200007c4      0x190 ./Core/Src/main.o
                0x00000000200007c4                red_out
 .bss.tim3_ovflw
                0x0000000020000954        0x1 ./Core/Src/main.o
                0x0000000020000954                tim3_ovflw
 *fill*         0x0000000020000955        0x3 
 .bss.max30102  0x0000000020000958      0x650 ./Core/Src/main.o
                0x0000000020000958                max30102
 .bss.spo2_valid
                0x0000000020000fa8        0x1 ./Core/Src/main.o
                0x0000000020000fa8                spo2_valid
 .bss.heart_rate_valid
                0x0000000020000fa9        0x1 ./Core/Src/main.o
                0x0000000020000fa9                heart_rate_valid
 *fill*         0x0000000020000faa        0x2 
 .bss.spo2      0x0000000020000fac        0x4 ./Core/Src/main.o
                0x0000000020000fac                spo2
 .bss.heart_rate
                0x0000000020000fb0        0x4 ./Core/Src/main.o
                0x0000000020000fb0                heart_rate
 .bss.__sbrk_heap_end
                0x0000000020000fb4        0x4 ./Core/Src/sysmem.o
 .bss.cnt_data  0x0000000020000fb8        0x4 ./Drivers/MAX30102/max30102_for_stm32_hal.o
                0x0000000020000fb8                cnt_data
 .bss.temp_cnt  0x0000000020000fbc        0x4 ./Drivers/MAX30102/max30102_for_stm32_hal.o
                0x0000000020000fbc                temp_cnt
 .bss.amb_cnt   0x0000000020000fc0        0x4 ./Drivers/MAX30102/max30102_for_stm32_hal.o
                0x0000000020000fc0                amb_cnt
 .bss.init_num.0
                0x0000000020000fc4        0x4 ./Drivers/MAX30102/max30102_for_stm32_hal.o
 .bss.uwTick    0x0000000020000fc8        0x4 ./Drivers/STM32F1xx_HAL_Driver/Src/stm32f1xx_hal.o
                0x0000000020000fc8                uwTick
 .bss.spi_rx_complete
                0x0000000020000fcc        0x1 ./Libraries/Src/SPI_Connection.o
                0x0000000020000fcc                spi_rx_complete
 .bss.response_ready
                0x0000000020000fcd        0x1 ./Libraries/Src/SPI_Connection.o
                0x0000000020000fcd                response_ready
 .bss.spi_state
                0x0000000020000fce        0x1 ./Libraries/Src/SPI_Connection.o
                0x0000000020000fce                spi_state
 *fill*         0x0000000020000fcf        0x1 
 .bss.response_frame
                0x0000000020000fd0      0x108 ./Libraries/Src/SPI_Connection.o
                0x0000000020000fd0                response_frame
 .bss.safe_command_frame
                0x00000000200010d8      0x108 ./Libraries/Src/SPI_Connection.o
                0x00000000200010d8                safe_command_frame
 .bss.dummy_frame
                0x00000000200011e0      0x108 ./Libraries/Src/SPI_Connection.o
                0x00000000200011e0                dummy_frame
 .bss.trash_frame
                0x00000000200012e8      0x108 ./Libraries/Src/SPI_Connection.o
                0x00000000200012e8                trash_frame
 .bss.spi_tx_ptr
                0x00000000200013f0        0x4 ./Libraries/Src/SPI_Connection.o
                0x00000000200013f0                spi_tx_ptr
 .bss.spi_rx_ptr
                0x00000000200013f4        0x4 ./Libraries/Src/SPI_Connection.o
                0x00000000200013f4                spi_rx_ptr
 .bss.new_response_frame
                0x00000000200013f8        0x4 ./Libraries/Src/SPI_Connection.o
                0x00000000200013f8                new_response_frame
 .bss.wait_response_frame
                0x00000000200013fc      0x108 ./Libraries/Src/SPI_Connection.o
                0x00000000200013fc                wait_response_frame
 .bss.__malloc_free_list
                0x0000000020001504        0x4 c:/program files/stmicroelectronics/stm32cubeide_1.12.0/stm32cubeide/plugins/com.st.stm32cube.ide.mcu.externaltools.gnu-tools-for-stm32.10.3-2021.10.win32_1.0.200.202301161003/tools/bin/../lib/gcc/arm-none-eabi/10.3.1/../../../../arm-none-eabi/lib/thumb/v7-m/nofp\libc_nano.a(lib_a-nano-mallocr.o)
                0x0000000020001504                __malloc_free_list
 .bss.__malloc_sbrk_start
                0x0000000020001508        0x4 c:/program files/stmicroelectronics/stm32cubeide_1.12.0/stm32cubeide/plugins/com.st.stm32cube.ide.mcu.externaltools.gnu-tools-for-stm32.10.3-2021.10.win32_1.0.200.202301161003/tools/bin/../lib/gcc/arm-none-eabi/10.3.1/../../../../arm-none-eabi/lib/thumb/v7-m/nofp\libc_nano.a(lib_a-nano-mallocr.o)
                0x0000000020001508                __malloc_sbrk_start
 .bss.errno     0x000000002000150c        0x4 c:/program files/stmicroelectronics/stm32cubeide_1.12.0/stm32cubeide/plugins/com.st.stm32cube.ide.mcu.externaltools.gnu-tools-for-stm32.10.3-2021.10.win32_1.0.200.202301161003/tools/bin/../lib/gcc/arm-none-eabi/10.3.1/../../../../arm-none-eabi/lib/thumb/v7-m/nofp\libc_nano.a(lib_a-reent.o)
                0x000000002000150c                errno
 .bss.__lock___malloc_recursive_mutex
                0x0000000020001510        0x1 c:/program files/stmicroelectronics/stm32cubeide_1.12.0/stm32cubeide/plugins/com.st.stm32cube.ide.mcu.externaltools.gnu-tools-for-stm32.10.3-2021.10.win32_1.0.200.202301161003/tools/bin/../lib/gcc/arm-none-eabi/10.3.1/../../../../arm-none-eabi/lib/thumb/v7-m/nofp\libc_nano.a(lib_a-lock.o)
                0x0000000020001510                __lock___malloc_recursive_mutex
 *(COMMON)
                0x0000000020001514                . = ALIGN (0x4)
 *fill*         0x0000000020001511        0x3 
                0x0000000020001514                _ebss = .
                0x0000000020001514                __bss_end__ = _ebss

._user_heap_stack
                0x0000000020001514      0x604 load address 0x000000000800704c
                0x0000000020001518                . = ALIGN (0x8)
 *fill*         0x0000000020001514        0x4 
                [!provide]                        PROVIDE (end = .)
                0x0000000020001518                PROVIDE (_end = .)
                0x0000000020001718                . = (. + _Min_Heap_Size)
 *fill*         0x0000000020001518      0x200 
                0x0000000020001b18                . = (. + _Min_Stack_Size)
 *fill*         0x0000000020001718      0x400 
                0x0000000020001b18                . = ALIGN (0x8)

/DISCARD/
 libc.a(*)
 libm.a(*)
 libgcc.a(*)

.ARM.attributes
                0x0000000000000000       0x29
 *(.ARM.attributes)
 .ARM.attributes
                0x0000000000000000       0x1d c:/program files/stmicroelectronics/stm32cubeide_1.12.0/stm32cubeide/plugins/com.st.stm32cube.ide.mcu.externaltools.gnu-tools-for-stm32.10.3-2021.10.win32_1.0.200.202301161003/tools/bin/../lib/gcc/arm-none-eabi/10.3.1/thumb/v7-m/nofp/crti.o
 .ARM.attributes
                0x000000000000001d       0x2d c:/program files/stmicroelectronics/stm32cubeide_1.12.0/stm32cubeide/plugins/com.st.stm32cube.ide.mcu.externaltools.gnu-tools-for-stm32.10.3-2021.10.win32_1.0.200.202301161003/tools/bin/../lib/gcc/arm-none-eabi/10.3.1/thumb/v7-m/nofp/crtbegin.o
 .ARM.attributes
                0x000000000000004a       0x2d ./Alghoritms/spo2_algorithm.o
 .ARM.attributes
                0x0000000000000077       0x2d ./Core/Src/exp_measurement.o
 .ARM.attributes
                0x00000000000000a4       0x2d ./Core/Src/exp_protocol.o
 .ARM.attributes
                0x00000000000000d1       0x2d ./Core/Src/main.o
 .ARM.attributes
                0x00000000000000fe       0x2d ./Core/Src/stm32f1xx_hal_msp.o
 .ARM.attributes
                0x000000000000012b       0x2d ./Core/Src/stm32f1xx_it.o
 .ARM.attributes
                0x0000000000000158       0x2d ./Core/Src/sysmem.o
 .ARM.attributes
                0x0000000000000185       0x2d ./Core/Src/system_stm32f1xx.o
 .ARM.attributes
                0x00000000000001b2       0x21 ./Core/Startup/startup_stm32f103cbtx.o
 .ARM.attributes
                0x00000000000001d3       0x2d ./Drivers/MAX30102/max30102_for_stm32_hal.o
 .ARM.attributes
                0x0000000000000200       0x2d ./Drivers/STM32F1xx_HAL_Driver/Src/stm32f1xx_hal.o
 .ARM.attributes
                0x000000000000022d       0x2d ./Drivers/STM32F1xx_HAL_Driver/Src/stm32f1xx_hal_cortex.o
 .ARM.attributes
                0x000000000000025a       0x2d ./Drivers/STM32F1xx_HAL_Driver/Src/stm32f1xx_hal_dma.o
 .ARM.attributes
                0x0000000000000287       0x2d ./Drivers/STM32F1xx_HAL_Driver/Src/stm32f1xx_hal_gpio.o
 .ARM.attributes
                0x00000000000002b4       0x2d ./Drivers/STM32F1xx_HAL_Driver/Src/stm32f1xx_hal_i2c.o
 .ARM.attributes
                0x00000000000002e1       0x2d ./Drivers/STM32F1xx_HAL_Driver/Src/stm32f1xx_hal_rcc.o
 .ARM.attributes
                0x000000000000030e       0x2d ./Drivers/STM32F1xx_HAL_Driver/Src/stm32f1xx_hal_spi.o
 .ARM.attributes
                0x000000000000033b       0x2d ./Drivers/STM32F1xx_HAL_Driver/Src/stm32f1xx_hal_tim.o
 .ARM.attributes
                0x0000000000000368       0x2d ./Drivers/STM32F1xx_HAL_Driver/Src/stm32f1xx_hal_tim_ex.o
 .ARM.attributes
                0x0000000000000395       0x2d ./Drivers/STM32F1xx_HAL_Driver/Src/stm32f1xx_hal_uart.o
 .ARM.attributes
                0x00000000000003c2       0x2d ./Libraries/Src/SPI_Connection.o
 .ARM.attributes
                0x00000000000003ef       0x2d ./Libraries/Src/sensor_utils.o
 .ARM.attributes
                0x000000000000041c       0x2d c:/program files/stmicroelectronics/stm32cubeide_1.12.0/stm32cubeide/plugins/com.st.stm32cube.ide.mcu.externaltools.gnu-tools-for-stm32.10.3-2021.10.win32_1.0.200.202301161003/tools/bin/../lib/gcc/arm-none-eabi/10.3.1/../../../../arm-none-eabi/lib/thumb/v7-m/nofp\libc_nano.a(lib_a-errno.o)
 .ARM.attributes
                0x0000000000000449       0x2d c:/program files/stmicroelectronics/stm32cubeide_1.12.0/stm32cubeide/plugins/com.st.stm32cube.ide.mcu.externaltools.gnu-tools-for-stm32.10.3-2021.10.win32_1.0.200.202301161003/tools/bin/../lib/gcc/arm-none-eabi/10.3.1/../../../../arm-none-eabi/lib/thumb/v7-m/nofp\libc_nano.a(lib_a-impure.o)
 .ARM.attributes
                0x0000000000000476       0x2d c:/program files/stmicroelectronics/stm32cubeide_1.12.0/stm32cubeide/plugins/com.st.stm32cube.ide.mcu.externaltools.gnu-tools-for-stm32.10.3-2021.10.win32_1.0.200.202301161003/tools/bin/../lib/gcc/arm-none-eabi/10.3.1/../../../../arm-none-eabi/lib/thumb/v7-m/nofp\libc_nano.a(lib_a-init.o)
 .ARM.attributes
                0x00000000000004a3       0x2d c:/program files/stmicroelectronics/stm32cubeide_1.12.0/stm32cubeide/plugins/com.st.stm32cube.ide.mcu.externaltools.gnu-tools-for-stm32.10.3-2021.10.win32_1.0.200.202301161003/tools/bin/../lib/gcc/arm-none-eabi/10.3.1/../../../../arm-none-eabi/lib/thumb/v7-m/nofp\libc_nano.a(lib_a-malloc.o)
 .ARM.attributes
                0x00000000000004d0       0x2d c:/program files/stmicroelectronics/stm32cubeide_1.12.0/stm32cubeide/plugins/com.st.stm32cube.ide.mcu.externaltools.gnu-tools-for-stm32.10.3-2021.10.win32_1.0.200.202301161003/tools/bin/../lib/gcc/arm-none-eabi/10.3.1/../../../../arm-none-eabi/lib/thumb/v7-m/nofp\libc_nano.a(lib_a-memcpy-stub.o)
 .ARM.attributes
                0x00000000000004fd       0x2d c:/program files/stmicroelectronics/stm32cubeide_1.12.0/stm32cubeide/plugins/com.st.stm32cube.ide.mcu.externaltools.gnu-tools-for-stm32.10.3-2021.10.win32_1.0.200.202301161003/tools/bin/../lib/gcc/arm-none-eabi/10.3.1/../../../../arm-none-eabi/lib/thumb/v7-m/nofp\libc_nano.a(lib_a-memset.o)
 .ARM.attributes
                0x000000000000052a       0x2d c:/program files/stmicroelectronics/stm32cubeide_1.12.0/stm32cubeide/plugins/com.st.stm32cube.ide.mcu.externaltools.gnu-tools-for-stm32.10.3-2021.10.win32_1.0.200.202301161003/tools/bin/../lib/gcc/arm-none-eabi/10.3.1/../../../../arm-none-eabi/lib/thumb/v7-m/nofp\libc_nano.a(lib_a-nano-freer.o)
 .ARM.attributes
                0x0000000000000557       0x2d c:/program files/stmicroelectronics/stm32cubeide_1.12.0/stm32cubeide/plugins/com.st.stm32cube.ide.mcu.externaltools.gnu-tools-for-stm32.10.3-2021.10.win32_1.0.200.202301161003/tools/bin/../lib/gcc/arm-none-eabi/10.3.1/../../../../arm-none-eabi/lib/thumb/v7-m/nofp\libc_nano.a(lib_a-nano-mallocr.o)
 .ARM.attributes
                0x0000000000000584       0x2d c:/program files/stmicroelectronics/stm32cubeide_1.12.0/stm32cubeide/plugins/com.st.stm32cube.ide.mcu.externaltools.gnu-tools-for-stm32.10.3-2021.10.win32_1.0.200.202301161003/tools/bin/../lib/gcc/arm-none-eabi/10.3.1/../../../../arm-none-eabi/lib/thumb/v7-m/nofp\libc_nano.a(lib_a-sbrkr.o)
 .ARM.attributes
                0x00000000000005b1       0x2d c:/program files/stmicroelectronics/stm32cubeide_1.12.0/stm32cubeide/plugins/com.st.stm32cube.ide.mcu.externaltools.gnu-tools-for-stm32.10.3-2021.10.win32_1.0.200.202301161003/tools/bin/../lib/gcc/arm-none-eabi/10.3.1/../../../../arm-none-eabi/lib/thumb/v7-m/nofp\libc_nano.a(lib_a-mlock.o)
 .ARM.attributes
                0x00000000000005de       0x2d c:/program files/stmicroelectronics/stm32cubeide_1.12.0/stm32cubeide/plugins/com.st.stm32cube.ide.mcu.externaltools.gnu-tools-for-stm32.10.3-2021.10.win32_1.0.200.202301161003/tools/bin/../lib/gcc/arm-none-eabi/10.3.1/../../../../arm-none-eabi/lib/thumb/v7-m/nofp\libc_nano.a(lib_a-reent.o)
 .ARM.attributes
                0x000000000000060b       0x2d c:/program files/stmicroelectronics/stm32cubeide_1.12.0/stm32cubeide/plugins/com.st.stm32cube.ide.mcu.externaltools.gnu-tools-for-stm32.10.3-2021.10.win32_1.0.200.202301161003/tools/bin/../lib/gcc/arm-none-eabi/10.3.1/../../../../arm-none-eabi/lib/thumb/v7-m/nofp\libc_nano.a(lib_a-lock.o)
 .ARM.attributes
                0x0000000000000638       0x1d c:/program files/stmicroelectronics/stm32cubeide_1.12.0/stm32cubeide/plugins/com.st.stm32cube.ide.mcu.externaltools.gnu-tools-for-stm32.10.3-2021.10.win32_1.0.200.202301161003/tools/bin/../lib/gcc/arm-none-eabi/10.3.1/thumb/v7-m/nofp\libgcc.a(_arm_addsubdf3.o)
 .ARM.attributes
                0x0000000000000655       0x1d c:/program files/stmicroelectronics/stm32cubeide_1.12.0/stm32cubeide/plugins/com.st.stm32cube.ide.mcu.externaltools.gnu-tools-for-stm32.10.3-2021.10.win32_1.0.200.202301161003/tools/bin/../lib/gcc/arm-none-eabi/10.3.1/thumb/v7-m/nofp\libgcc.a(_arm_muldivdf3.o)
 .ARM.attributes
                0x0000000000000672       0x1d c:/program files/stmicroelectronics/stm32cubeide_1.12.0/stm32cubeide/plugins/com.st.stm32cube.ide.mcu.externaltools.gnu-tools-for-stm32.10.3-2021.10.win32_1.0.200.202301161003/tools/bin/../lib/gcc/arm-none-eabi/10.3.1/thumb/v7-m/nofp\libgcc.a(_arm_fixunsdfsi.o)
 .ARM.attributes
                0x000000000000068f       0x1d c:/program files/stmicroelectronics/stm32cubeide_1.12.0/stm32cubeide/plugins/com.st.stm32cube.ide.mcu.externaltools.gnu-tools-for-stm32.10.3-2021.10.win32_1.0.200.202301161003/tools/bin/../lib/gcc/arm-none-eabi/10.3.1/thumb/v7-m/nofp/crtn.o
OUTPUT(pulse_oximeter.elf elf32-littlearm)
LOAD linker stubs
LOAD c:/program files/stmicroelectronics/stm32cubeide_1.12.0/stm32cubeide/plugins/com.st.stm32cube.ide.mcu.externaltools.gnu-tools-for-stm32.10.3-2021.10.win32_1.0.200.202301161003/tools/bin/../lib/gcc/arm-none-eabi/10.3.1/../../../../arm-none-eabi/lib/thumb/v7-m/nofp\libc.a
LOAD c:/program files/stmicroelectronics/stm32cubeide_1.12.0/stm32cubeide/plugins/com.st.stm32cube.ide.mcu.externaltools.gnu-tools-for-stm32.10.3-2021.10.win32_1.0.200.202301161003/tools/bin/../lib/gcc/arm-none-eabi/10.3.1/../../../../arm-none-eabi/lib/thumb/v7-m/nofp\libm.a
LOAD c:/program files/stmicroelectronics/stm32cubeide_1.12.0/stm32cubeide/plugins/com.st.stm32cube.ide.mcu.externaltools.gnu-tools-for-stm32.10.3-2021.10.win32_1.0.200.202301161003/tools/bin/../lib/gcc/arm-none-eabi/10.3.1/thumb/v7-m/nofp\libgcc.a

.debug_info     0x0000000000000000    0x13a5f
 .debug_info    0x0000000000000000      0x5b9 ./Alghoritms/spo2_algorithm.o
 .debug_info    0x00000000000005b9      0x7df ./Core/Src/exp_measurement.o
 .debug_info    0x0000000000000d98      0x7c5 ./Core/Src/exp_protocol.o
 .debug_info    0x000000000000155d     0x1b49 ./Core/Src/main.o
 .debug_info    0x00000000000030a6     0x14c4 ./Core/Src/stm32f1xx_hal_msp.o
 .debug_info    0x000000000000456a      0xcaa ./Core/Src/stm32f1xx_it.o
 .debug_info    0x0000000000005214      0x171 ./Core/Src/sysmem.o
 .debug_info    0x0000000000005385      0x23d ./Core/Src/system_stm32f1xx.o
 .debug_info    0x00000000000055c2       0x22 ./Core/Startup/startup_stm32f103cbtx.o
 .debug_info    0x00000000000055e4     0x1218 ./Drivers/MAX30102/max30102_for_stm32_hal.o
 .debug_info    0x00000000000067fc      0x734 ./Drivers/STM32F1xx_HAL_Driver/Src/stm32f1xx_hal.o
 .debug_info    0x0000000000006f30      0xb20 ./Drivers/STM32F1xx_HAL_Driver/Src/stm32f1xx_hal_cortex.o
 .debug_info    0x0000000000007a50      0x73f ./Drivers/STM32F1xx_HAL_Driver/Src/stm32f1xx_hal_dma.o
 .debug_info    0x000000000000818f      0x615 ./Drivers/STM32F1xx_HAL_Driver/Src/stm32f1xx_hal_gpio.o
 .debug_info    0x00000000000087a4     0x2734 ./Drivers/STM32F1xx_HAL_Driver/Src/stm32f1xx_hal_i2c.o
 .debug_info    0x000000000000aed8      0x860 ./Drivers/STM32F1xx_HAL_Driver/Src/stm32f1xx_hal_rcc.o
 .debug_info    0x000000000000b738     0x1658 ./Drivers/STM32F1xx_HAL_Driver/Src/stm32f1xx_hal_spi.o
 .debug_info    0x000000000000cd90     0x29de ./Drivers/STM32F1xx_HAL_Driver/Src/stm32f1xx_hal_tim.o
 .debug_info    0x000000000000f76e     0x1513 ./Drivers/STM32F1xx_HAL_Driver/Src/stm32f1xx_hal_tim_ex.o
 .debug_info    0x0000000000010c81     0x15d8 ./Drivers/STM32F1xx_HAL_Driver/Src/stm32f1xx_hal_uart.o
 .debug_info    0x0000000000012259      0x974 ./Libraries/Src/SPI_Connection.o
 .debug_info    0x0000000000012bcd      0xe92 ./Libraries/Src/sensor_utils.o

.debug_abbrev   0x0000000000000000     0x2d73
 .debug_abbrev  0x0000000000000000      0x170 ./Alghoritms/spo2_algorithm.o
 .debug_abbrev  0x0000000000000170      0x1de ./Core/Src/exp_measurement.o
 .debug_abbrev  0x000000000000034e      0x1e6 ./Core/Src/exp_protocol.o
 .debug_abbrev  0x0000000000000534      0x33d ./Core/Src/main.o
 .debug_abbrev  0x0000000000000871      0x203 ./Core/Src/stm32f1xx_hal_msp.o
 .debug_abbrev  0x0000000000000a74      0x1c4 ./Core/Src/stm32f1xx_it.o
 .debug_abbrev  0x0000000000000c38       0xbb ./Core/Src/sysmem.o
 .debug_abbrev  0x0000000000000cf3      0x13b ./Core/Src/system_stm32f1xx.o
 .debug_abbrev  0x0000000000000e2e       0x12 ./Core/Startup/startup_stm32f103cbtx.o
 .debug_abbrev  0x0000000000000e40      0x314 ./Drivers/MAX30102/max30102_for_stm32_hal.o
 .debug_abbrev  0x0000000000001154      0x1fb ./Drivers/STM32F1xx_HAL_Driver/Src/stm32f1xx_hal.o
 .debug_abbrev  0x000000000000134f      0x2ed ./Drivers/STM32F1xx_HAL_Driver/Src/stm32f1xx_hal_cortex.o
 .debug_abbrev  0x000000000000163c      0x1fe ./Drivers/STM32F1xx_HAL_Driver/Src/stm32f1xx_hal_dma.o
 .debug_abbrev  0x000000000000183a      0x1bb ./Drivers/STM32F1xx_HAL_Driver/Src/stm32f1xx_hal_gpio.o
 .debug_abbrev  0x00000000000019f5      0x288 ./Drivers/STM32F1xx_HAL_Driver/Src/stm32f1xx_hal_i2c.o
 .debug_abbrev  0x0000000000001c7d      0x2a8 ./Drivers/STM32F1xx_HAL_Driver/Src/stm32f1xx_hal_rcc.o
 .debug_abbrev  0x0000000000001f25      0x26e ./Drivers/STM32F1xx_HAL_Driver/Src/stm32f1xx_hal_spi.o
 .debug_abbrev  0x0000000000002193      0x25d ./Drivers/STM32F1xx_HAL_Driver/Src/stm32f1xx_hal_tim.o
 .debug_abbrev  0x00000000000023f0      0x265 ./Drivers/STM32F1xx_HAL_Driver/Src/stm32f1xx_hal_tim_ex.o
 .debug_abbrev  0x0000000000002655      0x278 ./Drivers/STM32F1xx_HAL_Driver/Src/stm32f1xx_hal_uart.o
 .debug_abbrev  0x00000000000028cd      0x267 ./Libraries/Src/SPI_Connection.o
 .debug_abbrev  0x0000000000002b34      0x23f ./Libraries/Src/sensor_utils.o

.debug_aranges  0x0000000000000000     0x1340
 .debug_aranges
                0x0000000000000000       0x48 ./Alghoritms/spo2_algorithm.o
 .debug_aranges
                0x0000000000000048       0x40 ./Core/Src/exp_measurement.o
 .debug_aranges
                0x0000000000000088       0x38 ./Core/Src/exp_protocol.o
 .debug_aranges
                0x00000000000000c0       0x80 ./Core/Src/main.o
 .debug_aranges
                0x0000000000000140       0x68 ./Core/Src/stm32f1xx_hal_msp.o
 .debug_aranges
                0x00000000000001a8       0x90 ./Core/Src/stm32f1xx_it.o
 .debug_aranges
                0x0000000000000238       0x20 ./Core/Src/sysmem.o
 .debug_aranges
                0x0000000000000258       0x28 ./Core/Src/system_stm32f1xx.o
 .debug_aranges
                0x0000000000000280       0x28 ./Core/Startup/startup_stm32f103cbtx.o
 .debug_aranges
                0x00000000000002a8      0x100 ./Drivers/MAX30102/max30102_for_stm32_hal.o
 .debug_aranges
                0x00000000000003a8       0xe0 ./Drivers/STM32F1xx_HAL_Driver/Src/stm32f1xx_hal.o
 .debug_aranges
                0x0000000000000488      0x100 ./Drivers/STM32F1xx_HAL_Driver/Src/stm32f1xx_hal_cortex.o
 .debug_aranges
                0x0000000000000588       0x80 ./Drivers/STM32F1xx_HAL_Driver/Src/stm32f1xx_hal_dma.o
 .debug_aranges
                0x0000000000000608       0x58 ./Drivers/STM32F1xx_HAL_Driver/Src/stm32f1xx_hal_gpio.o
 .debug_aranges
                0x0000000000000660      0x2a0 ./Drivers/STM32F1xx_HAL_Driver/Src/stm32f1xx_hal_i2c.o
 .debug_aranges
                0x0000000000000900       0x90 ./Drivers/STM32F1xx_HAL_Driver/Src/stm32f1xx_hal_rcc.o
 .debug_aranges
                0x0000000000000990      0x1d0 ./Drivers/STM32F1xx_HAL_Driver/Src/stm32f1xx_hal_spi.o
 .debug_aranges
                0x0000000000000b60      0x3d0 ./Drivers/STM32F1xx_HAL_Driver/Src/stm32f1xx_hal_tim.o
 .debug_aranges
                0x0000000000000f30      0x168 ./Drivers/STM32F1xx_HAL_Driver/Src/stm32f1xx_hal_tim_ex.o
 .debug_aranges
                0x0000000000001098      0x200 ./Drivers/STM32F1xx_HAL_Driver/Src/stm32f1xx_hal_uart.o
 .debug_aranges
                0x0000000000001298       0x50 ./Libraries/Src/SPI_Connection.o
 .debug_aranges
                0x00000000000012e8       0x58 ./Libraries/Src/sensor_utils.o

.debug_ranges   0x0000000000000000     0x1240
 .debug_ranges  0x0000000000000000       0x38 ./Alghoritms/spo2_algorithm.o
 .debug_ranges  0x0000000000000038       0x30 ./Core/Src/exp_measurement.o
 .debug_ranges  0x0000000000000068       0x28 ./Core/Src/exp_protocol.o
 .debug_ranges  0x0000000000000090       0x70 ./Core/Src/main.o
 .debug_ranges  0x0000000000000100       0x58 ./Core/Src/stm32f1xx_hal_msp.o
 .debug_ranges  0x0000000000000158       0x80 ./Core/Src/stm32f1xx_it.o
 .debug_ranges  0x00000000000001d8       0x10 ./Core/Src/sysmem.o
 .debug_ranges  0x00000000000001e8       0x18 ./Core/Src/system_stm32f1xx.o
 .debug_ranges  0x0000000000000200       0x20 ./Core/Startup/startup_stm32f103cbtx.o
 .debug_ranges  0x0000000000000220       0xf0 ./Drivers/MAX30102/max30102_for_stm32_hal.o
 .debug_ranges  0x0000000000000310       0xd0 ./Drivers/STM32F1xx_HAL_Driver/Src/stm32f1xx_hal.o
 .debug_ranges  0x00000000000003e0       0xf0 ./Drivers/STM32F1xx_HAL_Driver/Src/stm32f1xx_hal_cortex.o
 .debug_ranges  0x00000000000004d0       0x70 ./Drivers/STM32F1xx_HAL_Driver/Src/stm32f1xx_hal_dma.o
 .debug_ranges  0x0000000000000540       0x48 ./Drivers/STM32F1xx_HAL_Driver/Src/stm32f1xx_hal_gpio.o
 .debug_ranges  0x0000000000000588      0x2b8 ./Drivers/STM32F1xx_HAL_Driver/Src/stm32f1xx_hal_i2c.o
 .debug_ranges  0x0000000000000840       0x80 ./Drivers/STM32F1xx_HAL_Driver/Src/stm32f1xx_hal_rcc.o
 .debug_ranges  0x00000000000008c0      0x1c0 ./Drivers/STM32F1xx_HAL_Driver/Src/stm32f1xx_hal_spi.o
 .debug_ranges  0x0000000000000a80      0x3c0 ./Drivers/STM32F1xx_HAL_Driver/Src/stm32f1xx_hal_tim.o
 .debug_ranges  0x0000000000000e40      0x158 ./Drivers/STM32F1xx_HAL_Driver/Src/stm32f1xx_hal_tim_ex.o
 .debug_ranges  0x0000000000000f98      0x220 ./Drivers/STM32F1xx_HAL_Driver/Src/stm32f1xx_hal_uart.o
 .debug_ranges  0x00000000000011b8       0x40 ./Libraries/Src/SPI_Connection.o
 .debug_ranges  0x00000000000011f8       0x48 ./Libraries/Src/sensor_utils.o

.debug_macro    0x0000000000000000    0x19c6e
 .debug_macro   0x0000000000000000      0x1b5 ./Alghoritms/spo2_algorithm.o
 .debug_macro   0x00000000000001b5      0xa6c ./Alghoritms/spo2_algorithm.o
 .debug_macro   0x0000000000000c21       0x22 ./Alghoritms/spo2_algorithm.o
 .debug_macro   0x0000000000000c43       0x22 ./Alghoritms/spo2_algorithm.o
 .debug_macro   0x0000000000000c65       0x4c ./Alghoritms/spo2_algorithm.o
 .debug_macro   0x0000000000000cb1       0x18 ./Alghoritms/spo2_algorithm.o
 .debug_macro   0x0000000000000cc9       0x94 ./Alghoritms/spo2_algorithm.o
 .debug_macro   0x0000000000000d5d       0x3c ./Alghoritms/spo2_algorithm.o
 .debug_macro   0x0000000000000d99       0x34 ./Alghoritms/spo2_algorithm.o
 .debug_macro   0x0000000000000dcd       0x16 ./Alghoritms/spo2_algorithm.o
 .debug_macro   0x0000000000000de3       0x57 ./Alghoritms/spo2_algorithm.o
 .debug_macro   0x0000000000000e3a       0x97 ./Alghoritms/spo2_algorithm.o
 .debug_macro   0x0000000000000ed1      0x341 ./Alghoritms/spo2_algorithm.o
 .debug_macro   0x0000000000001212       0xfd ./Alghoritms/spo2_algorithm.o
 .debug_macro   0x000000000000130f       0x10 ./Alghoritms/spo2_algorithm.o
 .debug_macro   0x000000000000131f       0x16 ./Alghoritms/spo2_algorithm.o
 .debug_macro   0x0000000000001335       0x43 ./Alghoritms/spo2_algorithm.o
 .debug_macro   0x0000000000001378       0x34 ./Alghoritms/spo2_algorithm.o
 .debug_macro   0x00000000000013ac       0x10 ./Alghoritms/spo2_algorithm.o
 .debug_macro   0x00000000000013bc       0x58 ./Alghoritms/spo2_algorithm.o
 .debug_macro   0x0000000000001414       0x71 ./Alghoritms/spo2_algorithm.o
 .debug_macro   0x0000000000001485       0x1c ./Alghoritms/spo2_algorithm.o
 .debug_macro   0x00000000000014a1      0x12a ./Alghoritms/spo2_algorithm.o
 .debug_macro   0x00000000000015cb       0x10 ./Alghoritms/spo2_algorithm.o
 .debug_macro   0x00000000000015db       0x6a ./Alghoritms/spo2_algorithm.o
 .debug_macro   0x0000000000001645       0x1c ./Alghoritms/spo2_algorithm.o
 .debug_macro   0x0000000000001661       0x52 ./Alghoritms/spo2_algorithm.o
 .debug_macro   0x00000000000016b3       0x22 ./Alghoritms/spo2_algorithm.o
 .debug_macro   0x00000000000016d5       0x10 ./Alghoritms/spo2_algorithm.o
 .debug_macro   0x00000000000016e5       0x52 ./Alghoritms/spo2_algorithm.o
 .debug_macro   0x0000000000001737       0xd5 ./Alghoritms/spo2_algorithm.o
 .debug_macro   0x000000000000180c       0x1c ./Alghoritms/spo2_algorithm.o
 .debug_macro   0x0000000000001828       0x3d ./Alghoritms/spo2_algorithm.o
 .debug_macro   0x0000000000001865       0x16 ./Alghoritms/spo2_algorithm.o
 .debug_macro   0x000000000000187b      0x145 ./Alghoritms/spo2_algorithm.o
 .debug_macro   0x00000000000019c0       0x22 ./Alghoritms/spo2_algorithm.o
 .debug_macro   0x00000000000019e2      0x1cf ./Core/Src/exp_measurement.o
 .debug_macro   0x0000000000001bb1       0x1c ./Core/Src/exp_measurement.o
 .debug_macro   0x0000000000001bcd      0x227 ./Core/Src/exp_measurement.o
 .debug_macro   0x0000000000001df4       0x2e ./Core/Src/exp_measurement.o
 .debug_macro   0x0000000000001e22       0x22 ./Core/Src/exp_measurement.o
 .debug_macro   0x0000000000001e44       0x8e ./Core/Src/exp_measurement.o
 .debug_macro   0x0000000000001ed2       0x51 ./Core/Src/exp_measurement.o
 .debug_macro   0x0000000000001f23      0x103 ./Core/Src/exp_measurement.o
 .debug_macro   0x0000000000002026      0x1df ./Core/Src/exp_measurement.o
 .debug_macro   0x0000000000002205       0x1c ./Core/Src/exp_measurement.o
 .debug_macro   0x0000000000002221       0x22 ./Core/Src/exp_measurement.o
 .debug_macro   0x0000000000002243       0xbd ./Core/Src/exp_measurement.o
 .debug_macro   0x0000000000002300      0xd23 ./Core/Src/exp_measurement.o
 .debug_macro   0x0000000000003023     0xe09e ./Core/Src/exp_measurement.o
 .debug_macro   0x00000000000110c1       0x6d ./Core/Src/exp_measurement.o
 .debug_macro   0x000000000001112e     0x3468 ./Core/Src/exp_measurement.o
 .debug_macro   0x0000000000014596      0x174 ./Core/Src/exp_measurement.o
 .debug_macro   0x000000000001470a       0x5c ./Core/Src/exp_measurement.o
 .debug_macro   0x0000000000014766      0x5be ./Core/Src/exp_measurement.o
 .debug_macro   0x0000000000014d24      0x289 ./Core/Src/exp_measurement.o
 .debug_macro   0x0000000000014fad      0x1cb ./Core/Src/exp_measurement.o
 .debug_macro   0x0000000000015178      0x114 ./Core/Src/exp_measurement.o
 .debug_macro   0x000000000001528c      0x1b2 ./Core/Src/exp_measurement.o
 .debug_macro   0x000000000001543e       0x27 ./Core/Src/exp_measurement.o
 .debug_macro   0x0000000000015465      0x136 ./Core/Src/exp_measurement.o
 .debug_macro   0x000000000001559b      0x1bc ./Core/Src/exp_measurement.o
 .debug_macro   0x0000000000015757       0x34 ./Core/Src/exp_measurement.o
 .debug_macro   0x000000000001578b       0x3c ./Core/Src/exp_measurement.o
 .debug_macro   0x00000000000157c7       0x57 ./Core/Src/exp_measurement.o
 .debug_macro   0x000000000001581e       0x88 ./Core/Src/exp_measurement.o
 .debug_macro   0x00000000000158a6      0x241 ./Core/Src/exp_measurement.o
 .debug_macro   0x0000000000015ae7      0x287 ./Core/Src/exp_measurement.o
 .debug_macro   0x0000000000015d6e      0x141 ./Core/Src/exp_measurement.o
 .debug_macro   0x0000000000015eaf      0x217 ./Core/Src/exp_measurement.o
 .debug_macro   0x00000000000160c6      0x8d1 ./Core/Src/exp_measurement.o
 .debug_macro   0x0000000000016997      0x279 ./Core/Src/exp_measurement.o
 .debug_macro   0x0000000000016c10       0x83 ./Core/Src/exp_measurement.o
 .debug_macro   0x0000000000016c93      0x2b6 ./Core/Src/exp_protocol.o
 .debug_macro   0x0000000000016f49       0x46 ./Core/Src/exp_protocol.o
 .debug_macro   0x0000000000016f8f       0x52 ./Core/Src/exp_protocol.o
 .debug_macro   0x0000000000016fe1       0x10 ./Core/Src/exp_protocol.o
 .debug_macro   0x0000000000016ff1       0x35 ./Core/Src/exp_protocol.o
 .debug_macro   0x0000000000017026       0x20 ./Core/Src/exp_protocol.o
 .debug_macro   0x0000000000017046      0x3f3 ./Core/Src/main.o
 .debug_macro   0x0000000000017439       0x1c ./Core/Src/main.o
 .debug_macro   0x0000000000017455       0x16 ./Core/Src/main.o
 .debug_macro   0x000000000001746b       0x16 ./Core/Src/main.o
 .debug_macro   0x0000000000017481       0x16 ./Core/Src/main.o
 .debug_macro   0x0000000000017497       0x29 ./Core/Src/main.o
 .debug_macro   0x00000000000174c0      0x106 ./Core/Src/main.o
 .debug_macro   0x00000000000175c6      0x1cf ./Core/Src/stm32f1xx_hal_msp.o
 .debug_macro   0x0000000000017795      0x1d9 ./Core/Src/stm32f1xx_it.o
 .debug_macro   0x000000000001796e       0xff ./Core/Src/sysmem.o
 .debug_macro   0x0000000000017a6d      0x23b ./Core/Src/sysmem.o
 .debug_macro   0x0000000000017ca8      0x1b7 ./Core/Src/system_stm32f1xx.o
 .debug_macro   0x0000000000017e5f      0x3ab ./Drivers/MAX30102/max30102_for_stm32_hal.o
 .debug_macro   0x000000000001820a      0x1db ./Drivers/STM32F1xx_HAL_Driver/Src/stm32f1xx_hal.o
 .debug_macro   0x00000000000183e5      0x1b7 ./Drivers/STM32F1xx_HAL_Driver/Src/stm32f1xx_hal_cortex.o
 .debug_macro   0x000000000001859c      0x1b7 ./Drivers/STM32F1xx_HAL_Driver/Src/stm32f1xx_hal_dma.o
 .debug_macro   0x0000000000018753      0x222 ./Drivers/STM32F1xx_HAL_Driver/Src/stm32f1xx_hal_gpio.o
 .debug_macro   0x0000000000018975      0x1fe ./Drivers/STM32F1xx_HAL_Driver/Src/stm32f1xx_hal_i2c.o
 .debug_macro   0x0000000000018b73      0x1c9 ./Drivers/STM32F1xx_HAL_Driver/Src/stm32f1xx_hal_rcc.o
 .debug_macro   0x0000000000018d3c      0x1bf ./Drivers/STM32F1xx_HAL_Driver/Src/stm32f1xx_hal_spi.o
 .debug_macro   0x0000000000018efb      0x1b8 ./Drivers/STM32F1xx_HAL_Driver/Src/stm32f1xx_hal_tim.o
 .debug_macro   0x00000000000190b3      0x1b7 ./Drivers/STM32F1xx_HAL_Driver/Src/stm32f1xx_hal_tim_ex.o
 .debug_macro   0x000000000001926a      0x1b8 ./Drivers/STM32F1xx_HAL_Driver/Src/stm32f1xx_hal_uart.o
 .debug_macro   0x0000000000019422      0x384 ./Libraries/Src/SPI_Connection.o
 .debug_macro   0x00000000000197a6       0x56 ./Libraries/Src/SPI_Connection.o
 .debug_macro   0x00000000000197fc       0x16 ./Libraries/Src/SPI_Connection.o
 .debug_macro   0x0000000000019812       0x6a ./Libraries/Src/SPI_Connection.o
 .debug_macro   0x000000000001987c      0x3d6 ./Libraries/Src/sensor_utils.o
 .debug_macro   0x0000000000019c52       0x1c ./Libraries/Src/sensor_utils.o

.debug_line     0x0000000000000000    0x17ca0
 .debug_line    0x0000000000000000      0xcfa ./Alghoritms/spo2_algorithm.o
 .debug_line    0x0000000000000cfa      0x85f ./Core/Src/exp_measurement.o
 .debug_line    0x0000000000001559      0xa9b ./Core/Src/exp_protocol.o
 .debug_line    0x0000000000001ff4     0x1049 ./Core/Src/main.o
 .debug_line    0x000000000000303d      0x9b8 ./Core/Src/stm32f1xx_hal_msp.o
 .debug_line    0x00000000000039f5      0x912 ./Core/Src/stm32f1xx_it.o
 .debug_line    0x0000000000004307      0x6e6 ./Core/Src/sysmem.o
 .debug_line    0x00000000000049ed      0x82e ./Core/Src/system_stm32f1xx.o
 .debug_line    0x000000000000521b       0x87 ./Core/Startup/startup_stm32f103cbtx.o
 .debug_line    0x00000000000052a2     0x10e8 ./Drivers/MAX30102/max30102_for_stm32_hal.o
 .debug_line    0x000000000000638a      0xa5b ./Drivers/STM32F1xx_HAL_Driver/Src/stm32f1xx_hal.o
 .debug_line    0x0000000000006de5      0xc43 ./Drivers/STM32F1xx_HAL_Driver/Src/stm32f1xx_hal_cortex.o
 .debug_line    0x0000000000007a28      0xeb3 ./Drivers/STM32F1xx_HAL_Driver/Src/stm32f1xx_hal_dma.o
 .debug_line    0x00000000000088db      0xaf2 ./Drivers/STM32F1xx_HAL_Driver/Src/stm32f1xx_hal_gpio.o
 .debug_line    0x00000000000093cd     0x3b45 ./Drivers/STM32F1xx_HAL_Driver/Src/stm32f1xx_hal_i2c.o
 .debug_line    0x000000000000cf12      0xe69 ./Drivers/STM32F1xx_HAL_Driver/Src/stm32f1xx_hal_rcc.o
 .debug_line    0x000000000000dd7b     0x1ce0 ./Drivers/STM32F1xx_HAL_Driver/Src/stm32f1xx_hal_spi.o
 .debug_line    0x000000000000fa5b     0x3411 ./Drivers/STM32F1xx_HAL_Driver/Src/stm32f1xx_hal_tim.o
 .debug_line    0x0000000000012e6c     0x1983 ./Drivers/STM32F1xx_HAL_Driver/Src/stm32f1xx_hal_tim_ex.o
 .debug_line    0x00000000000147ef     0x1b36 ./Drivers/STM32F1xx_HAL_Driver/Src/stm32f1xx_hal_uart.o
 .debug_line    0x0000000000016325      0xc79 ./Libraries/Src/SPI_Connection.o
 .debug_line    0x0000000000016f9e      0xd02 ./Libraries/Src/sensor_utils.o

.debug_str      0x0000000000000000    0x8ff45
 .debug_str     0x0000000000000000     0x744c ./Alghoritms/spo2_algorithm.o
                                       0x75de (size before relaxing)
 .debug_str     0x000000000000744c    0x82e6f ./Core/Src/exp_measurement.o
                                      0x86678 (size before relaxing)
 .debug_str     0x000000000008a2bb      0x47a ./Core/Src/exp_protocol.o
                                      0x89524 (size before relaxing)
 .debug_str     0x000000000008a735     0x123a ./Core/Src/main.o
                                      0x8ba1b (size before relaxing)
 .debug_str     0x000000000008b96f      0x126 ./Core/Src/stm32f1xx_hal_msp.o
                                      0x87025 (size before relaxing)
 .debug_str     0x000000000008ba95      0x173 ./Core/Src/stm32f1xx_it.o
                                      0x86a81 (size before relaxing)
 .debug_str     0x000000000008bc08      0x4da ./Core/Src/sysmem.o
                                       0x5d76 (size before relaxing)
 .debug_str     0x000000000008c0e2       0x7e ./Core/Src/system_stm32f1xx.o
                                      0x8600a (size before relaxing)
 .debug_str     0x000000000008c160       0x6b ./Core/Startup/startup_stm32f103cbtx.o
 .debug_str     0x000000000008c1cb      0x601 ./Drivers/MAX30102/max30102_for_stm32_hal.o
                                      0x8afd4 (size before relaxing)
 .debug_str     0x000000000008c7cc      0x384 ./Drivers/STM32F1xx_HAL_Driver/Src/stm32f1xx_hal.o
                                      0x8673d (size before relaxing)
 .debug_str     0x000000000008cb50      0x28a ./Drivers/STM32F1xx_HAL_Driver/Src/stm32f1xx_hal_cortex.o
                                      0x86689 (size before relaxing)
 .debug_str     0x000000000008cdda      0x230 ./Drivers/STM32F1xx_HAL_Driver/Src/stm32f1xx_hal_dma.o
                                      0x863b3 (size before relaxing)
 .debug_str     0x000000000008d00a      0x2b5 ./Drivers/STM32F1xx_HAL_Driver/Src/stm32f1xx_hal_gpio.o
                                      0x86390 (size before relaxing)
 .debug_str     0x000000000008d2bf      0xb20 ./Drivers/STM32F1xx_HAL_Driver/Src/stm32f1xx_hal_i2c.o
                                      0x8707e (size before relaxing)