../Core/Src/main.c:97:6:writeDataToFlash	16	static
../Core/Src/main.c:121:5:main	24	static
../Core/Src/main.c:204:6:SystemClock_Config	72	static
../Core/Src/main.c:244:13:MX_I2C1_Init	8	static
../Core/Src/main.c:278:13:MX_SPI1_Init	8	static
../Core/Src/main.c:316:13:MX_SPI2_Init	8	static
../Core/Src/main.c:353:13:MX_TIM2_Init	64	static
../Core/Src/main.c:416:13:MX_TIM3_Init	32	static
../Core/Src/main.c:461:13:MX_TIM4_Init	32	static
../Core/Src/main.c:506:13:MX_USART1_UART_Init	8	static
../Core/Src/main.c:539:13:MX_GPIO_Init	40	static
../Core/Src/main.c:592:6:Error_Handler	4	static,ignoring_inline_asm
