../Core/Src/main.c:102:6:writeDataToFlash	16	static
../Core/Src/main.c:126:5:main	24	static
../Core/Src/main.c:213:6:SystemClock_Config	72	static
../Core/Src/main.c:253:13:MX_I2C1_Init	8	static
../Core/Src/main.c:287:13:MX_SPI1_Init	8	static
../Core/Src/main.c:325:13:MX_SPI2_Init	8	static
../Core/Src/main.c:362:13:MX_TIM1_Init	32	static
../Core/Src/main.c:408:13:MX_TIM2_Init	64	static
../Core/Src/main.c:471:13:MX_TIM3_Init	32	static
../Core/Src/main.c:516:13:MX_TIM4_Init	32	static
../Core/Src/main.c:561:13:MX_USART1_UART_Init	8	static
../Core/Src/main.c:594:13:MX_GPIO_Init	40	static
../Core/Src/main.c:647:6:Error_Handler	4	static,ignoring_inline_asm
