../Libraries/Src/protocol_parser.c:95:6:updateNumAvailableMeasData	16	static
../Libraries/Src/protocol_parser.c:130:6:setFSMProtocolState	16	static
../Libraries/Src/protocol_parser.c:135:6:fillDataFrame	16	static
../Libraries/Src/protocol_parser.c:165:6:fillDataField	16	static
../Libraries/Src/protocol_parser.c:213:6:fillResponseFrame	24	static
../Libraries/Src/protocol_parser.c:250:6:sendPreviousResponse	8	static
../Libraries/Src/protocol_parser.c:263:6:updateSavedResponse	24	static
../Libraries/Src/protocol_parser.c:287:6:parserFSM	8	static
../Libraries/Src/protocol_parser.c:455:6:checkCRC32	24	static
../Libraries/Src/protocol_parser.c:472:10:calculateCRC32	24	static
../Libraries/Src/protocol_parser.c:480:6:sensorInit	8	static
../Libraries/Src/protocol_parser.c:499:6:sendInitCTRL	4	static
../Libraries/Src/protocol_parser.c:504:6:sendRxCompleteCTRL	4	static
../Libraries/Src/protocol_parser.c:510:6:resetFSMProtocol	8	static
